2026-06-01 18:34:55,005 [INFO] Initialized Experiment Logger for: exp-A_videomae_subj1_split1.0
2026-06-01 18:34:55,005 [INFO] Hyperparameters saved to Results/exp-A_videomae_subj1_split1.0_2026-06-01_18-34-55/hyperparams.json
2026-06-01 18:34:55,005 [INFO] --- Fold for Test Subject 1 ---
2026-06-01 18:37:13,182 [INFO] Epoch 0 | Train Loss: 1.3569 | Val Loss: 0.0000 | Acc: 0.5000 | F1: 0.0000 | P: 0.0000 | R: 0.0000
2026-06-01 18:37:13,391 [INFO] Saved confusion matrix and qualitative samples to Results/exp-A_videomae_subj1_split1.0_2026-06-01_18-34-55
2026-06-01 18:37:14,119 [INFO] Saved last model to Data/models/exp-A_videomae_subj1_split1.0/model_last.pth
2026-06-01 18:37:14,976 [INFO] Saved new best model to Data/models/exp-A_videomae_subj1_split1.0/model_best.pth
2026-06-01 18:39:33,807 [INFO] Epoch 1 | Train Loss: 0.8331 | Val Loss: 0.0000 | Acc: 0.5000 | F1: 0.0000 | P: 0.0000 | R: 0.0000
2026-06-01 18:39:34,004 [INFO] Saved confusion matrix and qualitative samples to Results/exp-A_videomae_subj1_split1.0_2026-06-01_18-34-55
2026-06-01 18:40:16,256 [INFO] Saved last model to Data/models/exp-A_videomae_subj1_split1.0/model_last.pth
2026-06-01 18:41:18,057 [INFO] Saved new best model to Data/models/exp-A_videomae_subj1_split1.0/model_best.pth
2026-06-01 18:43:50,093 [INFO] Epoch 2 | Train Loss: 0.7633 | Val Loss: 0.0000 | Acc: 0.6562 | F1: 0.4762 | P: 1.0000 | R: 0.3125
2026-06-01 18:43:50,293 [INFO] Saved confusion matrix and qualitative samples to Results/exp-A_videomae_subj1_split1.0_2026-06-01_18-34-55
2026-06-01 18:44:04,093 [INFO] Saved last model to Data/models/exp-A_videomae_subj1_split1.0/model_last.pth
2026-06-01 18:44:45,517 [INFO] Saved new best model to Data/models/exp-A_videomae_subj1_split1.0/model_best.pth
2026-06-01 18:47:10,844 [INFO] Epoch 3 | Train Loss: 0.7112 | Val Loss: 0.0000 | Acc: 0.5625 | F1: 0.2222 | P: 1.0000 | R: 0.1250
2026-06-01 18:47:48,325 [INFO] Saved last model to Data/models/exp-A_videomae_subj1_split1.0/model_last.pth
2026-06-01 18:50:13,800 [INFO] Epoch 4 | Train Loss: 0.6976 | Val Loss: 0.0000 | Acc: 0.5000 | F1: 0.6667 | P: 0.5000 | R: 1.0000
2026-06-01 18:50:14,002 [INFO] Saved confusion matrix and qualitative samples to Results/exp-A_videomae_subj1_split1.0_2026-06-01_18-34-55
2026-06-01 18:51:07,756 [INFO] Saved last model to Data/models/exp-A_videomae_subj1_split1.0/model_last.pth
2026-06-01 18:52:01,454 [INFO] Saved new best model to Data/models/exp-A_videomae_subj1_split1.0/model_best.pth
2026-06-01 18:54:23,597 [INFO] Epoch 5 | Train Loss: 0.6740 | Val Loss: 0.0000 | Acc: 0.6875 | F1: 0.7619 | P: 0.6154 | R: 1.0000
2026-06-01 18:54:23,788 [INFO] Saved confusion matrix and qualitative samples to Results/exp-A_videomae_subj1_split1.0_2026-06-01_18-34-55
2026-06-01 18:55:16,731 [INFO] Saved last model to Data/models/exp-A_videomae_subj1_split1.0/model_last.pth
2026-06-01 18:56:34,964 [INFO] Saved new best model to Data/models/exp-A_videomae_subj1_split1.0/model_best.pth
2026-06-01 18:58:53,192 [INFO] Epoch 6 | Train Loss: 0.6829 | Val Loss: 0.0000 | Acc: 0.5312 | F1: 0.6809 | P: 0.5161 | R: 1.0000
2026-06-01 19:01:09,111 [INFO] Saved last model to Data/models/exp-A_videomae_subj1_split1.0/model_last.pth
2026-06-01 19:03:27,129 [INFO] Epoch 7 | Train Loss: 0.6654 | Val Loss: 0.0000 | Acc: 0.6875 | F1: 0.7619 | P: 0.6154 | R: 1.0000
2026-06-01 19:03:27,324 [INFO] Saved confusion matrix and qualitative samples to Results/exp-A_videomae_subj1_split1.0_2026-06-01_18-34-55
2026-06-01 19:05:39,057 [INFO] Saved last model to Data/models/exp-A_videomae_subj1_split1.0/model_last.pth
2026-06-01 19:08:01,360 [INFO] Saved new best model to Data/models/exp-A_videomae_subj1_split1.0/model_best.pth
2026-06-01 19:10:20,864 [INFO] Epoch 8 | Train Loss: 0.5374 | Val Loss: 0.0000 | Acc: 0.6875 | F1: 0.7619 | P: 0.6154 | R: 1.0000
2026-06-01 19:10:21,061 [INFO] Saved confusion matrix and qualitative samples to Results/exp-A_videomae_subj1_split1.0_2026-06-01_18-34-55
2026-06-01 19:10:51,779 [INFO] Saved last model to Data/models/exp-A_videomae_subj1_split1.0/model_last.pth
2026-06-01 19:13:12,760 [INFO] Saved new best model to Data/models/exp-A_videomae_subj1_split1.0/model_best.pth
2026-06-01 19:15:35,925 [INFO] Epoch 9 | Train Loss: 0.5462 | Val Loss: 0.0000 | Acc: 0.6875 | F1: 0.7619 | P: 0.6154 | R: 1.0000
2026-06-01 19:15:36,114 [INFO] Saved confusion matrix and qualitative samples to Results/exp-A_videomae_subj1_split1.0_2026-06-01_18-34-55
2026-06-01 19:16:12,192 [INFO] Saved last model to Data/models/exp-A_videomae_subj1_split1.0/model_last.pth
2026-06-01 19:18:29,133 [INFO] Saved new best model to Data/models/exp-A_videomae_subj1_split1.0/model_best.pth
2026-06-01 19:20:49,898 [INFO] Epoch 10 | Train Loss: 0.4620 | Val Loss: 0.0000 | Acc: 0.5312 | F1: 0.6809 | P: 0.5161 | R: 1.0000
2026-06-01 19:23:04,057 [INFO] Saved last model to Data/models/exp-A_videomae_subj1_split1.0/model_last.pth
2026-06-01 19:25:21,753 [INFO] Epoch 11 | Train Loss: 0.3682 | Val Loss: 0.0000 | Acc: 0.5625 | F1: 0.5333 | P: 0.5714 | R: 0.5000
2026-06-01 19:27:40,145 [INFO] Saved last model to Data/models/exp-A_videomae_subj1_split1.0/model_last.pth
2026-06-01 19:29:59,531 [INFO] Epoch 12 | Train Loss: 0.4785 | Val Loss: 0.0000 | Acc: 0.5000 | F1: 0.6667 | P: 0.5000 | R: 1.0000
2026-06-01 19:32:26,619 [INFO] Saved last model to Data/models/exp-A_videomae_subj1_split1.0/model_last.pth
2026-06-01 19:34:51,379 [INFO] Epoch 13 | Train Loss: 0.3415 | Val Loss: 0.0000 | Acc: 0.4688 | F1: 0.6383 | P: 0.4839 | R: 0.9375
2026-06-01 19:37:00,974 [INFO] Saved last model to Data/models/exp-A_videomae_subj1_split1.0/model_last.pth
2026-06-01 19:39:20,290 [INFO] Epoch 14 | Train Loss: 0.3152 | Val Loss: 0.0000 | Acc: 0.4688 | F1: 0.6383 | P: 0.4839 | R: 0.9375
2026-06-01 19:41:35,401 [INFO] Saved last model to Data/models/exp-A_videomae_subj1_split1.0/model_last.pth
2026-06-01 19:44:01,570 [INFO] Epoch 15 | Train Loss: 0.3829 | Val Loss: 0.0000 | Acc: 0.4375 | F1: 0.5909 | P: 0.4643 | R: 0.8125
2026-06-01 19:46:15,567 [INFO] Saved last model to Data/models/exp-A_videomae_subj1_split1.0/model_last.pth
2026-06-01 19:48:43,768 [INFO] Epoch 16 | Train Loss: 0.3237 | Val Loss: 0.0000 | Acc: 0.4375 | F1: 0.6087 | P: 0.4667 | R: 0.8750
2026-06-01 19:49:11,941 [INFO] Saved last model to Data/models/exp-A_videomae_subj1_split1.0/model_last.pth
2026-06-01 19:51:36,028 [INFO] Epoch 17 | Train Loss: 0.1969 | Val Loss: 0.0000 | Acc: 0.4375 | F1: 0.6087 | P: 0.4667 | R: 0.8750
2026-06-01 19:52:30,384 [INFO] Saved last model to Data/models/exp-A_videomae_subj1_split1.0/model_last.pth
2026-06-01 19:54:52,427 [INFO] Epoch 18 | Train Loss: 0.2517 | Val Loss: 0.0000 | Acc: 0.4688 | F1: 0.5854 | P: 0.4800 | R: 0.7500
2026-06-01 19:55:20,384 [INFO] Saved last model to Data/models/exp-A_videomae_subj1_split1.0/model_last.pth
2026-06-01 19:57:41,262 [INFO] Epoch 19 | Train Loss: 0.1269 | Val Loss: 0.0000 | Acc: 0.4062 | F1: 0.5581 | P: 0.4444 | R: 0.7500
2026-06-01 19:58:34,585 [INFO] Saved last model to Data/models/exp-A_videomae_subj1_split1.0/model_last.pth
2026-06-01 19:58:34,586 [INFO] Finished Subj 1 with Best F1: 0.7619
2026-06-01 19:58:34,586 [INFO] Initialized Experiment Logger for: exp-A_videomae_subj2_split1.0
2026-06-01 19:58:34,586 [INFO] Hyperparameters saved to Results/exp-A_videomae_subj2_split1.0_2026-06-01_19-58-34/hyperparams.json
2026-06-01 19:58:34,587 [INFO] --- Fold for Test Subject 2 ---
2026-06-01 20:00:58,393 [INFO] Epoch 0 | Train Loss: 1.9237 | Val Loss: 0.0000 | Acc: 0.4792 | F1: 0.0000 | P: 0.0000 | R: 0.0000
2026-06-01 20:00:58,580 [INFO] Saved confusion matrix and qualitative samples to Results/exp-A_videomae_subj2_split1.0_2026-06-01_19-58-34
2026-06-01 20:00:59,269 [INFO] Saved last model to Data/models/exp-A_videomae_subj2_split1.0/model_last.pth
2026-06-01 20:00:59,961 [INFO] Saved new best model to Data/models/exp-A_videomae_subj2_split1.0/model_best.pth
2026-06-01 20:03:23,345 [INFO] Epoch 1 | Train Loss: 0.8121 | Val Loss: 0.0000 | Acc: 0.4792 | F1: 0.0000 | P: 0.0000 | R: 0.0000
2026-06-01 20:03:23,536 [INFO] Saved confusion matrix and qualitative samples to Results/exp-A_videomae_subj2_split1.0_2026-06-01_19-58-34
2026-06-01 20:03:35,288 [INFO] Saved last model to Data/models/exp-A_videomae_subj2_split1.0/model_last.pth
2026-06-01 20:03:54,023 [INFO] Saved new best model to Data/models/exp-A_videomae_subj2_split1.0/model_best.pth
2026-06-01 20:06:13,441 [INFO] Epoch 2 | Train Loss: 0.7188 | Val Loss: 0.0000 | Acc: 0.4792 | F1: 0.0000 | P: 0.0000 | R: 0.0000
2026-06-01 20:06:13,645 [INFO] Saved confusion matrix and qualitative samples to Results/exp-A_videomae_subj2_split1.0_2026-06-01_19-58-34
2026-06-01 20:06:41,288 [INFO] Saved last model to Data/models/exp-A_videomae_subj2_split1.0/model_last.pth
2026-06-01 20:07:34,062 [INFO] Saved new best model to Data/models/exp-A_videomae_subj2_split1.0/model_best.pth
2026-06-01 20:09:58,361 [INFO] Epoch 3 | Train Loss: 0.6958 | Val Loss: 0.0000 | Acc: 0.4792 | F1: 0.0000 | P: 0.0000 | R: 0.0000
2026-06-01 20:09:58,554 [INFO] Saved confusion matrix and qualitative samples to Results/exp-A_videomae_subj2_split1.0_2026-06-01_19-58-34
2026-06-01 20:10:51,668 [INFO] Saved last model to Data/models/exp-A_videomae_subj2_split1.0/model_last.pth
2026-06-01 20:11:19,464 [INFO] Saved new best model to Data/models/exp-A_videomae_subj2_split1.0/model_best.pth
2026-06-01 20:13:39,716 [INFO] Epoch 4 | Train Loss: 0.7153 | Val Loss: 0.0000 | Acc: 0.7083 | F1: 0.7586 | P: 0.6667 | R: 0.8800
2026-06-01 20:13:39,923 [INFO] Saved confusion matrix and qualitative samples to Results/exp-A_videomae_subj2_split1.0_2026-06-01_19-58-34
2026-06-01 20:14:33,129 [INFO] Saved last model to Data/models/exp-A_videomae_subj2_split1.0/model_last.pth
2026-06-01 20:15:00,913 [INFO] Saved new best model to Data/models/exp-A_videomae_subj2_split1.0/model_best.pth
2026-06-01 20:17:19,946 [INFO] Epoch 5 | Train Loss: 0.7043 | Val Loss: 0.0000 | Acc: 0.8542 | F1: 0.8444 | P: 0.9500 | R: 0.7600
2026-06-01 20:17:20,144 [INFO] Saved confusion matrix and qualitative samples to Results/exp-A_videomae_subj2_split1.0_2026-06-01_19-58-34
2026-06-01 20:18:06,565 [INFO] Saved last model to Data/models/exp-A_videomae_subj2_split1.0/model_last.pth
2026-06-01 20:18:39,591 [INFO] Saved new best model to Data/models/exp-A_videomae_subj2_split1.0/model_best.pth
2026-06-01 20:21:01,738 [INFO] Epoch 6 | Train Loss: 0.7007 | Val Loss: 0.0000 | Acc: 0.7708 | F1: 0.7179 | P: 1.0000 | R: 0.5600
2026-06-01 20:21:17,258 [INFO] Saved last model to Data/models/exp-A_videomae_subj2_split1.0/model_last.pth
2026-06-01 20:23:38,388 [INFO] Epoch 7 | Train Loss: 0.6376 | Val Loss: 0.0000 | Acc: 0.8125 | F1: 0.8364 | P: 0.7667 | R: 0.9200
2026-06-01 20:23:41,910 [INFO] Saved last model to Data/models/exp-A_videomae_subj2_split1.0/model_last.pth
2026-06-01 20:26:06,139 [INFO] Epoch 8 | Train Loss: 0.6348 | Val Loss: 0.0000 | Acc: 0.7917 | F1: 0.7500 | P: 1.0000 | R: 0.6000
2026-06-01 20:26:10,239 [INFO] Saved last model to Data/models/exp-A_videomae_subj2_split1.0/model_last.pth
2026-06-01 20:28:33,641 [INFO] Epoch 9 | Train Loss: 0.5428 | Val Loss: 0.0000 | Acc: 0.7917 | F1: 0.7826 | P: 0.8571 | R: 0.7200
2026-06-01 20:29:01,738 [INFO] Saved last model to Data/models/exp-A_videomae_subj2_split1.0/model_last.pth
2026-06-01 20:31:24,299 [INFO] Epoch 10 | Train Loss: 0.6158 | Val Loss: 0.0000 | Acc: 0.8542 | F1: 0.8627 | P: 0.8462 | R: 0.8800
2026-06-01 20:31:24,501 [INFO] Saved confusion matrix and qualitative samples to Results/exp-A_videomae_subj2_split1.0_2026-06-01_19-58-34
2026-06-01 20:32:17,146 [INFO] Saved last model to Data/models/exp-A_videomae_subj2_split1.0/model_last.pth
2026-06-01 20:32:44,898 [INFO] Saved new best model to Data/models/exp-A_videomae_subj2_split1.0/model_best.pth
2026-06-01 20:35:07,145 [INFO] Epoch 11 | Train Loss: 0.6157 | Val Loss: 0.0000 | Acc: 0.5625 | F1: 0.2759 | P: 1.0000 | R: 0.1600
2026-06-01 20:36:00,100 [INFO] Saved last model to Data/models/exp-A_videomae_subj2_split1.0/model_last.pth
2026-06-01 20:38:19,016 [INFO] Epoch 12 | Train Loss: 0.5574 | Val Loss: 0.0000 | Acc: 0.7083 | F1: 0.7308 | P: 0.7037 | R: 0.7600
2026-06-01 20:38:46,971 [INFO] Saved last model to Data/models/exp-A_videomae_subj2_split1.0/model_last.pth
2026-06-01 20:41:10,474 [INFO] Epoch 13 | Train Loss: 0.4932 | Val Loss: 0.0000 | Acc: 0.6042 | F1: 0.5128 | P: 0.7143 | R: 0.4000
2026-06-01 20:42:03,806 [INFO] Saved last model to Data/models/exp-A_videomae_subj2_split1.0/model_last.pth
2026-06-01 20:44:23,380 [INFO] Epoch 14 | Train Loss: 0.5486 | Val Loss: 0.0000 | Acc: 0.5625 | F1: 0.6316 | P: 0.5625 | R: 0.7200
2026-06-01 20:45:01,653 [INFO] Saved last model to Data/models/exp-A_videomae_subj2_split1.0/model_last.pth
2026-06-01 20:47:23,349 [INFO] Epoch 15 | Train Loss: 0.5690 | Val Loss: 0.0000 | Acc: 0.6875 | F1: 0.7541 | P: 0.6389 | R: 0.9200
2026-06-01 20:47:51,378 [INFO] Saved last model to Data/models/exp-A_videomae_subj2_split1.0/model_last.pth
2026-06-01 20:50:12,497 [INFO] Epoch 16 | Train Loss: 0.5819 | Val Loss: 0.0000 | Acc: 0.7917 | F1: 0.8077 | P: 0.7778 | R: 0.8400
2026-06-01 20:50:24,399 [INFO] Saved last model to Data/models/exp-A_videomae_subj2_split1.0/model_last.pth
2026-06-01 20:52:48,599 [INFO] Epoch 17 | Train Loss: 0.4415 | Val Loss: 0.0000 | Acc: 0.7292 | F1: 0.7719 | P: 0.6875 | R: 0.8800
2026-06-01 20:52:52,151 [INFO] Saved last model to Data/models/exp-A_videomae_subj2_split1.0/model_last.pth
2026-06-01 20:55:11,961 [INFO] Epoch 18 | Train Loss: 0.5155 | Val Loss: 0.0000 | Acc: 0.7500 | F1: 0.7931 | P: 0.6970 | R: 0.9200
2026-06-01 20:55:15,472 [INFO] Saved last model to Data/models/exp-A_videomae_subj2_split1.0/model_last.pth
2026-06-01 20:57:37,627 [INFO] Epoch 19 | Train Loss: 0.4906 | Val Loss: 0.0000 | Acc: 0.7083 | F1: 0.7407 | P: 0.6897 | R: 0.8000
2026-06-01 20:58:32,042 [INFO] Saved last model to Data/models/exp-A_videomae_subj2_split1.0/model_last.pth
2026-06-01 20:58:32,042 [INFO] Finished Subj 2 with Best F1: 0.8627
2026-06-01 20:58:32,043 [INFO] Initialized Experiment Logger for: exp-A_videomae_subj3_split1.0
2026-06-01 20:58:32,043 [INFO] Hyperparameters saved to Results/exp-A_videomae_subj3_split1.0_2026-06-01_20-58-32/hyperparams.json
2026-06-01 20:58:32,043 [INFO] --- Fold for Test Subject 3 ---
2026-06-01 21:00:47,336 [INFO] Epoch 0 | Train Loss: 1.2521 | Val Loss: 0.0000 | Acc: 0.4884 | F1: 0.6562 | P: 0.4884 | R: 1.0000
2026-06-01 21:00:47,525 [INFO] Saved confusion matrix and qualitative samples to Results/exp-A_videomae_subj3_split1.0_2026-06-01_20-58-32
2026-06-01 21:00:48,224 [INFO] Saved last model to Data/models/exp-A_videomae_subj3_split1.0/model_last.pth
2026-06-01 21:00:48,997 [INFO] Saved new best model to Data/models/exp-A_videomae_subj3_split1.0/model_best.pth
2026-06-01 21:03:04,306 [INFO] Epoch 1 | Train Loss: 0.7568 | Val Loss: 0.0000 | Acc: 0.5349 | F1: 0.6774 | P: 0.5122 | R: 1.0000
2026-06-01 21:03:04,500 [INFO] Saved confusion matrix and qualitative samples to Results/exp-A_videomae_subj3_split1.0_2026-06-01_20-58-32
2026-06-01 21:03:32,298 [INFO] Saved last model to Data/models/exp-A_videomae_subj3_split1.0/model_last.pth
2026-06-01 21:04:25,636 [INFO] Saved new best model to Data/models/exp-A_videomae_subj3_split1.0/model_best.pth
2026-06-01 21:06:39,314 [INFO] Epoch 2 | Train Loss: 0.6792 | Val Loss: 0.0000 | Acc: 0.5116 | F1: 0.0000 | P: 0.0000 | R: 0.0000
2026-06-01 21:07:31,244 [INFO] Saved last model to Data/models/exp-A_videomae_subj3_split1.0/model_last.pth
2026-06-01 21:09:51,762 [INFO] Epoch 3 | Train Loss: 0.8180 | Val Loss: 0.0000 | Acc: 0.4884 | F1: 0.1538 | P: 0.4000 | R: 0.0952
2026-06-01 21:10:28,481 [INFO] Saved last model to Data/models/exp-A_videomae_subj3_split1.0/model_last.pth
2026-06-01 21:12:45,449 [INFO] Epoch 4 | Train Loss: 0.6221 | Val Loss: 0.0000 | Acc: 0.4651 | F1: 0.0800 | P: 0.2500 | R: 0.0476
2026-06-01 21:13:10,563 [INFO] Saved last model to Data/models/exp-A_videomae_subj3_split1.0/model_last.pth
2026-06-01 21:15:25,355 [INFO] Epoch 5 | Train Loss: 0.6656 | Val Loss: 0.0000 | Acc: 0.5116 | F1: 0.0000 | P: 0.0000 | R: 0.0000
2026-06-01 21:15:33,228 [INFO] Saved last model to Data/models/exp-A_videomae_subj3_split1.0/model_last.pth
2026-06-01 21:17:51,337 [INFO] Epoch 6 | Train Loss: 0.6339 | Val Loss: 0.0000 | Acc: 0.6977 | F1: 0.7547 | P: 0.6250 | R: 0.9524
2026-06-01 21:17:51,527 [INFO] Saved confusion matrix and qualitative samples to Results/exp-A_videomae_subj3_split1.0_2026-06-01_20-58-32
2026-06-01 21:17:54,943 [INFO] Saved last model to Data/models/exp-A_videomae_subj3_split1.0/model_last.pth
2026-06-01 21:18:22,768 [INFO] Saved new best model to Data/models/exp-A_videomae_subj3_split1.0/model_best.pth
2026-06-01 21:20:35,950 [INFO] Epoch 7 | Train Loss: 0.6521 | Val Loss: 0.0000 | Acc: 0.6047 | F1: 0.5143 | P: 0.6429 | R: 0.4286
2026-06-01 21:21:27,147 [INFO] Saved last model to Data/models/exp-A_videomae_subj3_split1.0/model_last.pth
2026-06-01 21:23:45,446 [INFO] Epoch 8 | Train Loss: 0.6253 | Val Loss: 0.0000 | Acc: 0.5814 | F1: 0.7000 | P: 0.5385 | R: 1.0000
2026-06-01 21:23:56,950 [INFO] Saved last model to Data/models/exp-A_videomae_subj3_split1.0/model_last.pth
2026-06-01 21:26:12,591 [INFO] Epoch 9 | Train Loss: 0.5539 | Val Loss: 0.0000 | Acc: 0.7209 | F1: 0.7000 | P: 0.7368 | R: 0.6667
2026-06-01 21:26:16,115 [INFO] Saved last model to Data/models/exp-A_videomae_subj3_split1.0/model_last.pth
2026-06-01 21:28:34,195 [INFO] Epoch 10 | Train Loss: 0.5935 | Val Loss: 0.0000 | Acc: 0.6279 | F1: 0.6667 | P: 0.5926 | R: 0.7619
2026-06-01 21:29:02,341 [INFO] Saved last model to Data/models/exp-A_videomae_subj3_split1.0/model_last.pth
2026-06-01 21:31:18,282 [INFO] Epoch 11 | Train Loss: 0.4892 | Val Loss: 0.0000 | Acc: 0.6279 | F1: 0.7143 | P: 0.5714 | R: 0.9524
2026-06-01 21:32:11,127 [INFO] Saved last model to Data/models/exp-A_videomae_subj3_split1.0/model_last.pth
2026-06-01 21:34:32,996 [INFO] Epoch 12 | Train Loss: 0.5077 | Val Loss: 0.0000 | Acc: 0.4884 | F1: 0.6562 | P: 0.4884 | R: 1.0000
2026-06-01 21:35:25,809 [INFO] Saved last model to Data/models/exp-A_videomae_subj3_split1.0/model_last.pth
2026-06-01 21:37:40,653 [INFO] Epoch 13 | Train Loss: 0.4959 | Val Loss: 0.0000 | Acc: 0.6279 | F1: 0.6667 | P: 0.5926 | R: 0.7619
2026-06-01 21:38:34,512 [INFO] Saved last model to Data/models/exp-A_videomae_subj3_split1.0/model_last.pth
2026-06-01 21:40:48,979 [INFO] Epoch 14 | Train Loss: 0.2790 | Val Loss: 0.0000 | Acc: 0.5581 | F1: 0.6780 | P: 0.5263 | R: 0.9524
2026-06-01 21:41:16,904 [INFO] Saved last model to Data/models/exp-A_videomae_subj3_split1.0/model_last.pth
2026-06-01 21:43:28,936 [INFO] Epoch 15 | Train Loss: 0.3771 | Val Loss: 0.0000 | Acc: 0.6977 | F1: 0.7547 | P: 0.6250 | R: 0.9524
2026-06-01 21:43:29,135 [INFO] Saved confusion matrix and qualitative samples to Results/exp-A_videomae_subj3_split1.0_2026-06-01_20-58-32
2026-06-01 21:44:21,325 [INFO] Saved last model to Data/models/exp-A_videomae_subj3_split1.0/model_last.pth
2026-06-01 21:45:06,518 [INFO] Saved new best model to Data/models/exp-A_videomae_subj3_split1.0/model_best.pth
2026-06-01 21:47:21,812 [INFO] Epoch 16 | Train Loss: 0.3763 | Val Loss: 0.0000 | Acc: 0.6047 | F1: 0.6383 | P: 0.5769 | R: 0.7143
2026-06-01 21:47:56,693 [INFO] Saved last model to Data/models/exp-A_videomae_subj3_split1.0/model_last.pth
2026-06-01 21:50:14,312 [INFO] Epoch 17 | Train Loss: 0.2970 | Val Loss: 0.0000 | Acc: 0.6512 | F1: 0.6939 | P: 0.6071 | R: 0.8095
2026-06-01 21:50:35,655 [INFO] Saved last model to Data/models/exp-A_videomae_subj3_split1.0/model_last.pth
2026-06-01 21:52:51,353 [INFO] Epoch 18 | Train Loss: 0.4319 | Val Loss: 0.0000 | Acc: 0.5814 | F1: 0.6786 | P: 0.5429 | R: 0.9048
2026-06-01 21:52:56,983 [INFO] Saved last model to Data/models/exp-A_videomae_subj3_split1.0/model_last.pth
2026-06-01 21:55:12,409 [INFO] Epoch 19 | Train Loss: 0.3547 | Val Loss: 0.0000 | Acc: 0.6512 | F1: 0.6939 | P: 0.6071 | R: 0.8095
2026-06-01 21:55:15,936 [INFO] Saved last model to Data/models/exp-A_videomae_subj3_split1.0/model_last.pth
2026-06-01 21:55:15,937 [INFO] Finished Subj 3 with Best F1: 0.7547
2026-06-01 21:55:15,937 [INFO] Initialized Experiment Logger for: exp-A_videomae_subj4_split1.0
2026-06-01 21:55:15,937 [INFO] Hyperparameters saved to Results/exp-A_videomae_subj4_split1.0_2026-06-01_21-55-15/hyperparams.json
2026-06-01 21:55:15,937 [INFO] --- Fold for Test Subject 4 ---
2026-06-01 21:57:36,930 [INFO] Epoch 0 | Train Loss: 1.1383 | Val Loss: 0.0000 | Acc: 0.4595 | F1: 0.6296 | P: 0.4595 | R: 1.0000
2026-06-01 21:57:37,112 [INFO] Saved confusion matrix and qualitative samples to Results/exp-A_videomae_subj4_split1.0_2026-06-01_21-55-15
2026-06-01 21:57:37,795 [INFO] Saved last model to Data/models/exp-A_videomae_subj4_split1.0/model_last.pth
2026-06-01 21:57:38,537 [INFO] Saved new best model to Data/models/exp-A_videomae_subj4_split1.0/model_best.pth
2026-06-01 21:59:56,834 [INFO] Epoch 1 | Train Loss: 0.7986 | Val Loss: 0.0000 | Acc: 0.2973 | F1: 0.1333 | P: 0.1538 | R: 0.1176
2026-06-01 22:00:24,682 [INFO] Saved last model to Data/models/exp-A_videomae_subj4_split1.0/model_last.pth
2026-06-01 22:02:44,040 [INFO] Epoch 2 | Train Loss: 0.6911 | Val Loss: 0.0000 | Acc: 0.5946 | F1: 0.6512 | P: 0.5385 | R: 0.8235
2026-06-01 22:02:44,230 [INFO] Saved confusion matrix and qualitative samples to Results/exp-A_videomae_subj4_split1.0_2026-06-01_21-55-15
2026-06-01 22:03:37,133 [INFO] Saved last model to Data/models/exp-A_videomae_subj4_split1.0/model_last.pth
2026-06-01 22:04:29,709 [INFO] Saved new best model to Data/models/exp-A_videomae_subj4_split1.0/model_best.pth
2026-06-01 22:06:46,345 [INFO] Epoch 3 | Train Loss: 0.6620 | Val Loss: 0.0000 | Acc: 0.4595 | F1: 0.6296 | P: 0.4595 | R: 1.0000
2026-06-01 22:07:39,897 [INFO] Saved last model to Data/models/exp-A_videomae_subj4_split1.0/model_last.pth
2026-06-01 22:09:56,216 [INFO] Epoch 4 | Train Loss: 0.6402 | Val Loss: 0.0000 | Acc: 0.5135 | F1: 0.6538 | P: 0.4857 | R: 1.0000
2026-06-01 22:09:56,413 [INFO] Saved confusion matrix and qualitative samples to Results/exp-A_videomae_subj4_split1.0_2026-06-01_21-55-15
2026-06-01 22:10:48,751 [INFO] Saved last model to Data/models/exp-A_videomae_subj4_split1.0/model_last.pth
2026-06-01 22:11:24,910 [INFO] Saved new best model to Data/models/exp-A_videomae_subj4_split1.0/model_best.pth
2026-06-01 22:13:42,281 [INFO] Epoch 5 | Train Loss: 0.5974 | Val Loss: 0.0000 | Acc: 0.4595 | F1: 0.6296 | P: 0.4595 | R: 1.0000
2026-06-01 22:14:07,011 [INFO] Saved last model to Data/models/exp-A_videomae_subj4_split1.0/model_last.pth
2026-06-01 22:16:25,659 [INFO] Epoch 6 | Train Loss: 0.4816 | Val Loss: 0.0000 | Acc: 0.4595 | F1: 0.6296 | P: 0.4595 | R: 1.0000
2026-06-01 22:16:38,604 [INFO] Saved last model to Data/models/exp-A_videomae_subj4_split1.0/model_last.pth
2026-06-01 22:18:56,990 [INFO] Epoch 7 | Train Loss: 0.5252 | Val Loss: 0.0000 | Acc: 0.4324 | F1: 0.4878 | P: 0.4167 | R: 0.5882
2026-06-01 22:19:00,525 [INFO] Saved last model to Data/models/exp-A_videomae_subj4_split1.0/model_last.pth
2026-06-01 22:21:20,091 [INFO] Epoch 8 | Train Loss: 0.4430 | Val Loss: 0.0000 | Acc: 0.4595 | F1: 0.6296 | P: 0.4595 | R: 1.0000
2026-06-01 22:22:12,887 [INFO] Saved last model to Data/models/exp-A_videomae_subj4_split1.0/model_last.pth
2026-06-01 22:24:33,213 [INFO] Epoch 9 | Train Loss: 0.4521 | Val Loss: 0.0000 | Acc: 0.4595 | F1: 0.6296 | P: 0.4595 | R: 1.0000
2026-06-01 22:25:26,398 [INFO] Saved last model to Data/models/exp-A_videomae_subj4_split1.0/model_last.pth
2026-06-01 22:27:44,008 [INFO] Epoch 10 | Train Loss: 0.4364 | Val Loss: 0.0000 | Acc: 0.4595 | F1: 0.6296 | P: 0.4595 | R: 1.0000
2026-06-01 22:28:37,645 [INFO] Saved last model to Data/models/exp-A_videomae_subj4_split1.0/model_last.pth
2026-06-01 22:30:54,214 [INFO] Epoch 11 | Train Loss: 0.3376 | Val Loss: 0.0000 | Acc: 0.4595 | F1: 0.6296 | P: 0.4595 | R: 1.0000
2026-06-01 22:31:46,957 [INFO] Saved last model to Data/models/exp-A_videomae_subj4_split1.0/model_last.pth
2026-06-01 22:34:06,904 [INFO] Epoch 12 | Train Loss: 0.2559 | Val Loss: 0.0000 | Acc: 0.4595 | F1: 0.6296 | P: 0.4595 | R: 1.0000
2026-06-01 22:34:34,941 [INFO] Saved last model to Data/models/exp-A_videomae_subj4_split1.0/model_last.pth
2026-06-01 22:36:52,956 [INFO] Epoch 13 | Train Loss: 0.2790 | Val Loss: 0.0000 | Acc: 0.4595 | F1: 0.6296 | P: 0.4595 | R: 1.0000
2026-06-01 22:37:45,808 [INFO] Saved last model to Data/models/exp-A_videomae_subj4_split1.0/model_last.pth
2026-06-01 22:40:02,252 [INFO] Epoch 14 | Train Loss: 0.2050 | Val Loss: 0.0000 | Acc: 0.4595 | F1: 0.6296 | P: 0.4595 | R: 1.0000
2026-06-01 22:40:55,119 [INFO] Saved last model to Data/models/exp-A_videomae_subj4_split1.0/model_last.pth
2026-06-01 22:43:10,047 [INFO] Epoch 15 | Train Loss: 0.2141 | Val Loss: 0.0000 | Acc: 0.5135 | F1: 0.6538 | P: 0.4857 | R: 1.0000
2026-06-01 22:43:10,239 [INFO] Saved confusion matrix and qualitative samples to Results/exp-A_videomae_subj4_split1.0_2026-06-01_21-55-15
2026-06-01 22:43:37,963 [INFO] Saved last model to Data/models/exp-A_videomae_subj4_split1.0/model_last.pth
2026-06-01 22:43:59,128 [INFO] Saved new best model to Data/models/exp-A_videomae_subj4_split1.0/model_best.pth
2026-06-01 22:46:18,257 [INFO] Epoch 16 | Train Loss: 0.1669 | Val Loss: 0.0000 | Acc: 0.4595 | F1: 0.6296 | P: 0.4595 | R: 1.0000
2026-06-01 22:46:27,736 [INFO] Saved last model to Data/models/exp-A_videomae_subj4_split1.0/model_last.pth
2026-06-01 22:48:53,562 [INFO] Epoch 17 | Train Loss: 0.2964 | Val Loss: 0.0000 | Acc: 0.4595 | F1: 0.6296 | P: 0.4595 | R: 1.0000
2026-06-01 22:48:57,115 [INFO] Saved last model to Data/models/exp-A_videomae_subj4_split1.0/model_last.pth
2026-06-01 22:51:15,294 [INFO] Epoch 18 | Train Loss: 0.1879 | Val Loss: 0.0000 | Acc: 0.4595 | F1: 0.6296 | P: 0.4595 | R: 1.0000
2026-06-01 22:52:08,451 [INFO] Saved last model to Data/models/exp-A_videomae_subj4_split1.0/model_last.pth
2026-06-01 22:54:27,123 [INFO] Epoch 19 | Train Loss: 0.0848 | Val Loss: 0.0000 | Acc: 0.4595 | F1: 0.6296 | P: 0.4595 | R: 1.0000
2026-06-01 22:55:20,000 [INFO] Saved last model to Data/models/exp-A_videomae_subj4_split1.0/model_last.pth
2026-06-01 22:55:20,001 [INFO] Finished Subj 4 with Best F1: 0.6538
