2026-06-14 04:44:16,250 [INFO] Initialized Experiment Logger for: exp-A_videomae_subj1_split0.5
2026-06-14 04:44:16,251 [INFO] Hyperparameters saved to Results/exp-A_videomae_subj1_split0.5_2026-06-14_04-44-16/hyperparams.json
2026-06-14 04:44:16,251 [INFO] --- Fold for Test Subject 1 ---
2026-06-14 04:44:16,848 [INFO] Freezing backbone for 5 epochs.
2026-06-14 04:45:28,525 [INFO] Epoch 0 | Train Loss: 0.6880 | Val Loss: 0.0000 | Acc: 0.4688 | F1: 0.0000 | P: 0.0000 | R: 0.0000
2026-06-14 04:45:28,722 [INFO] Saved confusion matrix and qualitative samples to Results/exp-A_videomae_subj1_split0.5_2026-06-14_04-44-16
2026-06-14 04:45:35,074 [INFO] Saved last model to Data/models/exp-A_videomae_subj1_split0.5/model_last.pth
2026-06-14 04:45:55,186 [INFO] Saved new best model to Data/models/exp-A_videomae_subj1_split0.5/model_best.pth
2026-06-14 04:47:08,324 [INFO] Epoch 1 | Train Loss: 0.7961 | Val Loss: 0.0000 | Acc: 0.4375 | F1: 0.0000 | P: 0.0000 | R: 0.0000
2026-06-14 04:47:08,516 [INFO] Saved confusion matrix and qualitative samples to Results/exp-A_videomae_subj1_split0.5_2026-06-14_04-44-16
2026-06-14 04:47:09,695 [INFO] Saved last model to Data/models/exp-A_videomae_subj1_split0.5/model_last.pth
2026-06-14 04:47:11,579 [INFO] Saved new best model to Data/models/exp-A_videomae_subj1_split0.5/model_best.pth
2026-06-14 04:48:26,549 [INFO] Epoch 2 | Train Loss: 0.7506 | Val Loss: 0.0000 | Acc: 0.3750 | F1: 0.0000 | P: 0.0000 | R: 0.0000
2026-06-14 04:48:26,746 [INFO] Saved confusion matrix and qualitative samples to Results/exp-A_videomae_subj1_split0.5_2026-06-14_04-44-16
2026-06-14 04:48:39,749 [INFO] Saved last model to Data/models/exp-A_videomae_subj1_split0.5/model_last.pth
2026-06-14 04:48:40,893 [INFO] Saved new best model to Data/models/exp-A_videomae_subj1_split0.5/model_best.pth
2026-06-14 04:49:52,281 [INFO] Epoch 3 | Train Loss: 0.7301 | Val Loss: 0.0000 | Acc: 0.3750 | F1: 0.0909 | P: 0.1667 | R: 0.0625
2026-06-14 04:49:52,473 [INFO] Saved confusion matrix and qualitative samples to Results/exp-A_videomae_subj1_split0.5_2026-06-14_04-44-16
2026-06-14 04:49:53,654 [INFO] Saved last model to Data/models/exp-A_videomae_subj1_split0.5/model_last.pth
2026-06-14 04:50:19,235 [INFO] Saved new best model to Data/models/exp-A_videomae_subj1_split0.5/model_best.pth
2026-06-14 04:51:32,116 [INFO] Epoch 4 | Train Loss: 0.7178 | Val Loss: 0.0000 | Acc: 0.3438 | F1: 0.0870 | P: 0.1429 | R: 0.0625
2026-06-14 04:51:33,397 [INFO] Saved last model to Data/models/exp-A_videomae_subj1_split0.5/model_last.pth
2026-06-14 04:51:33,397 [INFO] Unfreezing backbone for end-to-end training.
2026-06-14 04:52:51,755 [INFO] Epoch 5 | Train Loss: 0.7780 | Val Loss: 0.0000 | Acc: 0.5000 | F1: 0.6667 | P: 0.5000 | R: 1.0000
2026-06-14 04:52:51,950 [INFO] Saved confusion matrix and qualitative samples to Results/exp-A_videomae_subj1_split0.5_2026-06-14_04-44-16
2026-06-14 04:53:44,574 [INFO] Saved last model to Data/models/exp-A_videomae_subj1_split0.5/model_last.pth
2026-06-14 04:54:12,288 [INFO] Saved new best model to Data/models/exp-A_videomae_subj1_split0.5/model_best.pth
2026-06-14 04:55:29,530 [INFO] Epoch 6 | Train Loss: 0.6840 | Val Loss: 0.0000 | Acc: 0.5000 | F1: 0.6667 | P: 0.5000 | R: 1.0000
2026-06-14 04:55:29,731 [INFO] Saved confusion matrix and qualitative samples to Results/exp-A_videomae_subj1_split0.5_2026-06-14_04-44-16
2026-06-14 04:56:16,895 [INFO] Saved last model to Data/models/exp-A_videomae_subj1_split0.5/model_last.pth
2026-06-14 04:56:49,338 [INFO] Saved new best model to Data/models/exp-A_videomae_subj1_split0.5/model_best.pth
2026-06-14 04:58:04,631 [INFO] Epoch 7 | Train Loss: 0.6549 | Val Loss: 0.0000 | Acc: 0.5000 | F1: 0.6667 | P: 0.5000 | R: 1.0000
2026-06-14 04:58:04,828 [INFO] Saved confusion matrix and qualitative samples to Results/exp-A_videomae_subj1_split0.5_2026-06-14_04-44-16
2026-06-14 04:58:22,572 [INFO] Saved last model to Data/models/exp-A_videomae_subj1_split0.5/model_last.pth
2026-06-14 04:58:40,126 [INFO] Saved new best model to Data/models/exp-A_videomae_subj1_split0.5/model_best.pth
2026-06-14 04:59:58,247 [INFO] Epoch 8 | Train Loss: 0.6279 | Val Loss: 0.0000 | Acc: 0.5000 | F1: 0.6667 | P: 0.5000 | R: 1.0000
2026-06-14 04:59:58,450 [INFO] Saved confusion matrix and qualitative samples to Results/exp-A_videomae_subj1_split0.5_2026-06-14_04-44-16
2026-06-14 05:00:09,232 [INFO] Saved last model to Data/models/exp-A_videomae_subj1_split0.5/model_last.pth
2026-06-14 05:00:36,928 [INFO] Saved new best model to Data/models/exp-A_videomae_subj1_split0.5/model_best.pth
2026-06-14 05:01:55,059 [INFO] Epoch 9 | Train Loss: 0.5694 | Val Loss: 0.0000 | Acc: 0.5000 | F1: 0.6667 | P: 0.5000 | R: 1.0000
2026-06-14 05:01:55,247 [INFO] Saved confusion matrix and qualitative samples to Results/exp-A_videomae_subj1_split0.5_2026-06-14_04-44-16
2026-06-14 05:02:48,123 [INFO] Saved last model to Data/models/exp-A_videomae_subj1_split0.5/model_last.pth
2026-06-14 05:03:15,710 [INFO] Saved new best model to Data/models/exp-A_videomae_subj1_split0.5/model_best.pth
2026-06-14 05:04:29,338 [INFO] Epoch 10 | Train Loss: 0.6974 | Val Loss: 0.0000 | Acc: 0.4688 | F1: 0.6383 | P: 0.4839 | R: 0.9375
2026-06-14 05:04:57,048 [INFO] Saved last model to Data/models/exp-A_videomae_subj1_split0.5/model_last.pth
2026-06-14 05:06:12,198 [INFO] Epoch 11 | Train Loss: 0.5959 | Val Loss: 0.0000 | Acc: 0.4688 | F1: 0.6383 | P: 0.4839 | R: 0.9375
2026-06-14 05:06:39,937 [INFO] Saved last model to Data/models/exp-A_videomae_subj1_split0.5/model_last.pth
2026-06-14 05:07:55,011 [INFO] Epoch 12 | Train Loss: 0.5947 | Val Loss: 0.0000 | Acc: 0.4375 | F1: 0.6087 | P: 0.4667 | R: 0.8750
2026-06-14 05:08:44,165 [INFO] Saved last model to Data/models/exp-A_videomae_subj1_split0.5/model_last.pth
2026-06-14 05:10:04,302 [INFO] Epoch 13 | Train Loss: 0.5961 | Val Loss: 0.0000 | Acc: 0.4375 | F1: 0.6087 | P: 0.4667 | R: 0.8750
2026-06-14 05:10:32,585 [INFO] Saved last model to Data/models/exp-A_videomae_subj1_split0.5/model_last.pth
2026-06-14 05:11:48,032 [INFO] Epoch 14 | Train Loss: 0.5749 | Val Loss: 0.0000 | Acc: 0.4375 | F1: 0.6087 | P: 0.4667 | R: 0.8750
2026-06-14 05:12:08,019 [INFO] Saved last model to Data/models/exp-A_videomae_subj1_split0.5/model_last.pth
2026-06-14 05:13:22,952 [INFO] Epoch 15 | Train Loss: 0.5730 | Val Loss: 0.0000 | Acc: 0.4375 | F1: 0.6087 | P: 0.4667 | R: 0.8750
2026-06-14 05:13:30,080 [INFO] Saved last model to Data/models/exp-A_videomae_subj1_split0.5/model_last.pth
2026-06-14 05:14:48,836 [INFO] Epoch 16 | Train Loss: 0.5749 | Val Loss: 0.0000 | Acc: 0.4375 | F1: 0.6087 | P: 0.4667 | R: 0.8750
2026-06-14 05:14:52,466 [INFO] Saved last model to Data/models/exp-A_videomae_subj1_split0.5/model_last.pth
2026-06-14 05:16:08,476 [INFO] Epoch 17 | Train Loss: 0.5211 | Val Loss: 0.0000 | Acc: 0.3438 | F1: 0.5116 | P: 0.4074 | R: 0.6875
2026-06-14 05:17:01,771 [INFO] Saved last model to Data/models/exp-A_videomae_subj1_split0.5/model_last.pth
2026-06-14 05:18:21,978 [INFO] Epoch 18 | Train Loss: 0.5227 | Val Loss: 0.0000 | Acc: 0.3125 | F1: 0.3529 | P: 0.3333 | R: 0.3750
2026-06-14 05:18:49,742 [INFO] Saved last model to Data/models/exp-A_videomae_subj1_split0.5/model_last.pth
2026-06-14 05:20:07,233 [INFO] Epoch 19 | Train Loss: 0.5064 | Val Loss: 0.0000 | Acc: 0.3438 | F1: 0.4878 | P: 0.4000 | R: 0.6250
2026-06-14 05:20:34,969 [INFO] Saved last model to Data/models/exp-A_videomae_subj1_split0.5/model_last.pth
2026-06-14 05:20:34,970 [INFO] Finished Subj 1 with Best F1: 0.6667
2026-06-14 05:20:34,970 [INFO] Initialized Experiment Logger for: exp-A_videomae_subj2_split0.5
2026-06-14 05:20:34,970 [INFO] Hyperparameters saved to Results/exp-A_videomae_subj2_split0.5_2026-06-14_05-20-34/hyperparams.json
2026-06-14 05:20:34,970 [INFO] --- Fold for Test Subject 2 ---
2026-06-14 05:20:35,446 [INFO] Freezing backbone for 5 epochs.
2026-06-14 05:22:06,078 [INFO] Epoch 0 | Train Loss: 0.7490 | Val Loss: 0.0000 | Acc: 0.3125 | F1: 0.4762 | P: 0.3947 | R: 0.6000
2026-06-14 05:22:06,257 [INFO] Saved confusion matrix and qualitative samples to Results/exp-A_videomae_subj2_split0.5_2026-06-14_05-20-34
2026-06-14 05:22:07,412 [INFO] Saved last model to Data/models/exp-A_videomae_subj2_split0.5/model_last.pth
2026-06-14 05:22:32,904 [INFO] Saved new best model to Data/models/exp-A_videomae_subj2_split0.5/model_best.pth
2026-06-14 05:24:01,944 [INFO] Epoch 1 | Train Loss: 0.7601 | Val Loss: 0.0000 | Acc: 0.3125 | F1: 0.4762 | P: 0.3947 | R: 0.6000
2026-06-14 05:24:02,125 [INFO] Saved confusion matrix and qualitative samples to Results/exp-A_videomae_subj2_split0.5_2026-06-14_05-20-34
2026-06-14 05:24:03,320 [INFO] Saved last model to Data/models/exp-A_videomae_subj2_split0.5/model_last.pth
2026-06-14 05:24:04,480 [INFO] Saved new best model to Data/models/exp-A_videomae_subj2_split0.5/model_best.pth
2026-06-14 05:25:36,587 [INFO] Epoch 2 | Train Loss: 0.7196 | Val Loss: 0.0000 | Acc: 0.3125 | F1: 0.4762 | P: 0.3947 | R: 0.6000
2026-06-14 05:25:36,782 [INFO] Saved confusion matrix and qualitative samples to Results/exp-A_videomae_subj2_split0.5_2026-06-14_05-20-34
2026-06-14 05:26:05,941 [INFO] Saved last model to Data/models/exp-A_videomae_subj2_split0.5/model_last.pth
2026-06-14 05:26:28,715 [INFO] Saved new best model to Data/models/exp-A_videomae_subj2_split0.5/model_best.pth
2026-06-14 05:27:59,071 [INFO] Epoch 3 | Train Loss: 0.7456 | Val Loss: 0.0000 | Acc: 0.3125 | F1: 0.4762 | P: 0.3947 | R: 0.6000
2026-06-14 05:27:59,255 [INFO] Saved confusion matrix and qualitative samples to Results/exp-A_videomae_subj2_split0.5_2026-06-14_05-20-34
2026-06-14 05:28:00,433 [INFO] Saved last model to Data/models/exp-A_videomae_subj2_split0.5/model_last.pth
2026-06-14 05:28:25,041 [INFO] Saved new best model to Data/models/exp-A_videomae_subj2_split0.5/model_best.pth
2026-06-14 05:29:55,457 [INFO] Epoch 4 | Train Loss: 0.6972 | Val Loss: 0.0000 | Acc: 0.3125 | F1: 0.4762 | P: 0.3947 | R: 0.6000
2026-06-14 05:29:55,653 [INFO] Saved confusion matrix and qualitative samples to Results/exp-A_videomae_subj2_split0.5_2026-06-14_05-20-34
2026-06-14 05:29:56,884 [INFO] Saved last model to Data/models/exp-A_videomae_subj2_split0.5/model_last.pth
2026-06-14 05:29:58,048 [INFO] Saved new best model to Data/models/exp-A_videomae_subj2_split0.5/model_best.pth
2026-06-14 05:29:58,048 [INFO] Unfreezing backbone for end-to-end training.
2026-06-14 05:31:30,662 [INFO] Epoch 5 | Train Loss: 0.7029 | Val Loss: 0.0000 | Acc: 0.5625 | F1: 0.3226 | P: 0.8333 | R: 0.2000
2026-06-14 05:31:58,335 [INFO] Saved last model to Data/models/exp-A_videomae_subj2_split0.5/model_last.pth
2026-06-14 05:33:28,592 [INFO] Epoch 6 | Train Loss: 0.6959 | Val Loss: 0.0000 | Acc: 0.5208 | F1: 0.1481 | P: 1.0000 | R: 0.0800
2026-06-14 05:33:56,293 [INFO] Saved last model to Data/models/exp-A_videomae_subj2_split0.5/model_last.pth
2026-06-14 05:35:26,402 [INFO] Epoch 7 | Train Loss: 0.7098 | Val Loss: 0.0000 | Acc: 0.5208 | F1: 0.2069 | P: 0.7500 | R: 0.1200
2026-06-14 05:36:18,954 [INFO] Saved last model to Data/models/exp-A_videomae_subj2_split0.5/model_last.pth
2026-06-14 05:37:51,201 [INFO] Epoch 8 | Train Loss: 0.6923 | Val Loss: 0.0000 | Acc: 0.5417 | F1: 0.2143 | P: 1.0000 | R: 0.1200
2026-06-14 05:38:19,051 [INFO] Saved last model to Data/models/exp-A_videomae_subj2_split0.5/model_last.pth
2026-06-14 05:39:50,234 [INFO] Epoch 9 | Train Loss: 0.7001 | Val Loss: 0.0000 | Acc: 0.5625 | F1: 0.2759 | P: 1.0000 | R: 0.1600
2026-06-14 05:40:42,990 [INFO] Saved last model to Data/models/exp-A_videomae_subj2_split0.5/model_last.pth
2026-06-14 05:42:12,619 [INFO] Epoch 10 | Train Loss: 0.7377 | Val Loss: 0.0000 | Acc: 0.6042 | F1: 0.4865 | P: 0.7500 | R: 0.3600
2026-06-14 05:42:12,807 [INFO] Saved confusion matrix and qualitative samples to Results/exp-A_videomae_subj2_split0.5_2026-06-14_05-20-34
2026-06-14 05:42:40,407 [INFO] Saved last model to Data/models/exp-A_videomae_subj2_split0.5/model_last.pth
2026-06-14 05:43:04,505 [INFO] Saved new best model to Data/models/exp-A_videomae_subj2_split0.5/model_best.pth
2026-06-14 05:44:34,873 [INFO] Epoch 11 | Train Loss: 0.6325 | Val Loss: 0.0000 | Acc: 0.6250 | F1: 0.5000 | P: 0.8182 | R: 0.3600
2026-06-14 05:44:35,068 [INFO] Saved confusion matrix and qualitative samples to Results/exp-A_videomae_subj2_split0.5_2026-06-14_05-20-34
2026-06-14 05:44:44,145 [INFO] Saved last model to Data/models/exp-A_videomae_subj2_split0.5/model_last.pth
2026-06-14 05:45:05,590 [INFO] Saved new best model to Data/models/exp-A_videomae_subj2_split0.5/model_best.pth
2026-06-14 05:46:36,592 [INFO] Epoch 12 | Train Loss: 0.6697 | Val Loss: 0.0000 | Acc: 0.6458 | F1: 0.4848 | P: 1.0000 | R: 0.3200
2026-06-14 05:47:04,275 [INFO] Saved last model to Data/models/exp-A_videomae_subj2_split0.5/model_last.pth
2026-06-14 05:48:35,037 [INFO] Epoch 13 | Train Loss: 0.5949 | Val Loss: 0.0000 | Acc: 0.5833 | F1: 0.3333 | P: 1.0000 | R: 0.2000
2026-06-14 05:49:27,722 [INFO] Saved last model to Data/models/exp-A_videomae_subj2_split0.5/model_last.pth
2026-06-14 05:50:55,357 [INFO] Epoch 14 | Train Loss: 0.6435 | Val Loss: 0.0000 | Acc: 0.6458 | F1: 0.4848 | P: 1.0000 | R: 0.3200
2026-06-14 05:51:23,144 [INFO] Saved last model to Data/models/exp-A_videomae_subj2_split0.5/model_last.pth
2026-06-14 05:52:57,125 [INFO] Epoch 15 | Train Loss: 0.6521 | Val Loss: 0.0000 | Acc: 0.6250 | F1: 0.5000 | P: 0.8182 | R: 0.3600
2026-06-14 05:52:57,319 [INFO] Saved confusion matrix and qualitative samples to Results/exp-A_videomae_subj2_split0.5_2026-06-14_05-20-34
2026-06-14 05:53:24,898 [INFO] Saved last model to Data/models/exp-A_videomae_subj2_split0.5/model_last.pth
2026-06-14 05:54:17,985 [INFO] Saved new best model to Data/models/exp-A_videomae_subj2_split0.5/model_best.pth
2026-06-14 05:55:47,682 [INFO] Epoch 16 | Train Loss: 0.6822 | Val Loss: 0.0000 | Acc: 0.6250 | F1: 0.5000 | P: 0.8182 | R: 0.3600
2026-06-14 05:55:47,875 [INFO] Saved confusion matrix and qualitative samples to Results/exp-A_videomae_subj2_split0.5_2026-06-14_05-20-34
2026-06-14 05:56:15,684 [INFO] Saved last model to Data/models/exp-A_videomae_subj2_split0.5/model_last.pth
2026-06-14 05:56:43,893 [INFO] Saved new best model to Data/models/exp-A_videomae_subj2_split0.5/model_best.pth
2026-06-14 05:58:12,549 [INFO] Epoch 17 | Train Loss: 0.6264 | Val Loss: 0.0000 | Acc: 0.6250 | F1: 0.5000 | P: 0.8182 | R: 0.3600
2026-06-14 05:58:12,744 [INFO] Saved confusion matrix and qualitative samples to Results/exp-A_videomae_subj2_split0.5_2026-06-14_05-20-34
2026-06-14 05:58:35,068 [INFO] Saved last model to Data/models/exp-A_videomae_subj2_split0.5/model_last.pth
2026-06-14 05:58:53,204 [INFO] Saved new best model to Data/models/exp-A_videomae_subj2_split0.5/model_best.pth
2026-06-14 06:00:23,355 [INFO] Epoch 18 | Train Loss: 0.6560 | Val Loss: 0.0000 | Acc: 0.6250 | F1: 0.5000 | P: 0.8182 | R: 0.3600
2026-06-14 06:00:23,548 [INFO] Saved confusion matrix and qualitative samples to Results/exp-A_videomae_subj2_split0.5_2026-06-14_05-20-34
2026-06-14 06:00:26,925 [INFO] Saved last model to Data/models/exp-A_videomae_subj2_split0.5/model_last.pth
2026-06-14 06:00:54,669 [INFO] Saved new best model to Data/models/exp-A_videomae_subj2_split0.5/model_best.pth
2026-06-14 06:02:24,555 [INFO] Epoch 19 | Train Loss: 0.6296 | Val Loss: 0.0000 | Acc: 0.6458 | F1: 0.5143 | P: 0.9000 | R: 0.3600
2026-06-14 06:02:24,756 [INFO] Saved confusion matrix and qualitative samples to Results/exp-A_videomae_subj2_split0.5_2026-06-14_05-20-34
2026-06-14 06:02:52,415 [INFO] Saved last model to Data/models/exp-A_videomae_subj2_split0.5/model_last.pth
2026-06-14 06:03:45,373 [INFO] Saved new best model to Data/models/exp-A_videomae_subj2_split0.5/model_best.pth
2026-06-14 06:03:45,374 [INFO] Finished Subj 2 with Best F1: 0.5143
2026-06-14 06:03:45,374 [INFO] Initialized Experiment Logger for: exp-A_videomae_subj3_split0.5
2026-06-14 06:03:45,374 [INFO] Hyperparameters saved to Results/exp-A_videomae_subj3_split0.5_2026-06-14_06-03-45/hyperparams.json
2026-06-14 06:03:45,374 [INFO] --- Fold for Test Subject 3 ---
2026-06-14 06:03:45,998 [INFO] Freezing backbone for 5 epochs.
2026-06-14 06:05:09,791 [INFO] Epoch 0 | Train Loss: 0.7180 | Val Loss: 0.0000 | Acc: 0.4651 | F1: 0.3429 | P: 0.4286 | R: 0.2857
2026-06-14 06:05:09,976 [INFO] Saved confusion matrix and qualitative samples to Results/exp-A_videomae_subj3_split0.5_2026-06-14_06-03-45
2026-06-14 06:05:11,228 [INFO] Saved last model to Data/models/exp-A_videomae_subj3_split0.5/model_last.pth
2026-06-14 06:05:36,656 [INFO] Saved new best model to Data/models/exp-A_videomae_subj3_split0.5/model_best.pth
2026-06-14 06:07:00,337 [INFO] Epoch 1 | Train Loss: 0.6865 | Val Loss: 0.0000 | Acc: 0.4651 | F1: 0.3429 | P: 0.4286 | R: 0.2857
2026-06-14 06:07:00,532 [INFO] Saved confusion matrix and qualitative samples to Results/exp-A_videomae_subj3_split0.5_2026-06-14_06-03-45
2026-06-14 06:07:01,723 [INFO] Saved last model to Data/models/exp-A_videomae_subj3_split0.5/model_last.pth
2026-06-14 06:07:02,879 [INFO] Saved new best model to Data/models/exp-A_videomae_subj3_split0.5/model_best.pth
2026-06-14 06:08:28,731 [INFO] Epoch 2 | Train Loss: 0.6892 | Val Loss: 0.0000 | Acc: 0.4651 | F1: 0.3429 | P: 0.4286 | R: 0.2857
2026-06-14 06:08:28,929 [INFO] Saved confusion matrix and qualitative samples to Results/exp-A_videomae_subj3_split0.5_2026-06-14_06-03-45
2026-06-14 06:08:54,387 [INFO] Saved last model to Data/models/exp-A_videomae_subj3_split0.5/model_last.pth
2026-06-14 06:08:55,572 [INFO] Saved new best model to Data/models/exp-A_videomae_subj3_split0.5/model_best.pth
2026-06-14 06:10:18,184 [INFO] Epoch 3 | Train Loss: 0.6529 | Val Loss: 0.0000 | Acc: 0.4651 | F1: 0.3429 | P: 0.4286 | R: 0.2857
2026-06-14 06:10:18,384 [INFO] Saved confusion matrix and qualitative samples to Results/exp-A_videomae_subj3_split0.5_2026-06-14_06-03-45
2026-06-14 06:10:19,563 [INFO] Saved last model to Data/models/exp-A_videomae_subj3_split0.5/model_last.pth
2026-06-14 06:10:49,369 [INFO] Saved new best model to Data/models/exp-A_videomae_subj3_split0.5/model_best.pth
2026-06-14 06:12:10,413 [INFO] Epoch 4 | Train Loss: 0.6799 | Val Loss: 0.0000 | Acc: 0.4651 | F1: 0.3429 | P: 0.4286 | R: 0.2857
2026-06-14 06:12:10,608 [INFO] Saved confusion matrix and qualitative samples to Results/exp-A_videomae_subj3_split0.5_2026-06-14_06-03-45
2026-06-14 06:12:11,833 [INFO] Saved last model to Data/models/exp-A_videomae_subj3_split0.5/model_last.pth
2026-06-14 06:12:12,989 [INFO] Saved new best model to Data/models/exp-A_videomae_subj3_split0.5/model_best.pth
2026-06-14 06:12:12,989 [INFO] Unfreezing backbone for end-to-end training.
2026-06-14 06:13:35,464 [INFO] Epoch 5 | Train Loss: 0.6468 | Val Loss: 0.0000 | Acc: 0.4651 | F1: 0.3429 | P: 0.4286 | R: 0.2857
2026-06-14 06:13:35,656 [INFO] Saved confusion matrix and qualitative samples to Results/exp-A_videomae_subj3_split0.5_2026-06-14_06-03-45
2026-06-14 06:14:04,059 [INFO] Saved last model to Data/models/exp-A_videomae_subj3_split0.5/model_last.pth
2026-06-14 06:14:31,606 [INFO] Saved new best model to Data/models/exp-A_videomae_subj3_split0.5/model_best.pth
2026-06-14 06:15:58,971 [INFO] Epoch 6 | Train Loss: 0.6469 | Val Loss: 0.0000 | Acc: 0.5349 | F1: 0.3333 | P: 0.5556 | R: 0.2381
2026-06-14 06:16:52,160 [INFO] Saved last model to Data/models/exp-A_videomae_subj3_split0.5/model_last.pth
2026-06-14 06:18:15,415 [INFO] Epoch 7 | Train Loss: 0.6577 | Val Loss: 0.0000 | Acc: 0.5116 | F1: 0.3636 | P: 0.5000 | R: 0.2857
2026-06-14 06:18:15,601 [INFO] Saved confusion matrix and qualitative samples to Results/exp-A_videomae_subj3_split0.5_2026-06-14_06-03-45
2026-06-14 06:18:43,278 [INFO] Saved last model to Data/models/exp-A_videomae_subj3_split0.5/model_last.pth
2026-06-14 06:19:10,917 [INFO] Saved new best model to Data/models/exp-A_videomae_subj3_split0.5/model_best.pth
2026-06-14 06:20:35,693 [INFO] Epoch 8 | Train Loss: 0.6354 | Val Loss: 0.0000 | Acc: 0.5116 | F1: 0.2759 | P: 0.5000 | R: 0.1905
2026-06-14 06:21:18,411 [INFO] Saved last model to Data/models/exp-A_videomae_subj3_split0.5/model_last.pth
2026-06-14 06:22:41,588 [INFO] Epoch 9 | Train Loss: 0.5994 | Val Loss: 0.0000 | Acc: 0.5116 | F1: 0.2759 | P: 0.5000 | R: 0.1905
2026-06-14 06:23:35,104 [INFO] Saved last model to Data/models/exp-A_videomae_subj3_split0.5/model_last.pth
2026-06-14 06:25:00,999 [INFO] Epoch 10 | Train Loss: 0.6108 | Val Loss: 0.0000 | Acc: 0.5116 | F1: 0.2759 | P: 0.5000 | R: 0.1905
2026-06-14 06:25:28,943 [INFO] Saved last model to Data/models/exp-A_videomae_subj3_split0.5/model_last.pth
2026-06-14 06:26:59,501 [INFO] Epoch 11 | Train Loss: 0.6230 | Val Loss: 0.0000 | Acc: 0.5116 | F1: 0.2759 | P: 0.5000 | R: 0.1905
2026-06-14 06:27:33,592 [INFO] Saved last model to Data/models/exp-A_videomae_subj3_split0.5/model_last.pth
2026-06-14 06:28:58,043 [INFO] Epoch 12 | Train Loss: 0.6228 | Val Loss: 0.0000 | Acc: 0.5349 | F1: 0.2857 | P: 0.5714 | R: 0.1905
2026-06-14 06:29:01,536 [INFO] Saved last model to Data/models/exp-A_videomae_subj3_split0.5/model_last.pth
2026-06-14 06:30:24,900 [INFO] Epoch 13 | Train Loss: 0.5964 | Val Loss: 0.0000 | Acc: 0.5349 | F1: 0.2857 | P: 0.5714 | R: 0.1905
2026-06-14 06:30:28,395 [INFO] Saved last model to Data/models/exp-A_videomae_subj3_split0.5/model_last.pth
2026-06-14 06:31:53,454 [INFO] Epoch 14 | Train Loss: 0.5938 | Val Loss: 0.0000 | Acc: 0.5349 | F1: 0.2857 | P: 0.5714 | R: 0.1905
2026-06-14 06:32:47,093 [INFO] Saved last model to Data/models/exp-A_videomae_subj3_split0.5/model_last.pth
2026-06-14 06:34:10,304 [INFO] Epoch 15 | Train Loss: 0.5889 | Val Loss: 0.0000 | Acc: 0.5349 | F1: 0.2857 | P: 0.5714 | R: 0.1905
2026-06-14 06:34:38,165 [INFO] Saved last model to Data/models/exp-A_videomae_subj3_split0.5/model_last.pth
2026-06-14 06:36:00,925 [INFO] Epoch 16 | Train Loss: 0.5687 | Val Loss: 0.0000 | Acc: 0.5349 | F1: 0.2857 | P: 0.5714 | R: 0.1905
2026-06-14 06:36:54,046 [INFO] Saved last model to Data/models/exp-A_videomae_subj3_split0.5/model_last.pth
2026-06-14 06:38:14,787 [INFO] Epoch 17 | Train Loss: 0.5756 | Val Loss: 0.0000 | Acc: 0.5116 | F1: 0.2759 | P: 0.5000 | R: 0.1905
2026-06-14 06:38:42,520 [INFO] Saved last model to Data/models/exp-A_videomae_subj3_split0.5/model_last.pth
2026-06-14 06:40:08,335 [INFO] Epoch 18 | Train Loss: 0.5953 | Val Loss: 0.0000 | Acc: 0.5349 | F1: 0.2857 | P: 0.5714 | R: 0.1905
2026-06-14 06:40:36,082 [INFO] Saved last model to Data/models/exp-A_videomae_subj3_split0.5/model_last.pth
2026-06-14 06:41:58,845 [INFO] Epoch 19 | Train Loss: 0.5092 | Val Loss: 0.0000 | Acc: 0.5116 | F1: 0.2222 | P: 0.5000 | R: 0.1429
2026-06-14 06:42:41,965 [INFO] Saved last model to Data/models/exp-A_videomae_subj3_split0.5/model_last.pth
2026-06-14 06:42:41,965 [INFO] Finished Subj 3 with Best F1: 0.3636
2026-06-14 06:42:41,966 [INFO] Initialized Experiment Logger for: exp-A_videomae_subj4_split0.5
2026-06-14 06:42:41,966 [INFO] Hyperparameters saved to Results/exp-A_videomae_subj4_split0.5_2026-06-14_06-42-41/hyperparams.json
2026-06-14 06:42:41,966 [INFO] --- Fold for Test Subject 4 ---
2026-06-14 06:42:42,424 [INFO] Freezing backbone for 5 epochs.
2026-06-14 06:44:06,730 [INFO] Epoch 0 | Train Loss: 0.7122 | Val Loss: 0.0000 | Acc: 0.5405 | F1: 0.0000 | P: 0.0000 | R: 0.0000
2026-06-14 06:44:06,920 [INFO] Saved confusion matrix and qualitative samples to Results/exp-A_videomae_subj4_split0.5_2026-06-14_06-42-41
2026-06-14 06:44:08,215 [INFO] Saved last model to Data/models/exp-A_videomae_subj4_split0.5/model_last.pth
2026-06-14 06:44:09,399 [INFO] Saved new best model to Data/models/exp-A_videomae_subj4_split0.5/model_best.pth
2026-06-14 06:45:31,060 [INFO] Epoch 1 | Train Loss: 0.7247 | Val Loss: 0.0000 | Acc: 0.5405 | F1: 0.0000 | P: 0.0000 | R: 0.0000
2026-06-14 06:45:31,248 [INFO] Saved confusion matrix and qualitative samples to Results/exp-A_videomae_subj4_split0.5_2026-06-14_06-42-41
2026-06-14 06:45:56,745 [INFO] Saved last model to Data/models/exp-A_videomae_subj4_split0.5/model_last.pth
2026-06-14 06:45:57,909 [INFO] Saved new best model to Data/models/exp-A_videomae_subj4_split0.5/model_best.pth
2026-06-14 06:47:20,756 [INFO] Epoch 2 | Train Loss: 0.7361 | Val Loss: 0.0000 | Acc: 0.5405 | F1: 0.0000 | P: 0.0000 | R: 0.0000
2026-06-14 06:47:20,951 [INFO] Saved confusion matrix and qualitative samples to Results/exp-A_videomae_subj4_split0.5_2026-06-14_06-42-41
2026-06-14 06:47:22,127 [INFO] Saved last model to Data/models/exp-A_videomae_subj4_split0.5/model_last.pth
2026-06-14 06:47:56,921 [INFO] Saved new best model to Data/models/exp-A_videomae_subj4_split0.5/model_best.pth
2026-06-14 06:49:20,029 [INFO] Epoch 3 | Train Loss: 0.7949 | Val Loss: 0.0000 | Acc: 0.5405 | F1: 0.0000 | P: 0.0000 | R: 0.0000
2026-06-14 06:49:20,231 [INFO] Saved confusion matrix and qualitative samples to Results/exp-A_videomae_subj4_split0.5_2026-06-14_06-42-41
2026-06-14 06:49:21,460 [INFO] Saved last model to Data/models/exp-A_videomae_subj4_split0.5/model_last.pth
2026-06-14 06:49:22,615 [INFO] Saved new best model to Data/models/exp-A_videomae_subj4_split0.5/model_best.pth
2026-06-14 06:50:44,779 [INFO] Epoch 4 | Train Loss: 0.7957 | Val Loss: 0.0000 | Acc: 0.5405 | F1: 0.0000 | P: 0.0000 | R: 0.0000
2026-06-14 06:50:44,979 [INFO] Saved confusion matrix and qualitative samples to Results/exp-A_videomae_subj4_split0.5_2026-06-14_06-42-41
2026-06-14 06:51:07,921 [INFO] Saved last model to Data/models/exp-A_videomae_subj4_split0.5/model_last.pth
2026-06-14 06:51:11,418 [INFO] Saved new best model to Data/models/exp-A_videomae_subj4_split0.5/model_best.pth
2026-06-14 06:51:11,419 [INFO] Unfreezing backbone for end-to-end training.
2026-06-14 06:52:33,379 [INFO] Epoch 5 | Train Loss: 0.7477 | Val Loss: 0.0000 | Acc: 0.3784 | F1: 0.2069 | P: 0.2500 | R: 0.1765
2026-06-14 06:52:33,570 [INFO] Saved confusion matrix and qualitative samples to Results/exp-A_videomae_subj4_split0.5_2026-06-14_06-42-41
2026-06-14 06:53:26,568 [INFO] Saved last model to Data/models/exp-A_videomae_subj4_split0.5/model_last.pth
2026-06-14 06:53:54,111 [INFO] Saved new best model to Data/models/exp-A_videomae_subj4_split0.5/model_best.pth
2026-06-14 06:55:15,539 [INFO] Epoch 6 | Train Loss: 0.7358 | Val Loss: 0.0000 | Acc: 0.4595 | F1: 0.6000 | P: 0.4545 | R: 0.8824
2026-06-14 06:55:15,734 [INFO] Saved confusion matrix and qualitative samples to Results/exp-A_videomae_subj4_split0.5_2026-06-14_06-42-41
2026-06-14 06:55:43,759 [INFO] Saved last model to Data/models/exp-A_videomae_subj4_split0.5/model_last.pth
2026-06-14 06:56:26,386 [INFO] Saved new best model to Data/models/exp-A_videomae_subj4_split0.5/model_best.pth
2026-06-14 06:57:47,962 [INFO] Epoch 7 | Train Loss: 0.7059 | Val Loss: 0.0000 | Acc: 0.4595 | F1: 0.6296 | P: 0.4595 | R: 1.0000
2026-06-14 06:57:48,167 [INFO] Saved confusion matrix and qualitative samples to Results/exp-A_videomae_subj4_split0.5_2026-06-14_06-42-41
2026-06-14 06:57:51,574 [INFO] Saved last model to Data/models/exp-A_videomae_subj4_split0.5/model_last.pth
2026-06-14 06:58:19,700 [INFO] Saved new best model to Data/models/exp-A_videomae_subj4_split0.5/model_best.pth
2026-06-14 06:59:44,837 [INFO] Epoch 8 | Train Loss: 0.7143 | Val Loss: 0.0000 | Acc: 0.4595 | F1: 0.6296 | P: 0.4595 | R: 1.0000
2026-06-14 06:59:45,034 [INFO] Saved confusion matrix and qualitative samples to Results/exp-A_videomae_subj4_split0.5_2026-06-14_06-42-41
2026-06-14 07:00:37,697 [INFO] Saved last model to Data/models/exp-A_videomae_subj4_split0.5/model_last.pth
2026-06-14 07:01:05,220 [INFO] Saved new best model to Data/models/exp-A_videomae_subj4_split0.5/model_best.pth
2026-06-14 07:02:28,935 [INFO] Epoch 9 | Train Loss: 0.6699 | Val Loss: 0.0000 | Acc: 0.4595 | F1: 0.6296 | P: 0.4595 | R: 1.0000
2026-06-14 07:02:29,124 [INFO] Saved confusion matrix and qualitative samples to Results/exp-A_videomae_subj4_split0.5_2026-06-14_06-42-41
2026-06-14 07:03:21,499 [INFO] Saved last model to Data/models/exp-A_videomae_subj4_split0.5/model_last.pth
2026-06-14 07:03:49,054 [INFO] Saved new best model to Data/models/exp-A_videomae_subj4_split0.5/model_best.pth
2026-06-14 07:05:12,913 [INFO] Epoch 10 | Train Loss: 0.6157 | Val Loss: 0.0000 | Acc: 0.4595 | F1: 0.6296 | P: 0.4595 | R: 1.0000
2026-06-14 07:05:13,104 [INFO] Saved confusion matrix and qualitative samples to Results/exp-A_videomae_subj4_split0.5_2026-06-14_06-42-41
2026-06-14 07:06:05,950 [INFO] Saved last model to Data/models/exp-A_videomae_subj4_split0.5/model_last.pth
2026-06-14 07:06:33,585 [INFO] Saved new best model to Data/models/exp-A_videomae_subj4_split0.5/model_best.pth
2026-06-14 07:07:56,023 [INFO] Epoch 11 | Train Loss: 0.6570 | Val Loss: 0.0000 | Acc: 0.4595 | F1: 0.6296 | P: 0.4595 | R: 1.0000
2026-06-14 07:07:56,213 [INFO] Saved confusion matrix and qualitative samples to Results/exp-A_videomae_subj4_split0.5_2026-06-14_06-42-41
2026-06-14 07:08:23,775 [INFO] Saved last model to Data/models/exp-A_videomae_subj4_split0.5/model_last.pth
2026-06-14 07:08:42,599 [INFO] Saved new best model to Data/models/exp-A_videomae_subj4_split0.5/model_best.pth
2026-06-14 07:10:05,771 [INFO] Epoch 12 | Train Loss: 0.6432 | Val Loss: 0.0000 | Acc: 0.4595 | F1: 0.6296 | P: 0.4595 | R: 1.0000
2026-06-14 07:10:05,971 [INFO] Saved confusion matrix and qualitative samples to Results/exp-A_videomae_subj4_split0.5_2026-06-14_06-42-41
2026-06-14 07:10:09,361 [INFO] Saved last model to Data/models/exp-A_videomae_subj4_split0.5/model_last.pth
2026-06-14 07:11:02,344 [INFO] Saved new best model to Data/models/exp-A_videomae_subj4_split0.5/model_best.pth
2026-06-14 07:12:23,760 [INFO] Epoch 13 | Train Loss: 0.6411 | Val Loss: 0.0000 | Acc: 0.4595 | F1: 0.6296 | P: 0.4595 | R: 1.0000
2026-06-14 07:12:23,956 [INFO] Saved confusion matrix and qualitative samples to Results/exp-A_videomae_subj4_split0.5_2026-06-14_06-42-41
2026-06-14 07:12:51,710 [INFO] Saved last model to Data/models/exp-A_videomae_subj4_split0.5/model_last.pth
2026-06-14 07:13:44,490 [INFO] Saved new best model to Data/models/exp-A_videomae_subj4_split0.5/model_best.pth
2026-06-14 07:15:09,696 [INFO] Epoch 14 | Train Loss: 0.6774 | Val Loss: 0.0000 | Acc: 0.4595 | F1: 0.6296 | P: 0.4595 | R: 1.0000
2026-06-14 07:15:10,057 [INFO] Saved confusion matrix and qualitative samples to Results/exp-A_videomae_subj4_split0.5_2026-06-14_06-42-41
2026-06-14 07:15:37,738 [INFO] Saved last model to Data/models/exp-A_videomae_subj4_split0.5/model_last.pth
2026-06-14 07:16:30,378 [INFO] Saved new best model to Data/models/exp-A_videomae_subj4_split0.5/model_best.pth
2026-06-14 07:17:54,597 [INFO] Epoch 15 | Train Loss: 0.6176 | Val Loss: 0.0000 | Acc: 0.4595 | F1: 0.6296 | P: 0.4595 | R: 1.0000
2026-06-14 07:17:54,804 [INFO] Saved confusion matrix and qualitative samples to Results/exp-A_videomae_subj4_split0.5_2026-06-14_06-42-41
2026-06-14 07:18:22,429 [INFO] Saved last model to Data/models/exp-A_videomae_subj4_split0.5/model_last.pth
2026-06-14 07:19:07,269 [INFO] Saved new best model to Data/models/exp-A_videomae_subj4_split0.5/model_best.pth
2026-06-14 07:20:30,385 [INFO] Epoch 16 | Train Loss: 0.6842 | Val Loss: 0.0000 | Acc: 0.4595 | F1: 0.6296 | P: 0.4595 | R: 1.0000
2026-06-14 07:20:30,590 [INFO] Saved confusion matrix and qualitative samples to Results/exp-A_videomae_subj4_split0.5_2026-06-14_06-42-41
2026-06-14 07:20:58,252 [INFO] Saved last model to Data/models/exp-A_videomae_subj4_split0.5/model_last.pth
2026-06-14 07:21:18,793 [INFO] Saved new best model to Data/models/exp-A_videomae_subj4_split0.5/model_best.pth
2026-06-14 07:22:42,700 [INFO] Epoch 17 | Train Loss: 0.6237 | Val Loss: 0.0000 | Acc: 0.4324 | F1: 0.6038 | P: 0.4444 | R: 0.9412
2026-06-14 07:22:46,196 [INFO] Saved last model to Data/models/exp-A_videomae_subj4_split0.5/model_last.pth
2026-06-14 07:24:10,976 [INFO] Epoch 18 | Train Loss: 0.5881 | Val Loss: 0.0000 | Acc: 0.4595 | F1: 0.6296 | P: 0.4595 | R: 1.0000
2026-06-14 07:24:11,174 [INFO] Saved confusion matrix and qualitative samples to Results/exp-A_videomae_subj4_split0.5_2026-06-14_06-42-41
2026-06-14 07:24:14,561 [INFO] Saved last model to Data/models/exp-A_videomae_subj4_split0.5/model_last.pth
2026-06-14 07:25:07,527 [INFO] Saved new best model to Data/models/exp-A_videomae_subj4_split0.5/model_best.pth
2026-06-14 07:26:27,971 [INFO] Epoch 19 | Train Loss: 0.5653 | Val Loss: 0.0000 | Acc: 0.4595 | F1: 0.6296 | P: 0.4595 | R: 1.0000
2026-06-14 07:26:28,176 [INFO] Saved confusion matrix and qualitative samples to Results/exp-A_videomae_subj4_split0.5_2026-06-14_06-42-41
2026-06-14 07:26:55,870 [INFO] Saved last model to Data/models/exp-A_videomae_subj4_split0.5/model_last.pth
2026-06-14 07:27:23,459 [INFO] Saved new best model to Data/models/exp-A_videomae_subj4_split0.5/model_best.pth
2026-06-14 07:27:23,459 [INFO] Finished Subj 4 with Best F1: 0.6296
