2026-05-30 16:15:03,306 [INFO] Initialized Experiment Logger for: exp-A-rgb-baseline_videomae
2026-05-30 16:15:03,307 [INFO] Hyperparameters saved to Results/exp-A-rgb-baseline_videomae_2026-05-30_16-15-03/hyperparams.json
2026-05-30 16:15:03,307 [INFO] Loading data from Data/raw/kinetics400_5per/train
2026-05-30 16:15:03,992 [INFO] Start pretraining for 30 epochs
2026-05-30 17:05:29,439 [INFO] Epoch 0 | Train Loss: 1.1748
2026-05-30 17:05:30,302 [INFO] Saved last model to Data/models/exp-A-rgb-baseline_videomae/model_last.pth
2026-05-30 17:05:31,023 [INFO] Saved new best model to Data/models/exp-A-rgb-baseline_videomae/model_best.pth
2026-05-30 17:55:24,925 [INFO] Epoch 1 | Train Loss: 1.1406
2026-05-30 17:55:53,642 [INFO] Saved last model to Data/models/exp-A-rgb-baseline_videomae/model_last.pth
2026-05-30 17:56:21,451 [INFO] Saved new best model to Data/models/exp-A-rgb-baseline_videomae/model_best.pth
2026-05-30 18:46:55,776 [INFO] Epoch 2 | Train Loss: 1.1201
2026-05-30 18:47:23,692 [INFO] Saved last model to Data/models/exp-A-rgb-baseline_videomae/model_last.pth
2026-05-30 18:48:10,065 [INFO] Saved new best model to Data/models/exp-A-rgb-baseline_videomae/model_best.pth
2026-05-30 19:37:40,882 [INFO] Epoch 3 | Train Loss: 1.0980
2026-05-30 19:38:08,877 [INFO] Saved last model to Data/models/exp-A-rgb-baseline_videomae/model_last.pth
2026-05-30 19:38:36,674 [INFO] Saved new best model to Data/models/exp-A-rgb-baseline_videomae/model_best.pth
2026-05-30 20:29:16,050 [INFO] Epoch 4 | Train Loss: 1.0848
2026-05-30 20:29:44,016 [INFO] Saved last model to Data/models/exp-A-rgb-baseline_videomae/model_last.pth
2026-05-30 20:30:02,351 [INFO] Saved new best model to Data/models/exp-A-rgb-baseline_videomae/model_best.pth
2026-05-30 21:20:55,844 [INFO] Epoch 5 | Train Loss: 1.0761
2026-05-30 21:21:11,931 [INFO] Saved last model to Data/models/exp-A-rgb-baseline_videomae/model_last.pth
2026-05-30 21:21:36,675 [INFO] Saved new best model to Data/models/exp-A-rgb-baseline_videomae/model_best.pth
2026-05-30 22:12:05,577 [INFO] Epoch 6 | Train Loss: 1.0665
2026-05-30 22:12:15,012 [INFO] Saved last model to Data/models/exp-A-rgb-baseline_videomae/model_last.pth
2026-05-30 22:12:36,398 [INFO] Saved new best model to Data/models/exp-A-rgb-baseline_videomae/model_best.pth
2026-05-30 23:02:09,676 [INFO] Epoch 7 | Train Loss: 1.0620
2026-05-30 23:02:13,394 [INFO] Saved last model to Data/models/exp-A-rgb-baseline_videomae/model_last.pth
2026-05-30 23:02:41,294 [INFO] Saved new best model to Data/models/exp-A-rgb-baseline_videomae/model_best.pth
2026-05-30 23:53:36,155 [INFO] Epoch 8 | Train Loss: 1.0545
2026-05-30 23:54:04,152 [INFO] Saved last model to Data/models/exp-A-rgb-baseline_videomae/model_last.pth
2026-05-30 23:54:32,003 [INFO] Saved new best model to Data/models/exp-A-rgb-baseline_videomae/model_best.pth
2026-05-31 00:44:54,076 [INFO] Epoch 9 | Train Loss: 1.0447
2026-05-31 00:45:48,537 [INFO] Saved last model to Data/models/exp-A-rgb-baseline_videomae/model_last.pth
2026-05-31 00:46:16,293 [INFO] Saved new best model to Data/models/exp-A-rgb-baseline_videomae/model_best.pth
2026-05-31 01:36:51,259 [INFO] Epoch 10 | Train Loss: 1.0479
2026-05-31 01:37:19,369 [INFO] Saved last model to Data/models/exp-A-rgb-baseline_videomae/model_last.pth
2026-05-31 02:26:52,342 [INFO] Epoch 11 | Train Loss: 1.0420
2026-05-31 02:27:20,329 [INFO] Saved last model to Data/models/exp-A-rgb-baseline_videomae/model_last.pth
2026-05-31 02:28:14,325 [INFO] Saved new best model to Data/models/exp-A-rgb-baseline_videomae/model_best.pth
2026-05-31 03:19:09,060 [INFO] Epoch 12 | Train Loss: 1.0422
2026-05-31 03:19:37,068 [INFO] Saved last model to Data/models/exp-A-rgb-baseline_videomae/model_last.pth
2026-05-31 04:10:46,164 [INFO] Epoch 13 | Train Loss: 1.0415
2026-05-31 04:11:14,186 [INFO] Saved last model to Data/models/exp-A-rgb-baseline_videomae/model_last.pth
2026-05-31 04:11:42,587 [INFO] Saved new best model to Data/models/exp-A-rgb-baseline_videomae/model_best.pth
2026-05-31 05:02:00,430 [INFO] Epoch 14 | Train Loss: 1.0323
2026-05-31 05:02:28,396 [INFO] Saved last model to Data/models/exp-A-rgb-baseline_videomae/model_last.pth
2026-05-31 05:02:56,273 [INFO] Saved new best model to Data/models/exp-A-rgb-baseline_videomae/model_best.pth
2026-05-31 05:50:41,597 [INFO] Epoch 15 | Train Loss: 1.0392
2026-05-31 05:51:09,557 [INFO] Saved last model to Data/models/exp-A-rgb-baseline_videomae/model_last.pth
2026-05-31 06:42:35,496 [INFO] Epoch 16 | Train Loss: 1.0277
2026-05-31 06:43:03,443 [INFO] Saved last model to Data/models/exp-A-rgb-baseline_videomae/model_last.pth
2026-05-31 06:43:31,231 [INFO] Saved new best model to Data/models/exp-A-rgb-baseline_videomae/model_best.pth
2026-05-31 07:34:04,170 [INFO] Epoch 17 | Train Loss: 1.0314
2026-05-31 07:34:32,272 [INFO] Saved last model to Data/models/exp-A-rgb-baseline_videomae/model_last.pth
2026-05-31 08:24:30,447 [INFO] Epoch 18 | Train Loss: 1.0281
2026-05-31 08:25:22,403 [INFO] Saved last model to Data/models/exp-A-rgb-baseline_videomae/model_last.pth
2026-05-31 09:14:11,320 [INFO] Epoch 19 | Train Loss: 1.0217
2026-05-31 09:15:05,038 [INFO] Saved last model to Data/models/exp-A-rgb-baseline_videomae/model_last.pth
2026-05-31 09:15:32,860 [INFO] Saved new best model to Data/models/exp-A-rgb-baseline_videomae/model_best.pth
2026-05-31 10:06:05,671 [INFO] Epoch 20 | Train Loss: 1.0247
2026-05-31 10:06:33,728 [INFO] Saved last model to Data/models/exp-A-rgb-baseline_videomae/model_last.pth
2026-05-31 10:56:44,374 [INFO] Epoch 21 | Train Loss: 1.0226
2026-05-31 10:57:12,368 [INFO] Saved last model to Data/models/exp-A-rgb-baseline_videomae/model_last.pth
2026-05-31 11:47:23,601 [INFO] Epoch 22 | Train Loss: 1.0261
2026-05-31 11:47:51,449 [INFO] Saved last model to Data/models/exp-A-rgb-baseline_videomae/model_last.pth
2026-05-31 12:39:08,902 [INFO] Epoch 23 | Train Loss: 1.0219
2026-05-31 12:39:36,891 [INFO] Saved last model to Data/models/exp-A-rgb-baseline_videomae/model_last.pth
2026-05-31 13:29:45,213 [INFO] Epoch 24 | Train Loss: 1.0185
2026-05-31 13:30:13,240 [INFO] Saved last model to Data/models/exp-A-rgb-baseline_videomae/model_last.pth
2026-05-31 13:30:56,083 [INFO] Saved new best model to Data/models/exp-A-rgb-baseline_videomae/model_best.pth
2026-05-31 14:22:02,942 [INFO] Epoch 25 | Train Loss: 1.0169
2026-05-31 14:22:30,954 [INFO] Saved last model to Data/models/exp-A-rgb-baseline_videomae/model_last.pth
2026-05-31 14:22:57,809 [INFO] Saved new best model to Data/models/exp-A-rgb-baseline_videomae/model_best.pth
2026-05-31 15:13:08,762 [INFO] Epoch 26 | Train Loss: 1.0122
2026-05-31 15:13:35,314 [INFO] Saved last model to Data/models/exp-A-rgb-baseline_videomae/model_last.pth
2026-05-31 15:13:51,259 [INFO] Saved new best model to Data/models/exp-A-rgb-baseline_videomae/model_best.pth
2026-05-31 16:04:12,626 [INFO] Epoch 27 | Train Loss: 1.0204
2026-05-31 16:04:32,479 [INFO] Saved last model to Data/models/exp-A-rgb-baseline_videomae/model_last.pth
2026-05-31 16:55:05,654 [INFO] Epoch 28 | Train Loss: 1.0150
2026-05-31 16:55:31,893 [INFO] Saved last model to Data/models/exp-A-rgb-baseline_videomae/model_last.pth
2026-05-31 17:45:15,785 [INFO] Epoch 29 | Train Loss: 1.0115
2026-05-31 17:45:43,729 [INFO] Saved last model to Data/models/exp-A-rgb-baseline_videomae/model_last.pth
2026-05-31 17:46:04,800 [INFO] Saved new best model to Data/models/exp-A-rgb-baseline_videomae/model_best.pth
