2026-06-15 19:02:48,225 [INFO] Initialized Experiment Logger for: sth_mae_pretrain_0.75
2026-06-15 19:02:48,225 [INFO] Hyperparameters saved to Results/sth_mae_pretrain_0.75_2026-06-15_19-02-48/hyperparams.json
2026-06-15 19:02:49,428 [INFO] Starting training loop...
2026-06-15 19:29:20,441 [INFO] Epoch 0 | Train Loss: 0.0839
2026-06-15 19:29:21,329 [INFO] Saved last model to Data/models/sth_mae_pretrain_0.75/model_last.pth
2026-06-15 19:29:22,200 [INFO] Saved new best model to Data/models/sth_mae_pretrain_0.75/model_best.pth
2026-06-15 19:55:50,858 [INFO] Epoch 1 | Train Loss: 0.0820
2026-06-15 19:56:20,208 [INFO] Saved last model to Data/models/sth_mae_pretrain_0.75/model_last.pth
2026-06-15 19:57:25,487 [INFO] Saved new best model to Data/models/sth_mae_pretrain_0.75/model_best.pth
2026-06-15 20:23:46,189 [INFO] Epoch 2 | Train Loss: 0.0819
2026-06-15 20:24:15,368 [INFO] Saved last model to Data/models/sth_mae_pretrain_0.75/model_last.pth
2026-06-15 20:25:10,041 [INFO] Saved new best model to Data/models/sth_mae_pretrain_0.75/model_best.pth
2026-06-15 20:51:18,673 [INFO] Epoch 3 | Train Loss: 0.0818
2026-06-15 20:51:48,108 [INFO] Saved last model to Data/models/sth_mae_pretrain_0.75/model_last.pth
2026-06-15 20:52:28,033 [INFO] Saved new best model to Data/models/sth_mae_pretrain_0.75/model_best.pth
2026-06-15 21:18:39,301 [INFO] Epoch 4 | Train Loss: 0.0818
2026-06-15 21:19:08,205 [INFO] Saved last model to Data/models/sth_mae_pretrain_0.75/model_last.pth
2026-06-15 21:20:02,973 [INFO] Saved new best model to Data/models/sth_mae_pretrain_0.75/model_best.pth
2026-06-15 21:46:13,926 [INFO] Epoch 5 | Train Loss: 0.0818
2026-06-15 21:46:43,589 [INFO] Saved last model to Data/models/sth_mae_pretrain_0.75/model_last.pth
2026-06-15 21:47:12,205 [INFO] Saved new best model to Data/models/sth_mae_pretrain_0.75/model_best.pth
2026-06-15 22:13:38,030 [INFO] Epoch 6 | Train Loss: 0.0818
2026-06-15 22:14:08,208 [INFO] Saved last model to Data/models/sth_mae_pretrain_0.75/model_last.pth
2026-06-15 22:41:02,013 [INFO] Epoch 7 | Train Loss: 0.0817
2026-06-15 22:41:57,544 [INFO] Saved last model to Data/models/sth_mae_pretrain_0.75/model_last.pth
2026-06-15 22:42:26,277 [INFO] Saved new best model to Data/models/sth_mae_pretrain_0.75/model_best.pth
