2026-06-14 07:27:26,673 [INFO] Initialized Experiment Logger for: exp-A_videomae_subj1_split0.5
2026-06-14 07:27:26,673 [INFO] Hyperparameters saved to Results/exp-A_videomae_subj1_split0.5_2026-06-14_07-27-26/hyperparams.json
2026-06-14 07:27:26,673 [INFO] --- Fold for Test Subject 1 ---
2026-06-14 07:27:27,277 [INFO] Freezing backbone for 5 epochs.
2026-06-14 07:28:39,507 [INFO] Epoch 0 | Train Loss: 0.7082 | Val Loss: 0.0000 | Acc: 0.5000 | F1: 0.6667 | P: 0.5000 | R: 1.0000
2026-06-14 07:28:39,705 [INFO] Saved confusion matrix and qualitative samples to Results/exp-A_videomae_subj1_split0.5_2026-06-14_07-27-26
2026-06-14 07:28:40,869 [INFO] Saved last model to Data/models/exp-A_videomae_subj1_split0.5/model_last.pth
2026-06-14 07:29:11,756 [INFO] Saved new best model to Data/models/exp-A_videomae_subj1_split0.5/model_best.pth
2026-06-14 07:30:26,491 [INFO] Epoch 1 | Train Loss: 0.7339 | Val Loss: 0.0000 | Acc: 0.5000 | F1: 0.6667 | P: 0.5000 | R: 1.0000
2026-06-14 07:30:26,686 [INFO] Saved confusion matrix and qualitative samples to Results/exp-A_videomae_subj1_split0.5_2026-06-14_07-27-26
2026-06-14 07:30:27,886 [INFO] Saved last model to Data/models/exp-A_videomae_subj1_split0.5/model_last.pth
2026-06-14 07:30:29,044 [INFO] Saved new best model to Data/models/exp-A_videomae_subj1_split0.5/model_best.pth
2026-06-14 07:31:47,661 [INFO] Epoch 2 | Train Loss: 0.6701 | Val Loss: 0.0000 | Acc: 0.5000 | F1: 0.6667 | P: 0.5000 | R: 1.0000
2026-06-14 07:31:47,858 [INFO] Saved confusion matrix and qualitative samples to Results/exp-A_videomae_subj1_split0.5_2026-06-14_07-27-26
2026-06-14 07:32:13,255 [INFO] Saved last model to Data/models/exp-A_videomae_subj1_split0.5/model_last.pth
2026-06-14 07:32:14,471 [INFO] Saved new best model to Data/models/exp-A_videomae_subj1_split0.5/model_best.pth
2026-06-14 07:33:28,618 [INFO] Epoch 3 | Train Loss: 0.7070 | Val Loss: 0.0000 | Acc: 0.5000 | F1: 0.6667 | P: 0.5000 | R: 1.0000
2026-06-14 07:33:28,809 [INFO] Saved confusion matrix and qualitative samples to Results/exp-A_videomae_subj1_split0.5_2026-06-14_07-27-26
2026-06-14 07:33:30,080 [INFO] Saved last model to Data/models/exp-A_videomae_subj1_split0.5/model_last.pth
2026-06-14 07:33:51,667 [INFO] Saved new best model to Data/models/exp-A_videomae_subj1_split0.5/model_best.pth
2026-06-14 07:35:02,851 [INFO] Epoch 4 | Train Loss: 0.6744 | Val Loss: 0.0000 | Acc: 0.5000 | F1: 0.6667 | P: 0.5000 | R: 1.0000
2026-06-14 07:35:03,049 [INFO] Saved confusion matrix and qualitative samples to Results/exp-A_videomae_subj1_split0.5_2026-06-14_07-27-26
2026-06-14 07:35:04,231 [INFO] Saved last model to Data/models/exp-A_videomae_subj1_split0.5/model_last.pth
2026-06-14 07:35:05,387 [INFO] Saved new best model to Data/models/exp-A_videomae_subj1_split0.5/model_best.pth
2026-06-14 07:35:05,387 [INFO] Unfreezing backbone for end-to-end training.
2026-06-14 07:36:20,886 [INFO] Epoch 5 | Train Loss: 1.4149 | Val Loss: 0.0000 | Acc: 0.5625 | F1: 0.6957 | P: 0.5333 | R: 1.0000
2026-06-14 07:36:21,076 [INFO] Saved confusion matrix and qualitative samples to Results/exp-A_videomae_subj1_split0.5_2026-06-14_07-27-26
2026-06-14 07:36:48,777 [INFO] Saved last model to Data/models/exp-A_videomae_subj1_split0.5/model_last.pth
2026-06-14 07:37:40,930 [INFO] Saved new best model to Data/models/exp-A_videomae_subj1_split0.5/model_best.pth
2026-06-14 07:38:55,999 [INFO] Epoch 6 | Train Loss: 0.6464 | Val Loss: 0.0000 | Acc: 0.3125 | F1: 0.0000 | P: 0.0000 | R: 0.0000
2026-06-14 07:39:23,805 [INFO] Saved last model to Data/models/exp-A_videomae_subj1_split0.5/model_last.pth
2026-06-14 07:40:40,431 [INFO] Epoch 7 | Train Loss: 0.6594 | Val Loss: 0.0000 | Acc: 0.4375 | F1: 0.6087 | P: 0.4667 | R: 0.8750
2026-06-14 07:41:33,209 [INFO] Saved last model to Data/models/exp-A_videomae_subj1_split0.5/model_last.pth
2026-06-14 07:42:52,589 [INFO] Epoch 8 | Train Loss: 0.6440 | Val Loss: 0.0000 | Acc: 0.3438 | F1: 0.0000 | P: 0.0000 | R: 0.0000
2026-06-14 07:43:21,062 [INFO] Saved last model to Data/models/exp-A_videomae_subj1_split0.5/model_last.pth
2026-06-14 07:44:37,976 [INFO] Epoch 9 | Train Loss: 0.6006 | Val Loss: 0.0000 | Acc: 0.4688 | F1: 0.5143 | P: 0.4737 | R: 0.5625
2026-06-14 07:45:05,667 [INFO] Saved last model to Data/models/exp-A_videomae_subj1_split0.5/model_last.pth
2026-06-14 07:46:20,075 [INFO] Epoch 10 | Train Loss: 0.5789 | Val Loss: 0.0000 | Acc: 0.4062 | F1: 0.4242 | P: 0.4118 | R: 0.4375
2026-06-14 07:46:38,554 [INFO] Saved last model to Data/models/exp-A_videomae_subj1_split0.5/model_last.pth
2026-06-14 07:47:51,253 [INFO] Epoch 11 | Train Loss: 0.5383 | Val Loss: 0.0000 | Acc: 0.3438 | F1: 0.1600 | P: 0.2222 | R: 0.1250
2026-06-14 07:47:55,874 [INFO] Saved last model to Data/models/exp-A_videomae_subj1_split0.5/model_last.pth
2026-06-14 07:49:12,187 [INFO] Epoch 12 | Train Loss: 0.4775 | Val Loss: 0.0000 | Acc: 0.3125 | F1: 0.2143 | P: 0.2500 | R: 0.1875
2026-06-14 07:49:15,687 [INFO] Saved last model to Data/models/exp-A_videomae_subj1_split0.5/model_last.pth
2026-06-14 07:50:34,521 [INFO] Epoch 13 | Train Loss: 0.3883 | Val Loss: 0.0000 | Acc: 0.3125 | F1: 0.1538 | P: 0.2000 | R: 0.1250
2026-06-14 07:51:02,302 [INFO] Saved last model to Data/models/exp-A_videomae_subj1_split0.5/model_last.pth
2026-06-14 07:52:18,373 [INFO] Epoch 14 | Train Loss: 0.3442 | Val Loss: 0.0000 | Acc: 0.2188 | F1: 0.1379 | P: 0.1538 | R: 0.1250
2026-06-14 07:52:46,163 [INFO] Saved last model to Data/models/exp-A_videomae_subj1_split0.5/model_last.pth
2026-06-14 07:54:04,591 [INFO] Epoch 15 | Train Loss: 0.3339 | Val Loss: 0.0000 | Acc: 0.5000 | F1: 0.6000 | P: 0.5000 | R: 0.7500
2026-06-14 07:54:57,279 [INFO] Saved last model to Data/models/exp-A_videomae_subj1_split0.5/model_last.pth
2026-06-14 07:56:11,928 [INFO] Epoch 16 | Train Loss: 0.2485 | Val Loss: 0.0000 | Acc: 0.2812 | F1: 0.1481 | P: 0.1818 | R: 0.1250
2026-06-14 07:56:39,785 [INFO] Saved last model to Data/models/exp-A_videomae_subj1_split0.5/model_last.pth
2026-06-14 07:57:54,299 [INFO] Epoch 17 | Train Loss: 0.6959 | Val Loss: 0.0000 | Acc: 0.3438 | F1: 0.5116 | P: 0.4074 | R: 0.6875
2026-06-14 07:58:22,571 [INFO] Saved last model to Data/models/exp-A_videomae_subj1_split0.5/model_last.pth
2026-06-14 07:59:39,304 [INFO] Epoch 18 | Train Loss: 0.4890 | Val Loss: 0.0000 | Acc: 0.3750 | F1: 0.3333 | P: 0.3571 | R: 0.3125
2026-06-14 08:00:26,700 [INFO] Saved last model to Data/models/exp-A_videomae_subj1_split0.5/model_last.pth
2026-06-14 08:01:49,849 [INFO] Epoch 19 | Train Loss: 0.5110 | Val Loss: 0.0000 | Acc: 0.3125 | F1: 0.0000 | P: 0.0000 | R: 0.0000
2026-06-14 08:02:17,562 [INFO] Saved last model to Data/models/exp-A_videomae_subj1_split0.5/model_last.pth
2026-06-14 08:02:17,562 [INFO] Finished Subj 1 with Best F1: 0.6957
2026-06-14 08:02:17,562 [INFO] Initialized Experiment Logger for: exp-A_videomae_subj2_split0.5
2026-06-14 08:02:17,563 [INFO] Hyperparameters saved to Results/exp-A_videomae_subj2_split0.5_2026-06-14_08-02-17/hyperparams.json
2026-06-14 08:02:17,563 [INFO] --- Fold for Test Subject 2 ---
2026-06-14 08:02:18,014 [INFO] Freezing backbone for 5 epochs.
2026-06-14 08:03:48,388 [INFO] Epoch 0 | Train Loss: 0.8070 | Val Loss: 0.0000 | Acc: 0.3958 | F1: 0.4528 | P: 0.4286 | R: 0.4800
2026-06-14 08:03:48,577 [INFO] Saved confusion matrix and qualitative samples to Results/exp-A_videomae_subj2_split0.5_2026-06-14_08-02-17
2026-06-14 08:03:49,747 [INFO] Saved last model to Data/models/exp-A_videomae_subj2_split0.5/model_last.pth
2026-06-14 08:03:50,926 [INFO] Saved new best model to Data/models/exp-A_videomae_subj2_split0.5/model_best.pth
2026-06-14 08:05:18,260 [INFO] Epoch 1 | Train Loss: 0.6964 | Val Loss: 0.0000 | Acc: 0.5208 | F1: 0.2581 | P: 0.6667 | R: 0.1600
2026-06-14 08:05:42,723 [INFO] Saved last model to Data/models/exp-A_videomae_subj2_split0.5/model_last.pth
2026-06-14 08:07:10,098 [INFO] Epoch 2 | Train Loss: 0.6854 | Val Loss: 0.0000 | Acc: 0.5208 | F1: 0.2581 | P: 0.6667 | R: 0.1600
2026-06-14 08:07:11,418 [INFO] Saved last model to Data/models/exp-A_videomae_subj2_split0.5/model_last.pth
2026-06-14 08:08:39,593 [INFO] Epoch 3 | Train Loss: 0.6587 | Val Loss: 0.0000 | Acc: 0.5208 | F1: 0.2581 | P: 0.6667 | R: 0.1600
2026-06-14 08:08:40,890 [INFO] Saved last model to Data/models/exp-A_videomae_subj2_split0.5/model_last.pth
2026-06-14 08:10:09,122 [INFO] Epoch 4 | Train Loss: 0.7191 | Val Loss: 0.0000 | Acc: 0.5208 | F1: 0.2581 | P: 0.6667 | R: 0.1600
2026-06-14 08:10:29,838 [INFO] Saved last model to Data/models/exp-A_videomae_subj2_split0.5/model_last.pth
2026-06-14 08:10:29,839 [INFO] Unfreezing backbone for end-to-end training.
2026-06-14 08:11:57,719 [INFO] Epoch 5 | Train Loss: 1.5605 | Val Loss: 0.0000 | Acc: 0.4792 | F1: 0.0000 | P: 0.0000 | R: 0.0000
2026-06-14 08:12:06,026 [INFO] Saved last model to Data/models/exp-A_videomae_subj2_split0.5/model_last.pth
2026-06-14 08:13:33,846 [INFO] Epoch 6 | Train Loss: 1.0084 | Val Loss: 0.0000 | Acc: 0.6250 | F1: 0.5000 | P: 0.8182 | R: 0.3600
2026-06-14 08:13:34,044 [INFO] Saved confusion matrix and qualitative samples to Results/exp-A_videomae_subj2_split0.5_2026-06-14_08-02-17
2026-06-14 08:13:37,857 [INFO] Saved last model to Data/models/exp-A_videomae_subj2_split0.5/model_last.pth
2026-06-14 08:14:05,510 [INFO] Saved new best model to Data/models/exp-A_videomae_subj2_split0.5/model_best.pth
2026-06-14 08:15:34,300 [INFO] Epoch 7 | Train Loss: 1.0243 | Val Loss: 0.0000 | Acc: 0.4792 | F1: 0.0000 | P: 0.0000 | R: 0.0000
2026-06-14 08:16:02,671 [INFO] Saved last model to Data/models/exp-A_videomae_subj2_split0.5/model_last.pth
2026-06-14 08:17:30,076 [INFO] Epoch 8 | Train Loss: 0.6994 | Val Loss: 0.0000 | Acc: 0.4792 | F1: 0.6269 | P: 0.5000 | R: 0.8400
2026-06-14 08:17:30,282 [INFO] Saved confusion matrix and qualitative samples to Results/exp-A_videomae_subj2_split0.5_2026-06-14_08-02-17
2026-06-14 08:18:22,845 [INFO] Saved last model to Data/models/exp-A_videomae_subj2_split0.5/model_last.pth
2026-06-14 08:18:50,548 [INFO] Saved new best model to Data/models/exp-A_videomae_subj2_split0.5/model_best.pth
2026-06-14 08:20:20,975 [INFO] Epoch 9 | Train Loss: 0.7352 | Val Loss: 0.0000 | Acc: 0.4792 | F1: 0.0000 | P: 0.0000 | R: 0.0000
2026-06-14 08:20:48,786 [INFO] Saved last model to Data/models/exp-A_videomae_subj2_split0.5/model_last.pth
2026-06-14 08:22:18,169 [INFO] Epoch 10 | Train Loss: 0.7211 | Val Loss: 0.0000 | Acc: 0.5000 | F1: 0.1429 | P: 0.6667 | R: 0.0800
2026-06-14 08:23:11,252 [INFO] Saved last model to Data/models/exp-A_videomae_subj2_split0.5/model_last.pth
2026-06-14 08:24:39,410 [INFO] Epoch 11 | Train Loss: 0.6951 | Val Loss: 0.0000 | Acc: 0.5417 | F1: 0.5217 | P: 0.5714 | R: 0.4800
2026-06-14 08:25:07,089 [INFO] Saved last model to Data/models/exp-A_videomae_subj2_split0.5/model_last.pth
2026-06-14 08:26:36,702 [INFO] Epoch 12 | Train Loss: 0.6630 | Val Loss: 0.0000 | Acc: 0.5833 | F1: 0.4118 | P: 0.7778 | R: 0.2800
2026-06-14 08:27:02,953 [INFO] Saved last model to Data/models/exp-A_videomae_subj2_split0.5/model_last.pth
2026-06-14 08:28:30,808 [INFO] Epoch 13 | Train Loss: 0.7202 | Val Loss: 0.0000 | Acc: 0.6042 | F1: 0.5366 | P: 0.6875 | R: 0.4400
2026-06-14 08:28:40,727 [INFO] Saved last model to Data/models/exp-A_videomae_subj2_split0.5/model_last.pth
2026-06-14 08:30:09,736 [INFO] Epoch 14 | Train Loss: 0.6938 | Val Loss: 0.0000 | Acc: 0.6667 | F1: 0.5789 | P: 0.8462 | R: 0.4400
2026-06-14 08:30:13,764 [INFO] Saved last model to Data/models/exp-A_videomae_subj2_split0.5/model_last.pth
2026-06-14 08:31:44,545 [INFO] Epoch 15 | Train Loss: 0.6676 | Val Loss: 0.0000 | Acc: 0.4792 | F1: 0.0000 | P: 0.0000 | R: 0.0000
2026-06-14 08:32:12,286 [INFO] Saved last model to Data/models/exp-A_videomae_subj2_split0.5/model_last.pth
2026-06-14 08:33:40,391 [INFO] Epoch 16 | Train Loss: 0.6410 | Val Loss: 0.0000 | Acc: 0.6042 | F1: 0.5581 | P: 0.6667 | R: 0.4800
2026-06-14 08:34:08,206 [INFO] Saved last model to Data/models/exp-A_videomae_subj2_split0.5/model_last.pth
2026-06-14 08:35:37,250 [INFO] Epoch 17 | Train Loss: 0.6540 | Val Loss: 0.0000 | Acc: 0.6458 | F1: 0.5854 | P: 0.7500 | R: 0.4800
2026-06-14 08:36:05,025 [INFO] Saved last model to Data/models/exp-A_videomae_subj2_split0.5/model_last.pth
2026-06-14 08:37:38,552 [INFO] Epoch 18 | Train Loss: 0.6549 | Val Loss: 0.0000 | Acc: 0.5417 | F1: 0.2143 | P: 1.0000 | R: 0.1200
2026-06-14 08:38:31,504 [INFO] Saved last model to Data/models/exp-A_videomae_subj2_split0.5/model_last.pth
2026-06-14 08:39:58,695 [INFO] Epoch 19 | Train Loss: 0.6236 | Val Loss: 0.0000 | Acc: 0.6458 | F1: 0.5405 | P: 0.8333 | R: 0.4000
2026-06-14 08:40:26,384 [INFO] Saved last model to Data/models/exp-A_videomae_subj2_split0.5/model_last.pth
2026-06-14 08:40:26,385 [INFO] Finished Subj 2 with Best F1: 0.6269
2026-06-14 08:40:26,385 [INFO] Initialized Experiment Logger for: exp-A_videomae_subj3_split0.5
2026-06-14 08:40:26,385 [INFO] Hyperparameters saved to Results/exp-A_videomae_subj3_split0.5_2026-06-14_08-40-26/hyperparams.json
2026-06-14 08:40:26,385 [INFO] --- Fold for Test Subject 3 ---
2026-06-14 08:40:26,964 [INFO] Freezing backbone for 5 epochs.
2026-06-14 08:41:45,876 [INFO] Epoch 0 | Train Loss: 0.8204 | Val Loss: 0.0000 | Acc: 0.5349 | F1: 0.6154 | P: 0.5161 | R: 0.7619
2026-06-14 08:41:46,049 [INFO] Saved confusion matrix and qualitative samples to Results/exp-A_videomae_subj3_split0.5_2026-06-14_08-40-26
2026-06-14 08:41:47,343 [INFO] Saved last model to Data/models/exp-A_videomae_subj3_split0.5/model_last.pth
2026-06-14 08:41:59,142 [INFO] Saved new best model to Data/models/exp-A_videomae_subj3_split0.5/model_best.pth
2026-06-14 08:43:20,545 [INFO] Epoch 1 | Train Loss: 0.7182 | Val Loss: 0.0000 | Acc: 0.5116 | F1: 0.2222 | P: 0.5000 | R: 0.1429
2026-06-14 08:43:21,819 [INFO] Saved last model to Data/models/exp-A_videomae_subj3_split0.5/model_last.pth
2026-06-14 08:44:42,921 [INFO] Epoch 2 | Train Loss: 0.6953 | Val Loss: 0.0000 | Acc: 0.5349 | F1: 0.2857 | P: 0.5714 | R: 0.1905
2026-06-14 08:44:44,189 [INFO] Saved last model to Data/models/exp-A_videomae_subj3_split0.5/model_last.pth
2026-06-14 08:46:05,112 [INFO] Epoch 3 | Train Loss: 0.6778 | Val Loss: 0.0000 | Acc: 0.5349 | F1: 0.2857 | P: 0.5714 | R: 0.1905
2026-06-14 08:46:11,485 [INFO] Saved last model to Data/models/exp-A_videomae_subj3_split0.5/model_last.pth
2026-06-14 08:47:31,026 [INFO] Epoch 4 | Train Loss: 0.6627 | Val Loss: 0.0000 | Acc: 0.5116 | F1: 0.2759 | P: 0.5000 | R: 0.1905
2026-06-14 08:47:37,458 [INFO] Saved last model to Data/models/exp-A_videomae_subj3_split0.5/model_last.pth
2026-06-14 08:47:37,458 [INFO] Unfreezing backbone for end-to-end training.
2026-06-14 08:48:57,123 [INFO] Epoch 5 | Train Loss: 1.3007 | Val Loss: 0.0000 | Acc: 0.6512 | F1: 0.6512 | P: 0.6364 | R: 0.6667
2026-06-14 08:48:57,308 [INFO] Saved confusion matrix and qualitative samples to Results/exp-A_videomae_subj3_split0.5_2026-06-14_08-40-26
2026-06-14 08:49:25,541 [INFO] Saved last model to Data/models/exp-A_videomae_subj3_split0.5/model_last.pth
2026-06-14 08:49:57,204 [INFO] Saved new best model to Data/models/exp-A_videomae_subj3_split0.5/model_best.pth
2026-06-14 08:51:17,230 [INFO] Epoch 6 | Train Loss: 0.6916 | Val Loss: 0.0000 | Acc: 0.5349 | F1: 0.3333 | P: 0.5556 | R: 0.2381
2026-06-14 08:51:30,703 [INFO] Saved last model to Data/models/exp-A_videomae_subj3_split0.5/model_last.pth
2026-06-14 08:52:52,003 [INFO] Epoch 7 | Train Loss: 0.6210 | Val Loss: 0.0000 | Acc: 0.4651 | F1: 0.3429 | P: 0.4286 | R: 0.2857
2026-06-14 08:52:55,515 [INFO] Saved last model to Data/models/exp-A_videomae_subj3_split0.5/model_last.pth
2026-06-14 08:54:15,127 [INFO] Epoch 8 | Train Loss: 0.5960 | Val Loss: 0.0000 | Acc: 0.5349 | F1: 0.2857 | P: 0.5714 | R: 0.1905
2026-06-14 08:54:18,636 [INFO] Saved last model to Data/models/exp-A_videomae_subj3_split0.5/model_last.pth
2026-06-14 08:55:41,437 [INFO] Epoch 9 | Train Loss: 0.5665 | Val Loss: 0.0000 | Acc: 0.5116 | F1: 0.2759 | P: 0.5000 | R: 0.1905
2026-06-14 08:56:34,074 [INFO] Saved last model to Data/models/exp-A_videomae_subj3_split0.5/model_last.pth
2026-06-14 08:57:56,054 [INFO] Epoch 10 | Train Loss: 0.5875 | Val Loss: 0.0000 | Acc: 0.5349 | F1: 0.2857 | P: 0.5714 | R: 0.1905
2026-06-14 08:58:23,849 [INFO] Saved last model to Data/models/exp-A_videomae_subj3_split0.5/model_last.pth
2026-06-14 08:59:42,622 [INFO] Epoch 11 | Train Loss: 0.6014 | Val Loss: 0.0000 | Acc: 0.5116 | F1: 0.2759 | P: 0.5000 | R: 0.1905
2026-06-14 09:00:35,373 [INFO] Saved last model to Data/models/exp-A_videomae_subj3_split0.5/model_last.pth
2026-06-14 09:01:56,753 [INFO] Epoch 12 | Train Loss: 0.5760 | Val Loss: 0.0000 | Acc: 0.5349 | F1: 0.2857 | P: 0.5714 | R: 0.1905
2026-06-14 09:02:24,505 [INFO] Saved last model to Data/models/exp-A_videomae_subj3_split0.5/model_last.pth
2026-06-14 09:03:45,170 [INFO] Epoch 13 | Train Loss: 0.5081 | Val Loss: 0.0000 | Acc: 0.5349 | F1: 0.2857 | P: 0.5714 | R: 0.1905
2026-06-14 09:04:13,525 [INFO] Saved last model to Data/models/exp-A_videomae_subj3_split0.5/model_last.pth
2026-06-14 09:05:37,847 [INFO] Epoch 14 | Train Loss: 0.5477 | Val Loss: 0.0000 | Acc: 0.6047 | F1: 0.6667 | P: 0.5667 | R: 0.8095
2026-06-14 09:05:38,041 [INFO] Saved confusion matrix and qualitative samples to Results/exp-A_videomae_subj3_split0.5_2026-06-14_08-40-26
2026-06-14 09:06:20,391 [INFO] Saved last model to Data/models/exp-A_videomae_subj3_split0.5/model_last.pth
2026-06-14 09:06:57,628 [INFO] Saved new best model to Data/models/exp-A_videomae_subj3_split0.5/model_best.pth
2026-06-14 09:08:18,279 [INFO] Epoch 15 | Train Loss: 0.4234 | Val Loss: 0.0000 | Acc: 0.5116 | F1: 0.2759 | P: 0.5000 | R: 0.1905
2026-06-14 09:08:37,946 [INFO] Saved last model to Data/models/exp-A_videomae_subj3_split0.5/model_last.pth
2026-06-14 09:09:58,974 [INFO] Epoch 16 | Train Loss: 0.5012 | Val Loss: 0.0000 | Acc: 0.5116 | F1: 0.2222 | P: 0.5000 | R: 0.1429
2026-06-14 09:10:02,590 [INFO] Saved last model to Data/models/exp-A_videomae_subj3_split0.5/model_last.pth
2026-06-14 09:11:22,704 [INFO] Epoch 17 | Train Loss: 0.6209 | Val Loss: 0.0000 | Acc: 0.4884 | F1: 0.1538 | P: 0.4000 | R: 0.0952
2026-06-14 09:11:26,183 [INFO] Saved last model to Data/models/exp-A_videomae_subj3_split0.5/model_last.pth
2026-06-14 09:12:50,824 [INFO] Epoch 18 | Train Loss: 0.4703 | Val Loss: 0.0000 | Acc: 0.5349 | F1: 0.2857 | P: 0.5714 | R: 0.1905
2026-06-14 09:13:18,698 [INFO] Saved last model to Data/models/exp-A_videomae_subj3_split0.5/model_last.pth
2026-06-14 09:14:39,510 [INFO] Epoch 19 | Train Loss: 0.5757 | Val Loss: 0.0000 | Acc: 0.5116 | F1: 0.2759 | P: 0.5000 | R: 0.1905
2026-06-14 09:15:32,415 [INFO] Saved last model to Data/models/exp-A_videomae_subj3_split0.5/model_last.pth
2026-06-14 09:15:32,415 [INFO] Finished Subj 3 with Best F1: 0.6667
2026-06-14 09:15:32,415 [INFO] Initialized Experiment Logger for: exp-A_videomae_subj4_split0.5
2026-06-14 09:15:32,416 [INFO] Hyperparameters saved to Results/exp-A_videomae_subj4_split0.5_2026-06-14_09-15-32/hyperparams.json
2026-06-14 09:15:32,416 [INFO] --- Fold for Test Subject 4 ---
2026-06-14 09:15:32,874 [INFO] Freezing backbone for 5 epochs.
2026-06-14 09:16:56,857 [INFO] Epoch 0 | Train Loss: 0.8341 | Val Loss: 0.0000 | Acc: 0.4595 | F1: 0.0000 | P: 0.0000 | R: 0.0000
2026-06-14 09:16:57,035 [INFO] Saved confusion matrix and qualitative samples to Results/exp-A_videomae_subj4_split0.5_2026-06-14_09-15-32
2026-06-14 09:17:04,308 [INFO] Saved last model to Data/models/exp-A_videomae_subj4_split0.5/model_last.pth
2026-06-14 09:17:23,514 [INFO] Saved new best model to Data/models/exp-A_videomae_subj4_split0.5/model_best.pth
2026-06-14 09:18:44,378 [INFO] Epoch 1 | Train Loss: 0.6867 | Val Loss: 0.0000 | Acc: 0.4054 | F1: 0.4211 | P: 0.3810 | R: 0.4706
2026-06-14 09:18:44,559 [INFO] Saved confusion matrix and qualitative samples to Results/exp-A_videomae_subj4_split0.5_2026-06-14_09-15-32
2026-06-14 09:18:46,313 [INFO] Saved last model to Data/models/exp-A_videomae_subj4_split0.5/model_last.pth
2026-06-14 09:18:47,467 [INFO] Saved new best model to Data/models/exp-A_videomae_subj4_split0.5/model_best.pth
2026-06-14 09:20:10,900 [INFO] Epoch 2 | Train Loss: 0.6844 | Val Loss: 0.0000 | Acc: 0.4595 | F1: 0.6296 | P: 0.4595 | R: 1.0000
2026-06-14 09:20:11,088 [INFO] Saved confusion matrix and qualitative samples to Results/exp-A_videomae_subj4_split0.5_2026-06-14_09-15-32
2026-06-14 09:20:20,014 [INFO] Saved last model to Data/models/exp-A_videomae_subj4_split0.5/model_last.pth
2026-06-14 09:20:21,173 [INFO] Saved new best model to Data/models/exp-A_videomae_subj4_split0.5/model_best.pth
2026-06-14 09:21:41,325 [INFO] Epoch 3 | Train Loss: 0.6723 | Val Loss: 0.0000 | Acc: 0.4595 | F1: 0.6296 | P: 0.4595 | R: 1.0000
2026-06-14 09:21:41,519 [INFO] Saved confusion matrix and qualitative samples to Results/exp-A_videomae_subj4_split0.5_2026-06-14_09-15-32
2026-06-14 09:21:42,707 [INFO] Saved last model to Data/models/exp-A_videomae_subj4_split0.5/model_last.pth
2026-06-14 09:22:16,068 [INFO] Saved new best model to Data/models/exp-A_videomae_subj4_split0.5/model_best.pth
2026-06-14 09:23:38,435 [INFO] Epoch 4 | Train Loss: 0.7414 | Val Loss: 0.0000 | Acc: 0.4595 | F1: 0.6296 | P: 0.4595 | R: 1.0000
2026-06-14 09:23:38,626 [INFO] Saved confusion matrix and qualitative samples to Results/exp-A_videomae_subj4_split0.5_2026-06-14_09-15-32
2026-06-14 09:23:39,816 [INFO] Saved last model to Data/models/exp-A_videomae_subj4_split0.5/model_last.pth
2026-06-14 09:23:40,975 [INFO] Saved new best model to Data/models/exp-A_videomae_subj4_split0.5/model_best.pth
2026-06-14 09:23:40,975 [INFO] Unfreezing backbone for end-to-end training.
2026-06-14 09:25:06,292 [INFO] Epoch 5 | Train Loss: 1.8673 | Val Loss: 0.0000 | Acc: 0.4324 | F1: 0.6038 | P: 0.4444 | R: 0.9412
2026-06-14 09:25:34,175 [INFO] Saved last model to Data/models/exp-A_videomae_subj4_split0.5/model_last.pth
2026-06-14 09:26:56,919 [INFO] Epoch 6 | Train Loss: 1.2880 | Val Loss: 0.0000 | Acc: 0.5405 | F1: 0.0000 | P: 0.0000 | R: 0.0000
2026-06-14 09:27:24,635 [INFO] Saved last model to Data/models/exp-A_videomae_subj4_split0.5/model_last.pth
2026-06-14 09:28:46,027 [INFO] Epoch 7 | Train Loss: 0.8926 | Val Loss: 0.0000 | Acc: 0.4595 | F1: 0.6296 | P: 0.4595 | R: 1.0000
2026-06-14 09:28:46,233 [INFO] Saved confusion matrix and qualitative samples to Results/exp-A_videomae_subj4_split0.5_2026-06-14_09-15-32
2026-06-14 09:29:38,770 [INFO] Saved last model to Data/models/exp-A_videomae_subj4_split0.5/model_last.pth
2026-06-14 09:30:06,296 [INFO] Saved new best model to Data/models/exp-A_videomae_subj4_split0.5/model_best.pth
2026-06-14 09:31:32,487 [INFO] Epoch 8 | Train Loss: 0.7458 | Val Loss: 0.0000 | Acc: 0.4595 | F1: 0.6296 | P: 0.4595 | R: 1.0000
2026-06-14 09:31:32,687 [INFO] Saved confusion matrix and qualitative samples to Results/exp-A_videomae_subj4_split0.5_2026-06-14_09-15-32
2026-06-14 09:32:25,095 [INFO] Saved last model to Data/models/exp-A_videomae_subj4_split0.5/model_last.pth
2026-06-14 09:32:53,312 [INFO] Saved new best model to Data/models/exp-A_videomae_subj4_split0.5/model_best.pth
2026-06-14 09:34:15,187 [INFO] Epoch 9 | Train Loss: 0.6813 | Val Loss: 0.0000 | Acc: 0.5405 | F1: 0.6531 | P: 0.5000 | R: 0.9412
2026-06-14 09:34:15,381 [INFO] Saved confusion matrix and qualitative samples to Results/exp-A_videomae_subj4_split0.5_2026-06-14_09-15-32
2026-06-14 09:34:40,617 [INFO] Saved last model to Data/models/exp-A_videomae_subj4_split0.5/model_last.pth
2026-06-14 09:35:03,929 [INFO] Saved new best model to Data/models/exp-A_videomae_subj4_split0.5/model_best.pth
2026-06-14 09:36:25,424 [INFO] Epoch 10 | Train Loss: 0.7157 | Val Loss: 0.0000 | Acc: 0.4595 | F1: 0.6296 | P: 0.4595 | R: 1.0000
2026-06-14 09:36:28,905 [INFO] Saved last model to Data/models/exp-A_videomae_subj4_split0.5/model_last.pth
2026-06-14 09:37:49,594 [INFO] Epoch 11 | Train Loss: 0.7319 | Val Loss: 0.0000 | Acc: 0.4595 | F1: 0.6296 | P: 0.4595 | R: 1.0000
2026-06-14 09:38:00,852 [INFO] Saved last model to Data/models/exp-A_videomae_subj4_split0.5/model_last.pth
2026-06-14 09:39:22,077 [INFO] Epoch 12 | Train Loss: 0.6449 | Val Loss: 0.0000 | Acc: 0.4595 | F1: 0.6296 | P: 0.4595 | R: 1.0000
2026-06-14 09:39:49,819 [INFO] Saved last model to Data/models/exp-A_videomae_subj4_split0.5/model_last.pth
2026-06-14 09:41:11,510 [INFO] Epoch 13 | Train Loss: 0.7009 | Val Loss: 0.0000 | Acc: 0.4595 | F1: 0.6296 | P: 0.4595 | R: 1.0000
2026-06-14 09:42:04,282 [INFO] Saved last model to Data/models/exp-A_videomae_subj4_split0.5/model_last.pth
2026-06-14 09:43:26,084 [INFO] Epoch 14 | Train Loss: 0.6568 | Val Loss: 0.0000 | Acc: 0.4595 | F1: 0.6296 | P: 0.4595 | R: 1.0000
2026-06-14 09:43:53,911 [INFO] Saved last model to Data/models/exp-A_videomae_subj4_split0.5/model_last.pth
2026-06-14 09:45:16,089 [INFO] Epoch 15 | Train Loss: 0.6652 | Val Loss: 0.0000 | Acc: 0.4595 | F1: 0.6296 | P: 0.4595 | R: 1.0000
2026-06-14 09:46:09,670 [INFO] Saved last model to Data/models/exp-A_videomae_subj4_split0.5/model_last.pth
2026-06-14 09:47:31,103 [INFO] Epoch 16 | Train Loss: 0.6420 | Val Loss: 0.0000 | Acc: 0.4595 | F1: 0.6296 | P: 0.4595 | R: 1.0000
2026-06-14 09:47:58,857 [INFO] Saved last model to Data/models/exp-A_videomae_subj4_split0.5/model_last.pth
2026-06-14 09:49:19,823 [INFO] Epoch 17 | Train Loss: 0.6953 | Val Loss: 0.0000 | Acc: 0.4595 | F1: 0.6296 | P: 0.4595 | R: 1.0000
2026-06-14 09:49:47,592 [INFO] Saved last model to Data/models/exp-A_videomae_subj4_split0.5/model_last.pth
2026-06-14 09:51:09,072 [INFO] Epoch 18 | Train Loss: 0.6478 | Val Loss: 0.0000 | Acc: 0.4595 | F1: 0.6296 | P: 0.4595 | R: 1.0000
2026-06-14 09:51:45,447 [INFO] Saved last model to Data/models/exp-A_videomae_subj4_split0.5/model_last.pth
2026-06-14 09:53:07,400 [INFO] Epoch 19 | Train Loss: 0.6448 | Val Loss: 0.0000 | Acc: 0.4595 | F1: 0.6296 | P: 0.4595 | R: 1.0000
2026-06-14 09:53:29,596 [INFO] Saved last model to Data/models/exp-A_videomae_subj4_split0.5/model_last.pth
2026-06-14 09:53:29,596 [INFO] Finished Subj 4 with Best F1: 0.6531
