2026-06-14 02:17:58,754 [INFO] Initialized Experiment Logger for: exp-A_videomae_subj1_split0.5
2026-06-14 02:17:58,754 [INFO] Hyperparameters saved to Results/exp-A_videomae_subj1_split0.5_2026-06-14_02-17-58/hyperparams.json
2026-06-14 02:17:58,754 [INFO] --- Fold for Test Subject 1 ---
2026-06-14 02:17:59,345 [INFO] Freezing backbone for 10 epochs.
2026-06-14 02:19:10,963 [INFO] Epoch 0 | Train Loss: 0.8410 | Val Loss: 0.0000 | Acc: 0.5000 | F1: 0.6000 | P: 0.5000 | R: 0.7500
2026-06-14 02:19:11,154 [INFO] Saved confusion matrix and qualitative samples to Results/exp-A_videomae_subj1_split0.5_2026-06-14_02-17-58
2026-06-14 02:19:36,638 [INFO] Saved last model to Data/models/exp-A_videomae_subj1_split0.5/model_last.pth
2026-06-14 02:19:37,882 [INFO] Saved new best model to Data/models/exp-A_videomae_subj1_split0.5/model_best.pth
2026-06-14 02:20:49,345 [INFO] Epoch 1 | Train Loss: 0.7529 | Val Loss: 0.0000 | Acc: 0.5000 | F1: 0.2727 | P: 0.5000 | R: 0.1875
2026-06-14 02:20:50,591 [INFO] Saved last model to Data/models/exp-A_videomae_subj1_split0.5/model_last.pth
2026-06-14 02:22:04,969 [INFO] Epoch 2 | Train Loss: 0.7645 | Val Loss: 0.0000 | Acc: 0.5625 | F1: 0.4167 | P: 0.6250 | R: 0.3125
2026-06-14 02:22:29,203 [INFO] Saved last model to Data/models/exp-A_videomae_subj1_split0.5/model_last.pth
2026-06-14 02:23:43,125 [INFO] Epoch 3 | Train Loss: 0.7507 | Val Loss: 0.0000 | Acc: 0.5312 | F1: 0.4000 | P: 0.5556 | R: 0.3125
2026-06-14 02:23:44,411 [INFO] Saved last model to Data/models/exp-A_videomae_subj1_split0.5/model_last.pth
2026-06-14 02:25:01,194 [INFO] Epoch 4 | Train Loss: 0.7304 | Val Loss: 0.0000 | Acc: 0.5625 | F1: 0.5882 | P: 0.5556 | R: 0.6250
2026-06-14 02:25:02,518 [INFO] Saved last model to Data/models/exp-A_videomae_subj1_split0.5/model_last.pth
2026-06-14 02:26:15,856 [INFO] Epoch 5 | Train Loss: 0.7124 | Val Loss: 0.0000 | Acc: 0.5312 | F1: 0.5714 | P: 0.5263 | R: 0.6250
2026-06-14 02:26:31,701 [INFO] Saved last model to Data/models/exp-A_videomae_subj1_split0.5/model_last.pth
2026-06-14 02:27:42,443 [INFO] Epoch 6 | Train Loss: 0.6742 | Val Loss: 0.0000 | Acc: 0.5625 | F1: 0.6500 | P: 0.5417 | R: 0.8125
2026-06-14 02:27:42,622 [INFO] Saved confusion matrix and qualitative samples to Results/exp-A_videomae_subj1_split0.5_2026-06-14_02-17-58
2026-06-14 02:27:43,825 [INFO] Saved last model to Data/models/exp-A_videomae_subj1_split0.5/model_last.pth
2026-06-14 02:27:45,027 [INFO] Saved new best model to Data/models/exp-A_videomae_subj1_split0.5/model_best.pth
2026-06-14 02:28:59,640 [INFO] Epoch 7 | Train Loss: 0.7094 | Val Loss: 0.0000 | Acc: 0.4062 | F1: 0.5778 | P: 0.4483 | R: 0.8125
2026-06-14 02:29:13,037 [INFO] Saved last model to Data/models/exp-A_videomae_subj1_split0.5/model_last.pth
2026-06-14 02:30:25,479 [INFO] Epoch 8 | Train Loss: 0.6638 | Val Loss: 0.0000 | Acc: 0.4375 | F1: 0.5909 | P: 0.4643 | R: 0.8125
2026-06-14 02:30:26,779 [INFO] Saved last model to Data/models/exp-A_videomae_subj1_split0.5/model_last.pth
2026-06-14 02:31:39,398 [INFO] Epoch 9 | Train Loss: 0.6697 | Val Loss: 0.0000 | Acc: 0.4688 | F1: 0.6383 | P: 0.4839 | R: 0.9375
2026-06-14 02:31:40,669 [INFO] Saved last model to Data/models/exp-A_videomae_subj1_split0.5/model_last.pth
2026-06-14 02:31:40,669 [INFO] Unfreezing backbone for end-to-end training.
2026-06-14 02:32:57,387 [INFO] Epoch 10 | Train Loss: 0.9346 | Val Loss: 0.0000 | Acc: 0.5312 | F1: 0.1176 | P: 1.0000 | R: 0.0625
2026-06-14 02:33:50,152 [INFO] Saved last model to Data/models/exp-A_videomae_subj1_split0.5/model_last.pth
2026-06-14 02:35:07,034 [INFO] Epoch 11 | Train Loss: 0.7275 | Val Loss: 0.0000 | Acc: 0.5000 | F1: 0.6667 | P: 0.5000 | R: 1.0000
2026-06-14 02:35:07,220 [INFO] Saved confusion matrix and qualitative samples to Results/exp-A_videomae_subj1_split0.5_2026-06-14_02-17-58
2026-06-14 02:35:35,533 [INFO] Saved last model to Data/models/exp-A_videomae_subj1_split0.5/model_last.pth
2026-06-14 02:36:03,223 [INFO] Saved new best model to Data/models/exp-A_videomae_subj1_split0.5/model_best.pth
2026-06-14 02:37:22,706 [INFO] Epoch 12 | Train Loss: 0.6274 | Val Loss: 0.0000 | Acc: 0.3750 | F1: 0.2857 | P: 0.3333 | R: 0.2500
2026-06-14 02:38:13,111 [INFO] Saved last model to Data/models/exp-A_videomae_subj1_split0.5/model_last.pth
2026-06-14 02:39:31,914 [INFO] Epoch 13 | Train Loss: 0.5105 | Val Loss: 0.0000 | Acc: 0.4375 | F1: 0.6087 | P: 0.4667 | R: 0.8750
2026-06-14 02:39:59,629 [INFO] Saved last model to Data/models/exp-A_videomae_subj1_split0.5/model_last.pth
2026-06-14 02:41:19,102 [INFO] Epoch 14 | Train Loss: 0.5303 | Val Loss: 0.0000 | Acc: 0.3438 | F1: 0.2759 | P: 0.3077 | R: 0.2500
2026-06-14 02:41:42,316 [INFO] Saved last model to Data/models/exp-A_videomae_subj1_split0.5/model_last.pth
2026-06-14 02:43:02,949 [INFO] Epoch 15 | Train Loss: 0.4349 | Val Loss: 0.0000 | Acc: 0.3438 | F1: 0.2222 | P: 0.2727 | R: 0.1875
2026-06-14 02:43:06,636 [INFO] Saved last model to Data/models/exp-A_videomae_subj1_split0.5/model_last.pth
2026-06-14 02:44:28,542 [INFO] Epoch 16 | Train Loss: 0.5054 | Val Loss: 0.0000 | Acc: 0.3125 | F1: 0.2143 | P: 0.2500 | R: 0.1875
2026-06-14 02:44:32,063 [INFO] Saved last model to Data/models/exp-A_videomae_subj1_split0.5/model_last.pth
2026-06-14 02:45:50,557 [INFO] Epoch 17 | Train Loss: 0.5245 | Val Loss: 0.0000 | Acc: 0.5312 | F1: 0.6341 | P: 0.5200 | R: 0.8125
2026-06-14 02:46:44,073 [INFO] Saved last model to Data/models/exp-A_videomae_subj1_split0.5/model_last.pth
2026-06-14 02:48:02,736 [INFO] Epoch 18 | Train Loss: 0.5263 | Val Loss: 0.0000 | Acc: 0.4688 | F1: 0.5143 | P: 0.4737 | R: 0.5625
2026-06-14 02:48:31,221 [INFO] Saved last model to Data/models/exp-A_videomae_subj1_split0.5/model_last.pth
2026-06-14 02:49:51,953 [INFO] Epoch 19 | Train Loss: 0.4368 | Val Loss: 0.0000 | Acc: 0.3438 | F1: 0.0870 | P: 0.1429 | R: 0.0625
2026-06-14 02:50:19,728 [INFO] Saved last model to Data/models/exp-A_videomae_subj1_split0.5/model_last.pth
2026-06-14 02:50:19,728 [INFO] Finished Subj 1 with Best F1: 0.6667
2026-06-14 02:50:19,728 [INFO] Initialized Experiment Logger for: exp-A_videomae_subj2_split0.5
2026-06-14 02:50:19,729 [INFO] Hyperparameters saved to Results/exp-A_videomae_subj2_split0.5_2026-06-14_02-50-19/hyperparams.json
2026-06-14 02:50:19,729 [INFO] --- Fold for Test Subject 2 ---
2026-06-14 02:50:20,176 [INFO] Freezing backbone for 10 epochs.
2026-06-14 02:51:48,826 [INFO] Epoch 0 | Train Loss: 0.7975 | Val Loss: 0.0000 | Acc: 0.4167 | F1: 0.4615 | P: 0.4444 | R: 0.4800
2026-06-14 02:51:49,012 [INFO] Saved confusion matrix and qualitative samples to Results/exp-A_videomae_subj2_split0.5_2026-06-14_02-50-19
2026-06-14 02:51:50,196 [INFO] Saved last model to Data/models/exp-A_videomae_subj2_split0.5/model_last.pth
2026-06-14 02:52:15,588 [INFO] Saved new best model to Data/models/exp-A_videomae_subj2_split0.5/model_best.pth
2026-06-14 02:53:42,898 [INFO] Epoch 1 | Train Loss: 0.7197 | Val Loss: 0.0000 | Acc: 0.4375 | F1: 0.4706 | P: 0.4615 | R: 0.4800
2026-06-14 02:53:43,217 [INFO] Saved confusion matrix and qualitative samples to Results/exp-A_videomae_subj2_split0.5_2026-06-14_02-50-19
2026-06-14 02:53:44,410 [INFO] Saved last model to Data/models/exp-A_videomae_subj2_split0.5/model_last.pth
2026-06-14 02:53:45,566 [INFO] Saved new best model to Data/models/exp-A_videomae_subj2_split0.5/model_best.pth
2026-06-14 02:55:14,680 [INFO] Epoch 2 | Train Loss: 0.7208 | Val Loss: 0.0000 | Acc: 0.5000 | F1: 0.4783 | P: 0.5238 | R: 0.4400
2026-06-14 02:55:14,883 [INFO] Saved confusion matrix and qualitative samples to Results/exp-A_videomae_subj2_split0.5_2026-06-14_02-50-19
2026-06-14 02:55:42,403 [INFO] Saved last model to Data/models/exp-A_videomae_subj2_split0.5/model_last.pth
2026-06-14 02:56:06,536 [INFO] Saved new best model to Data/models/exp-A_videomae_subj2_split0.5/model_best.pth
2026-06-14 02:57:35,188 [INFO] Epoch 3 | Train Loss: 0.7236 | Val Loss: 0.0000 | Acc: 0.5208 | F1: 0.4651 | P: 0.5556 | R: 0.4000
2026-06-14 02:57:36,473 [INFO] Saved last model to Data/models/exp-A_videomae_subj2_split0.5/model_last.pth
2026-06-14 02:59:03,708 [INFO] Epoch 4 | Train Loss: 0.7390 | Val Loss: 0.0000 | Acc: 0.4792 | F1: 0.3590 | P: 0.5000 | R: 0.2800
2026-06-14 02:59:29,306 [INFO] Saved last model to Data/models/exp-A_videomae_subj2_split0.5/model_last.pth
2026-06-14 03:00:56,420 [INFO] Epoch 5 | Train Loss: 0.7035 | Val Loss: 0.0000 | Acc: 0.4583 | F1: 0.3158 | P: 0.4615 | R: 0.2400
2026-06-14 03:00:57,748 [INFO] Saved last model to Data/models/exp-A_videomae_subj2_split0.5/model_last.pth
2026-06-14 03:02:24,638 [INFO] Epoch 6 | Train Loss: 0.7080 | Val Loss: 0.0000 | Acc: 0.4375 | F1: 0.2286 | P: 0.4000 | R: 0.1600
2026-06-14 03:02:25,931 [INFO] Saved last model to Data/models/exp-A_videomae_subj2_split0.5/model_last.pth
2026-06-14 03:03:54,873 [INFO] Epoch 7 | Train Loss: 0.7158 | Val Loss: 0.0000 | Acc: 0.4792 | F1: 0.3243 | P: 0.5000 | R: 0.2400
2026-06-14 03:04:14,093 [INFO] Saved last model to Data/models/exp-A_videomae_subj2_split0.5/model_last.pth
2026-06-14 03:05:42,793 [INFO] Epoch 8 | Train Loss: 0.7900 | Val Loss: 0.0000 | Acc: 0.4583 | F1: 0.3158 | P: 0.4615 | R: 0.2400
2026-06-14 03:05:44,093 [INFO] Saved last model to Data/models/exp-A_videomae_subj2_split0.5/model_last.pth
2026-06-14 03:07:14,958 [INFO] Epoch 9 | Train Loss: 0.7198 | Val Loss: 0.0000 | Acc: 0.4375 | F1: 0.2286 | P: 0.4000 | R: 0.1600
2026-06-14 03:07:16,240 [INFO] Saved last model to Data/models/exp-A_videomae_subj2_split0.5/model_last.pth
2026-06-14 03:07:16,240 [INFO] Unfreezing backbone for end-to-end training.
2026-06-14 03:08:44,038 [INFO] Epoch 10 | Train Loss: 1.0178 | Val Loss: 0.0000 | Acc: 0.2917 | F1: 0.4333 | P: 0.3714 | R: 0.5200
2026-06-14 03:09:37,134 [INFO] Saved last model to Data/models/exp-A_videomae_subj2_split0.5/model_last.pth
2026-06-14 03:11:06,028 [INFO] Epoch 11 | Train Loss: 0.7919 | Val Loss: 0.0000 | Acc: 0.6042 | F1: 0.5366 | P: 0.6875 | R: 0.4400
2026-06-14 03:11:06,209 [INFO] Saved confusion matrix and qualitative samples to Results/exp-A_videomae_subj2_split0.5_2026-06-14_02-50-19
2026-06-14 03:11:33,897 [INFO] Saved last model to Data/models/exp-A_videomae_subj2_split0.5/model_last.pth
2026-06-14 03:12:01,591 [INFO] Saved new best model to Data/models/exp-A_videomae_subj2_split0.5/model_best.pth
2026-06-14 03:13:30,526 [INFO] Epoch 12 | Train Loss: 0.7046 | Val Loss: 0.0000 | Acc: 0.4792 | F1: 0.0000 | P: 0.0000 | R: 0.0000
2026-06-14 03:13:58,356 [INFO] Saved last model to Data/models/exp-A_videomae_subj2_split0.5/model_last.pth
2026-06-14 03:15:29,660 [INFO] Epoch 13 | Train Loss: 0.6651 | Val Loss: 0.0000 | Acc: 0.5417 | F1: 0.2667 | P: 0.8000 | R: 0.1600
2026-06-14 03:16:17,143 [INFO] Saved last model to Data/models/exp-A_videomae_subj2_split0.5/model_last.pth
2026-06-14 03:17:48,706 [INFO] Epoch 14 | Train Loss: 0.6616 | Val Loss: 0.0000 | Acc: 0.5833 | F1: 0.5833 | P: 0.6087 | R: 0.5600
2026-06-14 03:17:48,889 [INFO] Saved confusion matrix and qualitative samples to Results/exp-A_videomae_subj2_split0.5_2026-06-14_02-50-19
2026-06-14 03:18:16,547 [INFO] Saved last model to Data/models/exp-A_videomae_subj2_split0.5/model_last.pth
2026-06-14 03:18:38,146 [INFO] Saved new best model to Data/models/exp-A_videomae_subj2_split0.5/model_best.pth
2026-06-14 03:20:08,034 [INFO] Epoch 15 | Train Loss: 0.5893 | Val Loss: 0.0000 | Acc: 0.6042 | F1: 0.4571 | P: 0.8000 | R: 0.3200
2026-06-14 03:20:12,806 [INFO] Saved last model to Data/models/exp-A_videomae_subj2_split0.5/model_last.pth
2026-06-14 03:21:43,297 [INFO] Epoch 16 | Train Loss: 0.6147 | Val Loss: 0.0000 | Acc: 0.6250 | F1: 0.4706 | P: 0.8889 | R: 0.3200
2026-06-14 03:21:49,262 [INFO] Saved last model to Data/models/exp-A_videomae_subj2_split0.5/model_last.pth
2026-06-14 03:23:18,686 [INFO] Epoch 17 | Train Loss: 0.6247 | Val Loss: 0.0000 | Acc: 0.6250 | F1: 0.5000 | P: 0.8182 | R: 0.3600
2026-06-14 03:23:46,510 [INFO] Saved last model to Data/models/exp-A_videomae_subj2_split0.5/model_last.pth
2026-06-14 03:25:14,142 [INFO] Epoch 18 | Train Loss: 0.6040 | Val Loss: 0.0000 | Acc: 0.6042 | F1: 0.5581 | P: 0.6667 | R: 0.4800
2026-06-14 03:26:06,822 [INFO] Saved last model to Data/models/exp-A_videomae_subj2_split0.5/model_last.pth
2026-06-14 03:27:35,642 [INFO] Epoch 19 | Train Loss: 0.5141 | Val Loss: 0.0000 | Acc: 0.5625 | F1: 0.5882 | P: 0.5769 | R: 0.6000
2026-06-14 03:27:35,830 [INFO] Saved confusion matrix and qualitative samples to Results/exp-A_videomae_subj2_split0.5_2026-06-14_02-50-19
2026-06-14 03:28:03,523 [INFO] Saved last model to Data/models/exp-A_videomae_subj2_split0.5/model_last.pth
2026-06-14 03:28:56,170 [INFO] Saved new best model to Data/models/exp-A_videomae_subj2_split0.5/model_best.pth
2026-06-14 03:28:56,170 [INFO] Finished Subj 2 with Best F1: 0.5882
2026-06-14 03:28:56,170 [INFO] Initialized Experiment Logger for: exp-A_videomae_subj3_split0.5
2026-06-14 03:28:56,170 [INFO] Hyperparameters saved to Results/exp-A_videomae_subj3_split0.5_2026-06-14_03-28-56/hyperparams.json
2026-06-14 03:28:56,170 [INFO] --- Fold for Test Subject 3 ---
2026-06-14 03:28:56,614 [INFO] Freezing backbone for 10 epochs.
2026-06-14 03:30:14,945 [INFO] Epoch 0 | Train Loss: 0.6969 | Val Loss: 0.0000 | Acc: 0.5349 | F1: 0.3333 | P: 0.5556 | R: 0.2381
2026-06-14 03:30:15,127 [INFO] Saved confusion matrix and qualitative samples to Results/exp-A_videomae_subj3_split0.5_2026-06-14_03-28-56
2026-06-14 03:30:16,294 [INFO] Saved last model to Data/models/exp-A_videomae_subj3_split0.5/model_last.pth
2026-06-14 03:30:37,821 [INFO] Saved new best model to Data/models/exp-A_videomae_subj3_split0.5/model_best.pth
2026-06-14 03:31:59,916 [INFO] Epoch 1 | Train Loss: 0.7825 | Val Loss: 0.0000 | Acc: 0.5349 | F1: 0.3333 | P: 0.5556 | R: 0.2381
2026-06-14 03:32:00,110 [INFO] Saved confusion matrix and qualitative samples to Results/exp-A_videomae_subj3_split0.5_2026-06-14_03-28-56
2026-06-14 03:32:01,280 [INFO] Saved last model to Data/models/exp-A_videomae_subj3_split0.5/model_last.pth
2026-06-14 03:32:02,445 [INFO] Saved new best model to Data/models/exp-A_videomae_subj3_split0.5/model_best.pth
2026-06-14 03:33:23,339 [INFO] Epoch 2 | Train Loss: 0.7474 | Val Loss: 0.0000 | Acc: 0.5349 | F1: 0.3333 | P: 0.5556 | R: 0.2381
2026-06-14 03:33:23,540 [INFO] Saved confusion matrix and qualitative samples to Results/exp-A_videomae_subj3_split0.5_2026-06-14_03-28-56
2026-06-14 03:33:40,439 [INFO] Saved last model to Data/models/exp-A_videomae_subj3_split0.5/model_last.pth
2026-06-14 03:34:14,685 [INFO] Saved new best model to Data/models/exp-A_videomae_subj3_split0.5/model_best.pth
2026-06-14 03:35:33,425 [INFO] Epoch 3 | Train Loss: 0.7033 | Val Loss: 0.0000 | Acc: 0.5349 | F1: 0.3333 | P: 0.5556 | R: 0.2381
2026-06-14 03:35:33,627 [INFO] Saved confusion matrix and qualitative samples to Results/exp-A_videomae_subj3_split0.5_2026-06-14_03-28-56
2026-06-14 03:35:34,854 [INFO] Saved last model to Data/models/exp-A_videomae_subj3_split0.5/model_last.pth
2026-06-14 03:35:46,348 [INFO] Saved new best model to Data/models/exp-A_videomae_subj3_split0.5/model_best.pth
2026-06-14 03:37:07,909 [INFO] Epoch 4 | Train Loss: 0.7526 | Val Loss: 0.0000 | Acc: 0.5349 | F1: 0.3333 | P: 0.5556 | R: 0.2381
2026-06-14 03:37:08,109 [INFO] Saved confusion matrix and qualitative samples to Results/exp-A_videomae_subj3_split0.5_2026-06-14_03-28-56
2026-06-14 03:37:09,288 [INFO] Saved last model to Data/models/exp-A_videomae_subj3_split0.5/model_last.pth
2026-06-14 03:37:10,449 [INFO] Saved new best model to Data/models/exp-A_videomae_subj3_split0.5/model_best.pth
2026-06-14 03:38:32,993 [INFO] Epoch 5 | Train Loss: 0.6962 | Val Loss: 0.0000 | Acc: 0.5116 | F1: 0.2759 | P: 0.5000 | R: 0.1905
2026-06-14 03:39:03,165 [INFO] Saved last model to Data/models/exp-A_videomae_subj3_split0.5/model_last.pth
2026-06-14 03:40:22,983 [INFO] Epoch 6 | Train Loss: 0.6705 | Val Loss: 0.0000 | Acc: 0.5116 | F1: 0.2759 | P: 0.5000 | R: 0.1905
2026-06-14 03:40:34,589 [INFO] Saved last model to Data/models/exp-A_videomae_subj3_split0.5/model_last.pth
2026-06-14 03:41:54,914 [INFO] Epoch 7 | Train Loss: 0.7179 | Val Loss: 0.0000 | Acc: 0.5349 | F1: 0.3333 | P: 0.5556 | R: 0.2381
2026-06-14 03:41:55,113 [INFO] Saved confusion matrix and qualitative samples to Results/exp-A_videomae_subj3_split0.5_2026-06-14_03-28-56
2026-06-14 03:41:56,335 [INFO] Saved last model to Data/models/exp-A_videomae_subj3_split0.5/model_last.pth
2026-06-14 03:41:57,483 [INFO] Saved new best model to Data/models/exp-A_videomae_subj3_split0.5/model_best.pth
2026-06-14 03:43:17,604 [INFO] Epoch 8 | Train Loss: 0.7351 | Val Loss: 0.0000 | Acc: 0.5116 | F1: 0.2759 | P: 0.5000 | R: 0.1905
2026-06-14 03:43:25,101 [INFO] Saved last model to Data/models/exp-A_videomae_subj3_split0.5/model_last.pth
2026-06-14 03:44:45,548 [INFO] Epoch 9 | Train Loss: 0.6993 | Val Loss: 0.0000 | Acc: 0.5116 | F1: 0.2759 | P: 0.5000 | R: 0.1905
2026-06-14 03:44:46,827 [INFO] Saved last model to Data/models/exp-A_videomae_subj3_split0.5/model_last.pth
2026-06-14 03:44:46,828 [INFO] Unfreezing backbone for end-to-end training.
2026-06-14 03:46:05,433 [INFO] Epoch 10 | Train Loss: 1.1390 | Val Loss: 0.0000 | Acc: 0.4884 | F1: 0.0000 | P: 0.0000 | R: 0.0000
2026-06-14 03:46:49,246 [INFO] Saved last model to Data/models/exp-A_videomae_subj3_split0.5/model_last.pth
2026-06-14 03:48:08,868 [INFO] Epoch 11 | Train Loss: 0.7384 | Val Loss: 0.0000 | Acc: 0.5116 | F1: 0.4324 | P: 0.5000 | R: 0.3810
2026-06-14 03:48:09,049 [INFO] Saved confusion matrix and qualitative samples to Results/exp-A_videomae_subj3_split0.5_2026-06-14_03-28-56
2026-06-14 03:48:34,198 [INFO] Saved last model to Data/models/exp-A_videomae_subj3_split0.5/model_last.pth
2026-06-14 03:48:48,642 [INFO] Saved new best model to Data/models/exp-A_videomae_subj3_split0.5/model_best.pth
2026-06-14 03:50:10,460 [INFO] Epoch 12 | Train Loss: 0.8207 | Val Loss: 0.0000 | Acc: 0.5116 | F1: 0.2222 | P: 0.5000 | R: 0.1429
2026-06-14 03:50:13,957 [INFO] Saved last model to Data/models/exp-A_videomae_subj3_split0.5/model_last.pth
2026-06-14 03:51:35,745 [INFO] Epoch 13 | Train Loss: 0.7570 | Val Loss: 0.0000 | Acc: 0.4651 | F1: 0.0800 | P: 0.2500 | R: 0.0476
2026-06-14 03:52:03,424 [INFO] Saved last model to Data/models/exp-A_videomae_subj3_split0.5/model_last.pth
2026-06-14 03:53:24,855 [INFO] Epoch 14 | Train Loss: 0.5747 | Val Loss: 0.0000 | Acc: 0.5349 | F1: 0.4118 | P: 0.5385 | R: 0.3333
2026-06-14 03:54:17,973 [INFO] Saved last model to Data/models/exp-A_videomae_subj3_split0.5/model_last.pth
2026-06-14 03:55:42,270 [INFO] Epoch 15 | Train Loss: 0.6483 | Val Loss: 0.0000 | Acc: 0.5116 | F1: 0.2759 | P: 0.5000 | R: 0.1905
2026-06-14 03:56:10,108 [INFO] Saved last model to Data/models/exp-A_videomae_subj3_split0.5/model_last.pth
2026-06-14 03:57:31,201 [INFO] Epoch 16 | Train Loss: 0.6035 | Val Loss: 0.0000 | Acc: 0.5116 | F1: 0.2222 | P: 0.5000 | R: 0.1429
2026-06-14 03:58:24,115 [INFO] Saved last model to Data/models/exp-A_videomae_subj3_split0.5/model_last.pth
2026-06-14 03:59:43,551 [INFO] Epoch 17 | Train Loss: 0.5546 | Val Loss: 0.0000 | Acc: 0.7674 | F1: 0.7619 | P: 0.7619 | R: 0.7619
2026-06-14 03:59:43,742 [INFO] Saved confusion matrix and qualitative samples to Results/exp-A_videomae_subj3_split0.5_2026-06-14_03-28-56
2026-06-14 04:00:11,334 [INFO] Saved last model to Data/models/exp-A_videomae_subj3_split0.5/model_last.pth
2026-06-14 04:00:38,879 [INFO] Saved new best model to Data/models/exp-A_videomae_subj3_split0.5/model_best.pth
2026-06-14 04:01:59,667 [INFO] Epoch 18 | Train Loss: 0.5205 | Val Loss: 0.0000 | Acc: 0.8140 | F1: 0.8182 | P: 0.7826 | R: 0.8571
2026-06-14 04:01:59,855 [INFO] Saved confusion matrix and qualitative samples to Results/exp-A_videomae_subj3_split0.5_2026-06-14_03-28-56
2026-06-14 04:02:39,902 [INFO] Saved last model to Data/models/exp-A_videomae_subj3_split0.5/model_last.pth
2026-06-14 04:03:20,198 [INFO] Saved new best model to Data/models/exp-A_videomae_subj3_split0.5/model_best.pth
2026-06-14 04:04:40,197 [INFO] Epoch 19 | Train Loss: 0.5411 | Val Loss: 0.0000 | Acc: 0.6977 | F1: 0.6286 | P: 0.7857 | R: 0.5238
2026-06-14 04:04:53,152 [INFO] Saved last model to Data/models/exp-A_videomae_subj3_split0.5/model_last.pth
2026-06-14 04:04:53,152 [INFO] Finished Subj 3 with Best F1: 0.8182
2026-06-14 04:04:53,153 [INFO] Initialized Experiment Logger for: exp-A_videomae_subj4_split0.5
2026-06-14 04:04:53,153 [INFO] Hyperparameters saved to Results/exp-A_videomae_subj4_split0.5_2026-06-14_04-04-53/hyperparams.json
2026-06-14 04:04:53,153 [INFO] --- Fold for Test Subject 4 ---
2026-06-14 04:04:53,582 [INFO] Freezing backbone for 10 epochs.
2026-06-14 04:06:17,283 [INFO] Epoch 0 | Train Loss: 0.8033 | Val Loss: 0.0000 | Acc: 0.5405 | F1: 0.0000 | P: 0.0000 | R: 0.0000
2026-06-14 04:06:17,478 [INFO] Saved confusion matrix and qualitative samples to Results/exp-A_videomae_subj4_split0.5_2026-06-14_04-04-53
2026-06-14 04:06:18,645 [INFO] Saved last model to Data/models/exp-A_videomae_subj4_split0.5/model_last.pth
2026-06-14 04:06:19,829 [INFO] Saved new best model to Data/models/exp-A_videomae_subj4_split0.5/model_best.pth
2026-06-14 04:07:40,325 [INFO] Epoch 1 | Train Loss: 0.7627 | Val Loss: 0.0000 | Acc: 0.5405 | F1: 0.0000 | P: 0.0000 | R: 0.0000
2026-06-14 04:07:40,520 [INFO] Saved confusion matrix and qualitative samples to Results/exp-A_videomae_subj4_split0.5_2026-06-14_04-04-53
2026-06-14 04:07:46,636 [INFO] Saved last model to Data/models/exp-A_videomae_subj4_split0.5/model_last.pth
2026-06-14 04:08:07,005 [INFO] Saved new best model to Data/models/exp-A_videomae_subj4_split0.5/model_best.pth
2026-06-14 04:09:29,841 [INFO] Epoch 2 | Train Loss: 0.7511 | Val Loss: 0.0000 | Acc: 0.4595 | F1: 0.0000 | P: 0.0000 | R: 0.0000
2026-06-14 04:09:30,048 [INFO] Saved confusion matrix and qualitative samples to Results/exp-A_videomae_subj4_split0.5_2026-06-14_04-04-53
2026-06-14 04:09:31,222 [INFO] Saved last model to Data/models/exp-A_videomae_subj4_split0.5/model_last.pth
2026-06-14 04:09:32,385 [INFO] Saved new best model to Data/models/exp-A_videomae_subj4_split0.5/model_best.pth
2026-06-14 04:10:51,880 [INFO] Epoch 3 | Train Loss: 0.7013 | Val Loss: 0.0000 | Acc: 0.4595 | F1: 0.1667 | P: 0.2857 | R: 0.1176
2026-06-14 04:10:52,072 [INFO] Saved confusion matrix and qualitative samples to Results/exp-A_videomae_subj4_split0.5_2026-06-14_04-04-53
2026-06-14 04:11:03,494 [INFO] Saved last model to Data/models/exp-A_videomae_subj4_split0.5/model_last.pth
2026-06-14 04:11:04,663 [INFO] Saved new best model to Data/models/exp-A_videomae_subj4_split0.5/model_best.pth
2026-06-14 04:12:24,606 [INFO] Epoch 4 | Train Loss: 0.7162 | Val Loss: 0.0000 | Acc: 0.2973 | F1: 0.1333 | P: 0.1538 | R: 0.1176
2026-06-14 04:12:25,877 [INFO] Saved last model to Data/models/exp-A_videomae_subj4_split0.5/model_last.pth
2026-06-14 04:13:46,523 [INFO] Epoch 5 | Train Loss: 0.7293 | Val Loss: 0.0000 | Acc: 0.3243 | F1: 0.3243 | P: 0.3000 | R: 0.3529
2026-06-14 04:13:46,721 [INFO] Saved confusion matrix and qualitative samples to Results/exp-A_videomae_subj4_split0.5_2026-06-14_04-04-53
2026-06-14 04:14:12,173 [INFO] Saved last model to Data/models/exp-A_videomae_subj4_split0.5/model_last.pth
2026-06-14 04:14:13,356 [INFO] Saved new best model to Data/models/exp-A_videomae_subj4_split0.5/model_best.pth
2026-06-14 04:15:35,130 [INFO] Epoch 6 | Train Loss: 0.7124 | Val Loss: 0.0000 | Acc: 0.3514 | F1: 0.4000 | P: 0.3478 | R: 0.4706
2026-06-14 04:15:35,319 [INFO] Saved confusion matrix and qualitative samples to Results/exp-A_videomae_subj4_split0.5_2026-06-14_04-04-53
2026-06-14 04:15:36,499 [INFO] Saved last model to Data/models/exp-A_videomae_subj4_split0.5/model_last.pth
2026-06-14 04:16:01,878 [INFO] Saved new best model to Data/models/exp-A_videomae_subj4_split0.5/model_best.pth
2026-06-14 04:17:23,452 [INFO] Epoch 7 | Train Loss: 0.6830 | Val Loss: 0.0000 | Acc: 0.2432 | F1: 0.3636 | P: 0.2963 | R: 0.4706
2026-06-14 04:17:24,740 [INFO] Saved last model to Data/models/exp-A_videomae_subj4_split0.5/model_last.pth
2026-06-14 04:18:48,829 [INFO] Epoch 8 | Train Loss: 0.7245 | Val Loss: 0.0000 | Acc: 0.2432 | F1: 0.3913 | P: 0.3103 | R: 0.5294
2026-06-14 04:18:50,114 [INFO] Saved last model to Data/models/exp-A_videomae_subj4_split0.5/model_last.pth
2026-06-14 04:20:13,208 [INFO] Epoch 9 | Train Loss: 0.7029 | Val Loss: 0.0000 | Acc: 0.3243 | F1: 0.4898 | P: 0.3750 | R: 0.7059
2026-06-14 04:20:13,398 [INFO] Saved confusion matrix and qualitative samples to Results/exp-A_videomae_subj4_split0.5_2026-06-14_04-04-53
2026-06-14 04:20:41,799 [INFO] Saved last model to Data/models/exp-A_videomae_subj4_split0.5/model_last.pth
2026-06-14 04:21:04,382 [INFO] Saved new best model to Data/models/exp-A_videomae_subj4_split0.5/model_best.pth
2026-06-14 04:21:04,382 [INFO] Unfreezing backbone for end-to-end training.
2026-06-14 04:22:25,158 [INFO] Epoch 10 | Train Loss: 1.2683 | Val Loss: 0.0000 | Acc: 0.3243 | F1: 0.4444 | P: 0.3571 | R: 0.5882
2026-06-14 04:22:52,862 [INFO] Saved last model to Data/models/exp-A_videomae_subj4_split0.5/model_last.pth
2026-06-14 04:24:12,911 [INFO] Epoch 11 | Train Loss: 0.7900 | Val Loss: 0.0000 | Acc: 0.4595 | F1: 0.6296 | P: 0.4595 | R: 1.0000
2026-06-14 04:24:13,105 [INFO] Saved confusion matrix and qualitative samples to Results/exp-A_videomae_subj4_split0.5_2026-06-14_04-04-53
2026-06-14 04:24:54,804 [INFO] Saved last model to Data/models/exp-A_videomae_subj4_split0.5/model_last.pth
2026-06-14 04:25:33,366 [INFO] Saved new best model to Data/models/exp-A_videomae_subj4_split0.5/model_best.pth
2026-06-14 04:26:55,851 [INFO] Epoch 12 | Train Loss: 0.7697 | Val Loss: 0.0000 | Acc: 0.5405 | F1: 0.0000 | P: 0.0000 | R: 0.0000
2026-06-14 04:27:18,119 [INFO] Saved last model to Data/models/exp-A_videomae_subj4_split0.5/model_last.pth
2026-06-14 04:28:41,841 [INFO] Epoch 13 | Train Loss: 0.6634 | Val Loss: 0.0000 | Acc: 0.4595 | F1: 0.6296 | P: 0.4595 | R: 1.0000
2026-06-14 04:28:42,032 [INFO] Saved confusion matrix and qualitative samples to Results/exp-A_videomae_subj4_split0.5_2026-06-14_04-04-53
2026-06-14 04:28:47,516 [INFO] Saved last model to Data/models/exp-A_videomae_subj4_split0.5/model_last.pth
2026-06-14 04:29:12,489 [INFO] Saved new best model to Data/models/exp-A_videomae_subj4_split0.5/model_best.pth
2026-06-14 04:30:34,771 [INFO] Epoch 14 | Train Loss: 0.6001 | Val Loss: 0.0000 | Acc: 0.4595 | F1: 0.6296 | P: 0.4595 | R: 1.0000
2026-06-14 04:30:34,969 [INFO] Saved confusion matrix and qualitative samples to Results/exp-A_videomae_subj4_split0.5_2026-06-14_04-04-53
2026-06-14 04:31:27,959 [INFO] Saved last model to Data/models/exp-A_videomae_subj4_split0.5/model_last.pth
2026-06-14 04:31:55,500 [INFO] Saved new best model to Data/models/exp-A_videomae_subj4_split0.5/model_best.pth
2026-06-14 04:33:20,760 [INFO] Epoch 15 | Train Loss: 0.5670 | Val Loss: 0.0000 | Acc: 0.4595 | F1: 0.6296 | P: 0.4595 | R: 1.0000
2026-06-14 04:33:20,953 [INFO] Saved confusion matrix and qualitative samples to Results/exp-A_videomae_subj4_split0.5_2026-06-14_04-04-53
2026-06-14 04:33:48,630 [INFO] Saved last model to Data/models/exp-A_videomae_subj4_split0.5/model_last.pth
2026-06-14 04:34:41,506 [INFO] Saved new best model to Data/models/exp-A_videomae_subj4_split0.5/model_best.pth
2026-06-14 04:36:05,226 [INFO] Epoch 16 | Train Loss: 0.5166 | Val Loss: 0.0000 | Acc: 0.4595 | F1: 0.6296 | P: 0.4595 | R: 1.0000
2026-06-14 04:36:05,432 [INFO] Saved confusion matrix and qualitative samples to Results/exp-A_videomae_subj4_split0.5_2026-06-14_04-04-53
2026-06-14 04:36:33,704 [INFO] Saved last model to Data/models/exp-A_videomae_subj4_split0.5/model_last.pth
2026-06-14 04:37:25,487 [INFO] Saved new best model to Data/models/exp-A_videomae_subj4_split0.5/model_best.pth
2026-06-14 04:38:48,291 [INFO] Epoch 17 | Train Loss: 0.5529 | Val Loss: 0.0000 | Acc: 0.4595 | F1: 0.6296 | P: 0.4595 | R: 1.0000
2026-06-14 04:38:48,486 [INFO] Saved confusion matrix and qualitative samples to Results/exp-A_videomae_subj4_split0.5_2026-06-14_04-04-53
2026-06-14 04:39:16,122 [INFO] Saved last model to Data/models/exp-A_videomae_subj4_split0.5/model_last.pth
2026-06-14 04:39:36,229 [INFO] Saved new best model to Data/models/exp-A_videomae_subj4_split0.5/model_best.pth
2026-06-14 04:40:57,835 [INFO] Epoch 18 | Train Loss: 0.4856 | Val Loss: 0.0000 | Acc: 0.4595 | F1: 0.6296 | P: 0.4595 | R: 1.0000
2026-06-14 04:40:58,027 [INFO] Saved confusion matrix and qualitative samples to Results/exp-A_videomae_subj4_split0.5_2026-06-14_04-04-53
2026-06-14 04:41:04,300 [INFO] Saved last model to Data/models/exp-A_videomae_subj4_split0.5/model_last.pth
2026-06-14 04:41:28,481 [INFO] Saved new best model to Data/models/exp-A_videomae_subj4_split0.5/model_best.pth
2026-06-14 04:42:52,030 [INFO] Epoch 19 | Train Loss: 0.5017 | Val Loss: 0.0000 | Acc: 0.4595 | F1: 0.6296 | P: 0.4595 | R: 1.0000
2026-06-14 04:42:52,230 [INFO] Saved confusion matrix and qualitative samples to Results/exp-A_videomae_subj4_split0.5_2026-06-14_04-04-53
2026-06-14 04:43:45,386 [INFO] Saved last model to Data/models/exp-A_videomae_subj4_split0.5/model_last.pth
2026-06-14 04:44:12,975 [INFO] Saved new best model to Data/models/exp-A_videomae_subj4_split0.5/model_best.pth
2026-06-14 04:44:12,976 [INFO] Finished Subj 4 with Best F1: 0.6296
