2026-06-14 22:29:27,726 [INFO] Initialized Experiment Logger for: exp-A_videomae_subj1_split0.5
2026-06-14 22:29:27,727 [INFO] Hyperparameters saved to Results/exp-A_videomae_subj1_split0.5_2026-06-14_22-29-27/hyperparams.json
2026-06-14 22:29:27,727 [INFO] --- Fold for Test Subject 1 ---
2026-06-14 22:29:28,335 [INFO] Freezing backbone for 5 epochs.
2026-06-14 22:30:41,601 [INFO] Epoch 0 | Train Loss: 0.9037 | Val Loss: 0.0000 | Acc: 0.5000 | F1: 0.6667 | P: 0.5000 | R: 1.0000
2026-06-14 22:30:41,793 [INFO] Saved confusion matrix and qualitative samples to Results/exp-A_videomae_subj1_split0.5_2026-06-14_22-29-27
2026-06-14 22:30:43,097 [INFO] Saved last model to Data/models/exp-A_videomae_subj1_split0.5/model_last.pth
2026-06-14 22:30:44,320 [INFO] Saved new best model to Data/models/exp-A_videomae_subj1_split0.5/model_best.pth
2026-06-14 22:32:01,552 [INFO] Epoch 1 | Train Loss: 0.8252 | Val Loss: 0.0000 | Acc: 0.5000 | F1: 0.6667 | P: 0.5000 | R: 1.0000
2026-06-14 22:32:01,731 [INFO] Saved confusion matrix and qualitative samples to Results/exp-A_videomae_subj1_split0.5_2026-06-14_22-29-27
2026-06-14 22:32:16,945 [INFO] Saved last model to Data/models/exp-A_videomae_subj1_split0.5/model_last.pth
2026-06-14 22:32:53,749 [INFO] Saved new best model to Data/models/exp-A_videomae_subj1_split0.5/model_best.pth
2026-06-14 22:34:09,806 [INFO] Epoch 2 | Train Loss: 0.7722 | Val Loss: 0.0000 | Acc: 0.5000 | F1: 0.6667 | P: 0.5000 | R: 1.0000
2026-06-14 22:34:09,993 [INFO] Saved confusion matrix and qualitative samples to Results/exp-A_videomae_subj1_split0.5_2026-06-14_22-29-27
2026-06-14 22:34:11,204 [INFO] Saved last model to Data/models/exp-A_videomae_subj1_split0.5/model_last.pth
2026-06-14 22:34:20,789 [INFO] Saved new best model to Data/models/exp-A_videomae_subj1_split0.5/model_best.pth
2026-06-14 22:35:36,101 [INFO] Epoch 3 | Train Loss: 0.7624 | Val Loss: 0.0000 | Acc: 0.5312 | F1: 0.6809 | P: 0.5161 | R: 1.0000
2026-06-14 22:35:36,290 [INFO] Saved confusion matrix and qualitative samples to Results/exp-A_videomae_subj1_split0.5_2026-06-14_22-29-27
2026-06-14 22:35:38,101 [INFO] Saved last model to Data/models/exp-A_videomae_subj1_split0.5/model_last.pth
2026-06-14 22:35:39,273 [INFO] Saved new best model to Data/models/exp-A_videomae_subj1_split0.5/model_best.pth
2026-06-14 22:36:56,610 [INFO] Epoch 4 | Train Loss: 0.7060 | Val Loss: 0.0000 | Acc: 0.5312 | F1: 0.6809 | P: 0.5161 | R: 1.0000
2026-06-14 22:36:56,812 [INFO] Saved confusion matrix and qualitative samples to Results/exp-A_videomae_subj1_split0.5_2026-06-14_22-29-27
2026-06-14 22:37:11,114 [INFO] Saved last model to Data/models/exp-A_videomae_subj1_split0.5/model_last.pth
2026-06-14 22:37:23,444 [INFO] Saved new best model to Data/models/exp-A_videomae_subj1_split0.5/model_best.pth
2026-06-14 22:37:23,445 [INFO] Unfreezing backbone for end-to-end training.
2026-06-14 22:38:37,683 [INFO] Epoch 5 | Train Loss: 1.0157 | Val Loss: 0.0000 | Acc: 0.5000 | F1: 0.6667 | P: 0.5000 | R: 1.0000
2026-06-14 22:39:25,946 [INFO] Saved last model to Data/models/exp-A_videomae_subj1_split0.5/model_last.pth
2026-06-14 22:40:41,574 [INFO] Epoch 6 | Train Loss: 0.7716 | Val Loss: 0.0000 | Acc: 0.3125 | F1: 0.2667 | P: 0.2857 | R: 0.2500
2026-06-14 22:41:13,282 [INFO] Saved last model to Data/models/exp-A_videomae_subj1_split0.5/model_last.pth
2026-06-14 22:42:34,107 [INFO] Epoch 7 | Train Loss: 0.5932 | Val Loss: 0.0000 | Acc: 0.4062 | F1: 0.5778 | P: 0.4483 | R: 0.8125
2026-06-14 22:42:54,965 [INFO] Saved last model to Data/models/exp-A_videomae_subj1_split0.5/model_last.pth
2026-06-14 22:44:14,062 [INFO] Epoch 8 | Train Loss: 0.6235 | Val Loss: 0.0000 | Acc: 0.5000 | F1: 0.6667 | P: 0.5000 | R: 1.0000
2026-06-14 22:44:20,731 [INFO] Saved last model to Data/models/exp-A_videomae_subj1_split0.5/model_last.pth
2026-06-14 22:45:38,700 [INFO] Epoch 9 | Train Loss: 0.6304 | Val Loss: 0.0000 | Acc: 0.4062 | F1: 0.4242 | P: 0.4118 | R: 0.4375
2026-06-14 22:45:52,064 [INFO] Saved last model to Data/models/exp-A_videomae_subj1_split0.5/model_last.pth
2026-06-14 22:47:08,871 [INFO] Epoch 10 | Train Loss: 0.6040 | Val Loss: 0.0000 | Acc: 0.4062 | F1: 0.5778 | P: 0.4483 | R: 0.8125
2026-06-14 22:47:36,759 [INFO] Saved last model to Data/models/exp-A_videomae_subj1_split0.5/model_last.pth
2026-06-14 22:48:51,582 [INFO] Epoch 11 | Train Loss: 0.5759 | Val Loss: 0.0000 | Acc: 0.3125 | F1: 0.0000 | P: 0.0000 | R: 0.0000
2026-06-14 22:49:19,410 [INFO] Saved last model to Data/models/exp-A_videomae_subj1_split0.5/model_last.pth
2026-06-14 22:50:37,117 [INFO] Epoch 12 | Train Loss: 0.5187 | Val Loss: 0.0000 | Acc: 0.4375 | F1: 0.4706 | P: 0.4444 | R: 0.5000
2026-06-14 22:51:04,969 [INFO] Saved last model to Data/models/exp-A_videomae_subj1_split0.5/model_last.pth
2026-06-14 22:52:23,391 [INFO] Epoch 13 | Train Loss: 0.5847 | Val Loss: 0.0000 | Acc: 0.4375 | F1: 0.6087 | P: 0.4667 | R: 0.8750
2026-06-14 22:53:17,197 [INFO] Saved last model to Data/models/exp-A_videomae_subj1_split0.5/model_last.pth
2026-06-14 22:54:32,875 [INFO] Epoch 14 | Train Loss: 0.4914 | Val Loss: 0.0000 | Acc: 0.3125 | F1: 0.0000 | P: 0.0000 | R: 0.0000
2026-06-14 22:55:00,599 [INFO] Saved last model to Data/models/exp-A_videomae_subj1_split0.5/model_last.pth
2026-06-14 22:56:15,705 [INFO] Epoch 15 | Train Loss: 0.5274 | Val Loss: 0.0000 | Acc: 0.4375 | F1: 0.6087 | P: 0.4667 | R: 0.8750
2026-06-14 22:56:44,192 [INFO] Saved last model to Data/models/exp-A_videomae_subj1_split0.5/model_last.pth
2026-06-14 22:58:01,184 [INFO] Epoch 16 | Train Loss: 0.5077 | Val Loss: 0.0000 | Acc: 0.3438 | F1: 0.0870 | P: 0.1429 | R: 0.0625
2026-06-14 22:58:28,946 [INFO] Saved last model to Data/models/exp-A_videomae_subj1_split0.5/model_last.pth
2026-06-14 22:59:43,482 [INFO] Epoch 17 | Train Loss: 0.4068 | Val Loss: 0.0000 | Acc: 0.3438 | F1: 0.4000 | P: 0.3684 | R: 0.4375
2026-06-14 23:00:11,229 [INFO] Saved last model to Data/models/exp-A_videomae_subj1_split0.5/model_last.pth
2026-06-14 23:01:27,358 [INFO] Epoch 18 | Train Loss: 0.3899 | Val Loss: 0.0000 | Acc: 0.3438 | F1: 0.1600 | P: 0.2222 | R: 0.1250
2026-06-14 23:01:49,190 [INFO] Saved last model to Data/models/exp-A_videomae_subj1_split0.5/model_last.pth
2026-06-14 23:03:07,290 [INFO] Epoch 19 | Train Loss: 0.3314 | Val Loss: 0.0000 | Acc: 0.4688 | F1: 0.5854 | P: 0.4800 | R: 0.7500
2026-06-14 23:03:12,630 [INFO] Saved last model to Data/models/exp-A_videomae_subj1_split0.5/model_last.pth
2026-06-14 23:03:12,630 [INFO] Finished Subj 1 with Best F1: 0.6809
2026-06-14 23:03:12,630 [INFO] Initialized Experiment Logger for: exp-A_videomae_subj2_split0.5
2026-06-14 23:03:12,631 [INFO] Hyperparameters saved to Results/exp-A_videomae_subj2_split0.5_2026-06-14_23-03-12/hyperparams.json
2026-06-14 23:03:12,631 [INFO] --- Fold for Test Subject 2 ---
2026-06-14 23:03:13,098 [INFO] Freezing backbone for 5 epochs.
2026-06-14 23:04:43,927 [INFO] Epoch 0 | Train Loss: 0.7442 | Val Loss: 0.0000 | Acc: 0.5625 | F1: 0.5116 | P: 0.6111 | R: 0.4400
2026-06-14 23:04:44,253 [INFO] Saved confusion matrix and qualitative samples to Results/exp-A_videomae_subj2_split0.5_2026-06-14_23-03-12
2026-06-14 23:04:45,449 [INFO] Saved last model to Data/models/exp-A_videomae_subj2_split0.5/model_last.pth
2026-06-14 23:04:46,647 [INFO] Saved new best model to Data/models/exp-A_videomae_subj2_split0.5/model_best.pth
2026-06-14 23:06:15,194 [INFO] Epoch 1 | Train Loss: 0.7176 | Val Loss: 0.0000 | Acc: 0.6042 | F1: 0.4865 | P: 0.7500 | R: 0.3600
2026-06-14 23:06:16,548 [INFO] Saved last model to Data/models/exp-A_videomae_subj2_split0.5/model_last.pth
2026-06-14 23:07:45,530 [INFO] Epoch 2 | Train Loss: 0.6977 | Val Loss: 0.0000 | Acc: 0.4792 | F1: 0.0741 | P: 0.5000 | R: 0.0400
2026-06-14 23:07:46,835 [INFO] Saved last model to Data/models/exp-A_videomae_subj2_split0.5/model_last.pth
2026-06-14 23:09:18,766 [INFO] Epoch 3 | Train Loss: 0.7344 | Val Loss: 0.0000 | Acc: 0.5000 | F1: 0.0769 | P: 1.0000 | R: 0.0400
2026-06-14 23:09:20,063 [INFO] Saved last model to Data/models/exp-A_videomae_subj2_split0.5/model_last.pth
2026-06-14 23:10:52,012 [INFO] Epoch 4 | Train Loss: 0.7104 | Val Loss: 0.0000 | Acc: 0.5000 | F1: 0.0769 | P: 1.0000 | R: 0.0400
2026-06-14 23:10:53,309 [INFO] Saved last model to Data/models/exp-A_videomae_subj2_split0.5/model_last.pth
2026-06-14 23:10:53,310 [INFO] Unfreezing backbone for end-to-end training.
2026-06-14 23:12:24,204 [INFO] Epoch 5 | Train Loss: 1.1253 | Val Loss: 0.0000 | Acc: 0.2917 | F1: 0.4138 | P: 0.3636 | R: 0.4800
2026-06-14 23:12:28,248 [INFO] Saved last model to Data/models/exp-A_videomae_subj2_split0.5/model_last.pth
2026-06-14 23:14:00,405 [INFO] Epoch 6 | Train Loss: 0.8320 | Val Loss: 0.0000 | Acc: 0.4792 | F1: 0.0000 | P: 0.0000 | R: 0.0000
2026-06-14 23:14:28,491 [INFO] Saved last model to Data/models/exp-A_videomae_subj2_split0.5/model_last.pth
2026-06-14 23:15:59,824 [INFO] Epoch 7 | Train Loss: 0.8019 | Val Loss: 0.0000 | Acc: 0.5208 | F1: 0.1481 | P: 1.0000 | R: 0.0800
2026-06-14 23:16:27,706 [INFO] Saved last model to Data/models/exp-A_videomae_subj2_split0.5/model_last.pth
2026-06-14 23:18:01,423 [INFO] Epoch 8 | Train Loss: 0.6567 | Val Loss: 0.0000 | Acc: 0.4792 | F1: 0.0000 | P: 0.0000 | R: 0.0000
2026-06-14 23:18:54,872 [INFO] Saved last model to Data/models/exp-A_videomae_subj2_split0.5/model_last.pth
2026-06-14 23:20:24,221 [INFO] Epoch 9 | Train Loss: 0.6874 | Val Loss: 0.0000 | Acc: 0.5417 | F1: 0.3889 | P: 0.6364 | R: 0.2800
2026-06-14 23:20:52,107 [INFO] Saved last model to Data/models/exp-A_videomae_subj2_split0.5/model_last.pth
2026-06-14 23:22:22,237 [INFO] Epoch 10 | Train Loss: 0.6521 | Val Loss: 0.0000 | Acc: 0.3958 | F1: 0.4727 | P: 0.4333 | R: 0.5200
2026-06-14 23:22:50,112 [INFO] Saved last model to Data/models/exp-A_videomae_subj2_split0.5/model_last.pth
2026-06-14 23:24:19,142 [INFO] Epoch 11 | Train Loss: 0.6769 | Val Loss: 0.0000 | Acc: 0.5000 | F1: 0.0769 | P: 1.0000 | R: 0.0400
2026-06-14 23:24:46,941 [INFO] Saved last model to Data/models/exp-A_videomae_subj2_split0.5/model_last.pth
2026-06-14 23:26:21,737 [INFO] Epoch 12 | Train Loss: 0.7594 | Val Loss: 0.0000 | Acc: 0.5625 | F1: 0.5333 | P: 0.6000 | R: 0.4800
2026-06-14 23:26:21,922 [INFO] Saved confusion matrix and qualitative samples to Results/exp-A_videomae_subj2_split0.5_2026-06-14_23-03-12
2026-06-14 23:27:04,328 [INFO] Saved last model to Data/models/exp-A_videomae_subj2_split0.5/model_last.pth
2026-06-14 23:27:40,165 [INFO] Saved new best model to Data/models/exp-A_videomae_subj2_split0.5/model_best.pth
2026-06-14 23:29:11,070 [INFO] Epoch 13 | Train Loss: 0.6693 | Val Loss: 0.0000 | Acc: 0.4792 | F1: 0.0000 | P: 0.0000 | R: 0.0000
2026-06-14 23:29:21,485 [INFO] Saved last model to Data/models/exp-A_videomae_subj2_split0.5/model_last.pth
2026-06-14 23:30:53,168 [INFO] Epoch 14 | Train Loss: 0.6767 | Val Loss: 0.0000 | Acc: 0.5208 | F1: 0.5106 | P: 0.5455 | R: 0.4800
2026-06-14 23:30:56,725 [INFO] Saved last model to Data/models/exp-A_videomae_subj2_split0.5/model_last.pth
2026-06-14 23:32:28,481 [INFO] Epoch 15 | Train Loss: 0.6565 | Val Loss: 0.0000 | Acc: 0.4792 | F1: 0.0000 | P: 0.0000 | R: 0.0000
2026-06-14 23:32:56,453 [INFO] Saved last model to Data/models/exp-A_videomae_subj2_split0.5/model_last.pth
2026-06-14 23:34:25,945 [INFO] Epoch 16 | Train Loss: 0.6680 | Val Loss: 0.0000 | Acc: 0.5833 | F1: 0.5000 | P: 0.6667 | R: 0.4000
2026-06-14 23:35:19,408 [INFO] Saved last model to Data/models/exp-A_videomae_subj2_split0.5/model_last.pth
2026-06-14 23:36:47,899 [INFO] Epoch 17 | Train Loss: 0.7111 | Val Loss: 0.0000 | Acc: 0.5833 | F1: 0.4737 | P: 0.6923 | R: 0.3600
2026-06-14 23:37:15,801 [INFO] Saved last model to Data/models/exp-A_videomae_subj2_split0.5/model_last.pth
2026-06-14 23:38:45,364 [INFO] Epoch 18 | Train Loss: 0.6185 | Val Loss: 0.0000 | Acc: 0.3542 | F1: 0.4746 | P: 0.4118 | R: 0.5600
2026-06-14 23:39:13,700 [INFO] Saved last model to Data/models/exp-A_videomae_subj2_split0.5/model_last.pth
2026-06-14 23:40:46,481 [INFO] Epoch 19 | Train Loss: 0.6143 | Val Loss: 0.0000 | Acc: 0.4792 | F1: 0.0000 | P: 0.0000 | R: 0.0000
2026-06-14 23:41:14,510 [INFO] Saved last model to Data/models/exp-A_videomae_subj2_split0.5/model_last.pth
2026-06-14 23:41:14,511 [INFO] Finished Subj 2 with Best F1: 0.5333
2026-06-14 23:41:14,515 [INFO] Initialized Experiment Logger for: exp-A_videomae_subj3_split0.5
2026-06-14 23:41:14,516 [INFO] Hyperparameters saved to Results/exp-A_videomae_subj3_split0.5_2026-06-14_23-41-14/hyperparams.json
2026-06-14 23:41:14,516 [INFO] --- Fold for Test Subject 3 ---
2026-06-14 23:41:14,980 [INFO] Freezing backbone for 5 epochs.
2026-06-14 23:42:36,331 [INFO] Epoch 0 | Train Loss: 0.6989 | Val Loss: 0.0000 | Acc: 0.5116 | F1: 0.3226 | P: 0.5000 | R: 0.2381
2026-06-14 23:42:36,513 [INFO] Saved confusion matrix and qualitative samples to Results/exp-A_videomae_subj3_split0.5_2026-06-14_23-41-14
2026-06-14 23:42:37,807 [INFO] Saved last model to Data/models/exp-A_videomae_subj3_split0.5/model_last.pth
2026-06-14 23:43:03,327 [INFO] Saved new best model to Data/models/exp-A_videomae_subj3_split0.5/model_best.pth
2026-06-14 23:44:26,400 [INFO] Epoch 1 | Train Loss: 0.6988 | Val Loss: 0.0000 | Acc: 0.5349 | F1: 0.2857 | P: 0.5714 | R: 0.1905
2026-06-14 23:44:27,716 [INFO] Saved last model to Data/models/exp-A_videomae_subj3_split0.5/model_last.pth
2026-06-14 23:45:47,082 [INFO] Epoch 2 | Train Loss: 0.6866 | Val Loss: 0.0000 | Acc: 0.5116 | F1: 0.2759 | P: 0.5000 | R: 0.1905
2026-06-14 23:45:48,384 [INFO] Saved last model to Data/models/exp-A_videomae_subj3_split0.5/model_last.pth
2026-06-14 23:47:07,673 [INFO] Epoch 3 | Train Loss: 0.6774 | Val Loss: 0.0000 | Acc: 0.5116 | F1: 0.2759 | P: 0.5000 | R: 0.1905
2026-06-14 23:47:30,128 [INFO] Saved last model to Data/models/exp-A_videomae_subj3_split0.5/model_last.pth
2026-06-14 23:48:50,160 [INFO] Epoch 4 | Train Loss: 0.6571 | Val Loss: 0.0000 | Acc: 0.4651 | F1: 0.1481 | P: 0.3333 | R: 0.0952
2026-06-14 23:48:51,446 [INFO] Saved last model to Data/models/exp-A_videomae_subj3_split0.5/model_last.pth
2026-06-14 23:48:51,447 [INFO] Unfreezing backbone for end-to-end training.
2026-06-14 23:50:14,520 [INFO] Epoch 5 | Train Loss: 1.0255 | Val Loss: 0.0000 | Acc: 0.5116 | F1: 0.0000 | P: 0.0000 | R: 0.0000
2026-06-14 23:50:42,323 [INFO] Saved last model to Data/models/exp-A_videomae_subj3_split0.5/model_last.pth
2026-06-14 23:52:04,313 [INFO] Epoch 6 | Train Loss: 0.8656 | Val Loss: 0.0000 | Acc: 0.5349 | F1: 0.2857 | P: 0.5714 | R: 0.1905
2026-06-14 23:52:31,975 [INFO] Saved last model to Data/models/exp-A_videomae_subj3_split0.5/model_last.pth
2026-06-14 23:53:56,776 [INFO] Epoch 7 | Train Loss: 0.6603 | Val Loss: 0.0000 | Acc: 0.5116 | F1: 0.2759 | P: 0.5000 | R: 0.1905
2026-06-14 23:54:25,243 [INFO] Saved last model to Data/models/exp-A_videomae_subj3_split0.5/model_last.pth
2026-06-14 23:55:47,384 [INFO] Epoch 8 | Train Loss: 0.5881 | Val Loss: 0.0000 | Acc: 0.5116 | F1: 0.2222 | P: 0.5000 | R: 0.1429
2026-06-14 23:56:05,726 [INFO] Saved last model to Data/models/exp-A_videomae_subj3_split0.5/model_last.pth
2026-06-14 23:57:29,978 [INFO] Epoch 9 | Train Loss: 0.5607 | Val Loss: 0.0000 | Acc: 0.5116 | F1: 0.2222 | P: 0.5000 | R: 0.1429
2026-06-14 23:57:33,462 [INFO] Saved last model to Data/models/exp-A_videomae_subj3_split0.5/model_last.pth
2026-06-14 23:58:56,853 [INFO] Epoch 10 | Train Loss: 0.4913 | Val Loss: 0.0000 | Acc: 0.6047 | F1: 0.6909 | P: 0.5588 | R: 0.9048
2026-06-14 23:58:57,054 [INFO] Saved confusion matrix and qualitative samples to Results/exp-A_videomae_subj3_split0.5_2026-06-14_23-41-14
2026-06-14 23:59:00,478 [INFO] Saved last model to Data/models/exp-A_videomae_subj3_split0.5/model_last.pth
2026-06-14 23:59:28,111 [INFO] Saved new best model to Data/models/exp-A_videomae_subj3_split0.5/model_best.pth
2026-06-15 00:00:50,608 [INFO] Epoch 11 | Train Loss: 0.5491 | Val Loss: 0.0000 | Acc: 0.7442 | F1: 0.7179 | P: 0.7778 | R: 0.6667
2026-06-15 00:00:50,791 [INFO] Saved confusion matrix and qualitative samples to Results/exp-A_videomae_subj3_split0.5_2026-06-14_23-41-14
2026-06-15 00:01:18,614 [INFO] Saved last model to Data/models/exp-A_videomae_subj3_split0.5/model_last.pth
2026-06-15 00:01:46,364 [INFO] Saved new best model to Data/models/exp-A_videomae_subj3_split0.5/model_best.pth
2026-06-15 00:03:09,171 [INFO] Epoch 12 | Train Loss: 0.5400 | Val Loss: 0.0000 | Acc: 0.6047 | F1: 0.6909 | P: 0.5588 | R: 0.9048
2026-06-15 00:04:03,002 [INFO] Saved last model to Data/models/exp-A_videomae_subj3_split0.5/model_last.pth
2026-06-15 00:05:25,576 [INFO] Epoch 13 | Train Loss: 0.4794 | Val Loss: 0.0000 | Acc: 0.5116 | F1: 0.2759 | P: 0.5000 | R: 0.1905
2026-06-15 00:05:53,467 [INFO] Saved last model to Data/models/exp-A_videomae_subj3_split0.5/model_last.pth
2026-06-15 00:07:18,256 [INFO] Epoch 14 | Train Loss: 0.4275 | Val Loss: 0.0000 | Acc: 0.6744 | F1: 0.7308 | P: 0.6129 | R: 0.9048
2026-06-15 00:07:18,447 [INFO] Saved confusion matrix and qualitative samples to Results/exp-A_videomae_subj3_split0.5_2026-06-14_23-41-14
2026-06-15 00:07:46,264 [INFO] Saved last model to Data/models/exp-A_videomae_subj3_split0.5/model_last.pth
2026-06-15 00:08:13,995 [INFO] Saved new best model to Data/models/exp-A_videomae_subj3_split0.5/model_best.pth
2026-06-15 00:09:39,517 [INFO] Epoch 15 | Train Loss: 0.5324 | Val Loss: 0.0000 | Acc: 0.6744 | F1: 0.7308 | P: 0.6129 | R: 0.9048
2026-06-15 00:09:39,706 [INFO] Saved confusion matrix and qualitative samples to Results/exp-A_videomae_subj3_split0.5_2026-06-14_23-41-14
2026-06-15 00:10:07,348 [INFO] Saved last model to Data/models/exp-A_videomae_subj3_split0.5/model_last.pth
2026-06-15 00:10:25,358 [INFO] Saved new best model to Data/models/exp-A_videomae_subj3_split0.5/model_best.pth
2026-06-15 00:11:48,833 [INFO] Epoch 16 | Train Loss: 0.4484 | Val Loss: 0.0000 | Acc: 0.7209 | F1: 0.7500 | P: 0.6667 | R: 0.8571
2026-06-15 00:11:49,029 [INFO] Saved confusion matrix and qualitative samples to Results/exp-A_videomae_subj3_split0.5_2026-06-14_23-41-14
2026-06-15 00:11:52,441 [INFO] Saved last model to Data/models/exp-A_videomae_subj3_split0.5/model_last.pth
2026-06-15 00:12:44,999 [INFO] Saved new best model to Data/models/exp-A_videomae_subj3_split0.5/model_best.pth
2026-06-15 00:14:06,935 [INFO] Epoch 17 | Train Loss: 0.4086 | Val Loss: 0.0000 | Acc: 0.5814 | F1: 0.6786 | P: 0.5429 | R: 0.9048
2026-06-15 00:14:34,964 [INFO] Saved last model to Data/models/exp-A_videomae_subj3_split0.5/model_last.pth
2026-06-15 00:15:58,516 [INFO] Epoch 18 | Train Loss: 0.3425 | Val Loss: 0.0000 | Acc: 0.6744 | F1: 0.7308 | P: 0.6129 | R: 0.9048
2026-06-15 00:16:26,812 [INFO] Saved last model to Data/models/exp-A_videomae_subj3_split0.5/model_last.pth
2026-06-15 00:17:50,916 [INFO] Epoch 19 | Train Loss: 0.4479 | Val Loss: 0.0000 | Acc: 0.5349 | F1: 0.6552 | P: 0.5135 | R: 0.9048
2026-06-15 00:18:18,875 [INFO] Saved last model to Data/models/exp-A_videomae_subj3_split0.5/model_last.pth
2026-06-15 00:18:18,875 [INFO] Finished Subj 3 with Best F1: 0.7500
2026-06-15 00:18:18,875 [INFO] Initialized Experiment Logger for: exp-A_videomae_subj4_split0.5
2026-06-15 00:18:18,875 [INFO] Hyperparameters saved to Results/exp-A_videomae_subj4_split0.5_2026-06-15_00-18-18/hyperparams.json
2026-06-15 00:18:18,875 [INFO] --- Fold for Test Subject 4 ---
2026-06-15 00:18:19,347 [INFO] Freezing backbone for 5 epochs.
2026-06-15 00:19:43,336 [INFO] Epoch 0 | Train Loss: 0.7130 | Val Loss: 0.0000 | Acc: 0.4595 | F1: 0.6296 | P: 0.4595 | R: 1.0000
2026-06-15 00:19:43,522 [INFO] Saved confusion matrix and qualitative samples to Results/exp-A_videomae_subj4_split0.5_2026-06-15_00-18-18
2026-06-15 00:19:44,722 [INFO] Saved last model to Data/models/exp-A_videomae_subj4_split0.5/model_last.pth
2026-06-15 00:20:10,309 [INFO] Saved new best model to Data/models/exp-A_videomae_subj4_split0.5/model_best.pth
2026-06-15 00:21:38,339 [INFO] Epoch 1 | Train Loss: 0.7312 | Val Loss: 0.0000 | Acc: 0.4595 | F1: 0.6296 | P: 0.4595 | R: 1.0000
2026-06-15 00:21:38,528 [INFO] Saved confusion matrix and qualitative samples to Results/exp-A_videomae_subj4_split0.5_2026-06-15_00-18-18
2026-06-15 00:21:39,736 [INFO] Saved last model to Data/models/exp-A_videomae_subj4_split0.5/model_last.pth
2026-06-15 00:21:40,932 [INFO] Saved new best model to Data/models/exp-A_videomae_subj4_split0.5/model_best.pth
2026-06-15 00:23:03,962 [INFO] Epoch 2 | Train Loss: 0.7117 | Val Loss: 0.0000 | Acc: 0.4595 | F1: 0.6296 | P: 0.4595 | R: 1.0000
2026-06-15 00:23:04,168 [INFO] Saved confusion matrix and qualitative samples to Results/exp-A_videomae_subj4_split0.5_2026-06-15_00-18-18
2026-06-15 00:23:37,839 [INFO] Saved last model to Data/models/exp-A_videomae_subj4_split0.5/model_last.pth
2026-06-15 00:23:55,966 [INFO] Saved new best model to Data/models/exp-A_videomae_subj4_split0.5/model_best.pth
2026-06-15 00:25:17,561 [INFO] Epoch 3 | Train Loss: 0.6921 | Val Loss: 0.0000 | Acc: 0.4595 | F1: 0.6296 | P: 0.4595 | R: 1.0000
2026-06-15 00:25:17,753 [INFO] Saved confusion matrix and qualitative samples to Results/exp-A_videomae_subj4_split0.5_2026-06-15_00-18-18
2026-06-15 00:25:18,951 [INFO] Saved last model to Data/models/exp-A_videomae_subj4_split0.5/model_last.pth
2026-06-15 00:25:43,663 [INFO] Saved new best model to Data/models/exp-A_videomae_subj4_split0.5/model_best.pth
2026-06-15 00:27:04,907 [INFO] Epoch 4 | Train Loss: 0.7002 | Val Loss: 0.0000 | Acc: 0.4595 | F1: 0.6296 | P: 0.4595 | R: 1.0000
2026-06-15 00:27:05,110 [INFO] Saved confusion matrix and qualitative samples to Results/exp-A_videomae_subj4_split0.5_2026-06-15_00-18-18
2026-06-15 00:27:06,351 [INFO] Saved last model to Data/models/exp-A_videomae_subj4_split0.5/model_last.pth
2026-06-15 00:27:07,549 [INFO] Saved new best model to Data/models/exp-A_videomae_subj4_split0.5/model_best.pth
2026-06-15 00:27:07,550 [INFO] Unfreezing backbone for end-to-end training.
2026-06-15 00:28:31,061 [INFO] Epoch 5 | Train Loss: 0.8000 | Val Loss: 0.0000 | Acc: 0.4595 | F1: 0.6296 | P: 0.4595 | R: 1.0000
2026-06-15 00:28:31,256 [INFO] Saved confusion matrix and qualitative samples to Results/exp-A_videomae_subj4_split0.5_2026-06-15_00-18-18
2026-06-15 00:28:59,594 [INFO] Saved last model to Data/models/exp-A_videomae_subj4_split0.5/model_last.pth
2026-06-15 00:29:27,271 [INFO] Saved new best model to Data/models/exp-A_videomae_subj4_split0.5/model_best.pth
2026-06-15 00:30:54,272 [INFO] Epoch 6 | Train Loss: 0.7378 | Val Loss: 0.0000 | Acc: 0.4595 | F1: 0.6296 | P: 0.4595 | R: 1.0000
2026-06-15 00:30:54,473 [INFO] Saved confusion matrix and qualitative samples to Results/exp-A_videomae_subj4_split0.5_2026-06-15_00-18-18
2026-06-15 00:31:43,899 [INFO] Saved last model to Data/models/exp-A_videomae_subj4_split0.5/model_last.pth
2026-06-15 00:32:12,125 [INFO] Saved new best model to Data/models/exp-A_videomae_subj4_split0.5/model_best.pth
2026-06-15 00:33:34,502 [INFO] Epoch 7 | Train Loss: 0.7157 | Val Loss: 0.0000 | Acc: 0.4595 | F1: 0.6296 | P: 0.4595 | R: 1.0000
2026-06-15 00:33:34,700 [INFO] Saved confusion matrix and qualitative samples to Results/exp-A_videomae_subj4_split0.5_2026-06-15_00-18-18
2026-06-15 00:34:02,616 [INFO] Saved last model to Data/models/exp-A_videomae_subj4_split0.5/model_last.pth
2026-06-15 00:34:30,321 [INFO] Saved new best model to Data/models/exp-A_videomae_subj4_split0.5/model_best.pth
2026-06-15 00:35:51,779 [INFO] Epoch 8 | Train Loss: 0.6211 | Val Loss: 0.0000 | Acc: 0.4595 | F1: 0.6296 | P: 0.4595 | R: 1.0000
2026-06-15 00:35:51,975 [INFO] Saved confusion matrix and qualitative samples to Results/exp-A_videomae_subj4_split0.5_2026-06-15_00-18-18
2026-06-15 00:36:16,351 [INFO] Saved last model to Data/models/exp-A_videomae_subj4_split0.5/model_last.pth
2026-06-15 00:36:37,918 [INFO] Saved new best model to Data/models/exp-A_videomae_subj4_split0.5/model_best.pth
2026-06-15 00:38:03,080 [INFO] Epoch 9 | Train Loss: 0.5850 | Val Loss: 0.0000 | Acc: 0.4595 | F1: 0.6296 | P: 0.4595 | R: 1.0000
2026-06-15 00:38:03,270 [INFO] Saved confusion matrix and qualitative samples to Results/exp-A_videomae_subj4_split0.5_2026-06-15_00-18-18
2026-06-15 00:38:08,376 [INFO] Saved last model to Data/models/exp-A_videomae_subj4_split0.5/model_last.pth
2026-06-15 00:38:33,990 [INFO] Saved new best model to Data/models/exp-A_videomae_subj4_split0.5/model_best.pth
2026-06-15 00:39:58,512 [INFO] Epoch 10 | Train Loss: 0.6245 | Val Loss: 0.0000 | Acc: 0.4595 | F1: 0.6296 | P: 0.4595 | R: 1.0000
2026-06-15 00:39:58,704 [INFO] Saved confusion matrix and qualitative samples to Results/exp-A_videomae_subj4_split0.5_2026-06-15_00-18-18
2026-06-15 00:40:52,056 [INFO] Saved last model to Data/models/exp-A_videomae_subj4_split0.5/model_last.pth
2026-06-15 00:41:20,281 [INFO] Saved new best model to Data/models/exp-A_videomae_subj4_split0.5/model_best.pth
2026-06-15 00:42:45,398 [INFO] Epoch 11 | Train Loss: 0.5964 | Val Loss: 0.0000 | Acc: 0.4595 | F1: 0.6296 | P: 0.4595 | R: 1.0000
2026-06-15 00:42:45,597 [INFO] Saved confusion matrix and qualitative samples to Results/exp-A_videomae_subj4_split0.5_2026-06-15_00-18-18
2026-06-15 00:43:13,398 [INFO] Saved last model to Data/models/exp-A_videomae_subj4_split0.5/model_last.pth
2026-06-15 00:43:41,109 [INFO] Saved new best model to Data/models/exp-A_videomae_subj4_split0.5/model_best.pth
2026-06-15 00:45:06,281 [INFO] Epoch 12 | Train Loss: 0.6325 | Val Loss: 0.0000 | Acc: 0.4595 | F1: 0.6296 | P: 0.4595 | R: 1.0000
2026-06-15 00:45:06,475 [INFO] Saved confusion matrix and qualitative samples to Results/exp-A_videomae_subj4_split0.5_2026-06-15_00-18-18
2026-06-15 00:45:34,312 [INFO] Saved last model to Data/models/exp-A_videomae_subj4_split0.5/model_last.pth
2026-06-15 00:46:02,093 [INFO] Saved new best model to Data/models/exp-A_videomae_subj4_split0.5/model_best.pth
2026-06-15 00:47:28,841 [INFO] Epoch 13 | Train Loss: 0.5750 | Val Loss: 0.0000 | Acc: 0.4595 | F1: 0.6296 | P: 0.4595 | R: 1.0000
2026-06-15 00:47:29,040 [INFO] Saved confusion matrix and qualitative samples to Results/exp-A_videomae_subj4_split0.5_2026-06-15_00-18-18
2026-06-15 00:48:08,203 [INFO] Saved last model to Data/models/exp-A_videomae_subj4_split0.5/model_last.pth
2026-06-15 00:48:50,152 [INFO] Saved new best model to Data/models/exp-A_videomae_subj4_split0.5/model_best.pth
2026-06-15 00:50:15,925 [INFO] Epoch 14 | Train Loss: 0.5255 | Val Loss: 0.0000 | Acc: 0.4595 | F1: 0.6296 | P: 0.4595 | R: 1.0000
2026-06-15 00:50:16,122 [INFO] Saved confusion matrix and qualitative samples to Results/exp-A_videomae_subj4_split0.5_2026-06-15_00-18-18
2026-06-15 00:50:28,972 [INFO] Saved last model to Data/models/exp-A_videomae_subj4_split0.5/model_last.pth
2026-06-15 00:50:46,618 [INFO] Saved new best model to Data/models/exp-A_videomae_subj4_split0.5/model_best.pth
2026-06-15 00:52:09,905 [INFO] Epoch 15 | Train Loss: 0.4652 | Val Loss: 0.0000 | Acc: 0.4595 | F1: 0.6296 | P: 0.4595 | R: 1.0000
2026-06-15 00:52:10,109 [INFO] Saved confusion matrix and qualitative samples to Results/exp-A_videomae_subj4_split0.5_2026-06-15_00-18-18
2026-06-15 00:52:37,851 [INFO] Saved last model to Data/models/exp-A_videomae_subj4_split0.5/model_last.pth
2026-06-15 00:53:05,655 [INFO] Saved new best model to Data/models/exp-A_videomae_subj4_split0.5/model_best.pth
2026-06-15 00:54:29,973 [INFO] Epoch 16 | Train Loss: 0.5097 | Val Loss: 0.0000 | Acc: 0.4595 | F1: 0.6296 | P: 0.4595 | R: 1.0000
2026-06-15 00:54:30,173 [INFO] Saved confusion matrix and qualitative samples to Results/exp-A_videomae_subj4_split0.5_2026-06-15_00-18-18
2026-06-15 00:55:23,550 [INFO] Saved last model to Data/models/exp-A_videomae_subj4_split0.5/model_last.pth
2026-06-15 00:55:51,164 [INFO] Saved new best model to Data/models/exp-A_videomae_subj4_split0.5/model_best.pth
2026-06-15 00:57:13,032 [INFO] Epoch 17 | Train Loss: 0.5103 | Val Loss: 0.0000 | Acc: 0.4595 | F1: 0.6296 | P: 0.4595 | R: 1.0000
2026-06-15 00:57:13,233 [INFO] Saved confusion matrix and qualitative samples to Results/exp-A_videomae_subj4_split0.5_2026-06-15_00-18-18
2026-06-15 00:57:41,001 [INFO] Saved last model to Data/models/exp-A_videomae_subj4_split0.5/model_last.pth
2026-06-15 00:58:08,638 [INFO] Saved new best model to Data/models/exp-A_videomae_subj4_split0.5/model_best.pth
2026-06-15 00:59:32,979 [INFO] Epoch 18 | Train Loss: 0.5059 | Val Loss: 0.0000 | Acc: 0.4595 | F1: 0.6296 | P: 0.4595 | R: 1.0000
2026-06-15 00:59:33,183 [INFO] Saved confusion matrix and qualitative samples to Results/exp-A_videomae_subj4_split0.5_2026-06-15_00-18-18
2026-06-15 01:00:23,766 [INFO] Saved last model to Data/models/exp-A_videomae_subj4_split0.5/model_last.pth
2026-06-15 01:00:53,669 [INFO] Saved new best model to Data/models/exp-A_videomae_subj4_split0.5/model_best.pth
2026-06-15 01:02:16,073 [INFO] Epoch 19 | Train Loss: 0.4406 | Val Loss: 0.0000 | Acc: 0.4595 | F1: 0.6296 | P: 0.4595 | R: 1.0000
2026-06-15 01:02:16,270 [INFO] Saved confusion matrix and qualitative samples to Results/exp-A_videomae_subj4_split0.5_2026-06-15_00-18-18
2026-06-15 01:02:34,913 [INFO] Saved last model to Data/models/exp-A_videomae_subj4_split0.5/model_last.pth
2026-06-15 01:02:48,678 [INFO] Saved new best model to Data/models/exp-A_videomae_subj4_split0.5/model_best.pth
2026-06-15 01:02:48,678 [INFO] Finished Subj 4 with Best F1: 0.6296
