2026-06-14 19:47:24,462 [INFO] Initialized Experiment Logger for: exp-A_videomae_subj1_split0.5
2026-06-14 19:47:24,463 [INFO] Hyperparameters saved to Results/exp-A_videomae_subj1_split0.5_2026-06-14_19-47-24/hyperparams.json
2026-06-14 19:47:24,463 [INFO] --- Fold for Test Subject 1 ---
2026-06-14 19:47:25,090 [INFO] Freezing backbone for 5 epochs.
2026-06-14 19:48:39,002 [INFO] Epoch 0 | Train Loss: 0.7654 | Val Loss: 0.0000 | Acc: 0.6562 | F1: 0.7442 | P: 0.5926 | R: 1.0000
2026-06-14 19:48:39,205 [INFO] Saved confusion matrix and qualitative samples to Results/exp-A_videomae_subj1_split0.5_2026-06-14_19-47-24
2026-06-14 19:48:59,353 [INFO] Saved last model to Data/models/exp-A_videomae_subj1_split0.5/model_last.pth
2026-06-14 19:49:30,923 [INFO] Saved new best model to Data/models/exp-A_videomae_subj1_split0.5/model_best.pth
2026-06-14 19:50:45,074 [INFO] Epoch 1 | Train Loss: 0.8113 | Val Loss: 0.0000 | Acc: 0.6562 | F1: 0.7442 | P: 0.5926 | R: 1.0000
2026-06-14 19:50:45,271 [INFO] Saved confusion matrix and qualitative samples to Results/exp-A_videomae_subj1_split0.5_2026-06-14_19-47-24
2026-06-14 19:50:46,486 [INFO] Saved last model to Data/models/exp-A_videomae_subj1_split0.5/model_last.pth
2026-06-14 19:51:02,787 [INFO] Saved new best model to Data/models/exp-A_videomae_subj1_split0.5/model_best.pth
2026-06-14 19:52:17,476 [INFO] Epoch 2 | Train Loss: 0.7583 | Val Loss: 0.0000 | Acc: 0.6875 | F1: 0.7619 | P: 0.6154 | R: 1.0000
2026-06-14 19:52:17,676 [INFO] Saved confusion matrix and qualitative samples to Results/exp-A_videomae_subj1_split0.5_2026-06-14_19-47-24
2026-06-14 19:52:18,873 [INFO] Saved last model to Data/models/exp-A_videomae_subj1_split0.5/model_last.pth
2026-06-14 19:52:20,004 [INFO] Saved new best model to Data/models/exp-A_videomae_subj1_split0.5/model_best.pth
2026-06-14 19:53:33,744 [INFO] Epoch 3 | Train Loss: 0.7565 | Val Loss: 0.0000 | Acc: 0.6875 | F1: 0.7619 | P: 0.6154 | R: 1.0000
2026-06-14 19:53:33,937 [INFO] Saved confusion matrix and qualitative samples to Results/exp-A_videomae_subj1_split0.5_2026-06-14_19-47-24
2026-06-14 19:53:45,279 [INFO] Saved last model to Data/models/exp-A_videomae_subj1_split0.5/model_last.pth
2026-06-14 19:54:00,456 [INFO] Saved new best model to Data/models/exp-A_videomae_subj1_split0.5/model_best.pth
2026-06-14 19:55:18,130 [INFO] Epoch 4 | Train Loss: 0.7829 | Val Loss: 0.0000 | Acc: 0.6875 | F1: 0.7619 | P: 0.6154 | R: 1.0000
2026-06-14 19:55:18,333 [INFO] Saved confusion matrix and qualitative samples to Results/exp-A_videomae_subj1_split0.5_2026-06-14_19-47-24
2026-06-14 19:55:19,499 [INFO] Saved last model to Data/models/exp-A_videomae_subj1_split0.5/model_last.pth
2026-06-14 19:55:24,758 [INFO] Saved new best model to Data/models/exp-A_videomae_subj1_split0.5/model_best.pth
2026-06-14 19:55:24,758 [INFO] Unfreezing backbone for end-to-end training.
2026-06-14 19:56:41,003 [INFO] Epoch 5 | Train Loss: 0.8483 | Val Loss: 0.0000 | Acc: 0.3125 | F1: 0.4762 | P: 0.3846 | R: 0.6250
2026-06-14 19:56:52,669 [INFO] Saved last model to Data/models/exp-A_videomae_subj1_split0.5/model_last.pth
2026-06-14 19:58:08,194 [INFO] Epoch 6 | Train Loss: 0.6474 | Val Loss: 0.0000 | Acc: 0.3438 | F1: 0.2759 | P: 0.3077 | R: 0.2500
2026-06-14 19:58:36,133 [INFO] Saved last model to Data/models/exp-A_videomae_subj1_split0.5/model_last.pth
2026-06-14 19:59:55,005 [INFO] Epoch 7 | Train Loss: 0.6206 | Val Loss: 0.0000 | Acc: 0.5000 | F1: 0.6667 | P: 0.5000 | R: 1.0000
2026-06-14 20:00:23,393 [INFO] Saved last model to Data/models/exp-A_videomae_subj1_split0.5/model_last.pth
2026-06-14 20:01:42,219 [INFO] Epoch 8 | Train Loss: 0.6531 | Val Loss: 0.0000 | Acc: 0.3125 | F1: 0.4762 | P: 0.3846 | R: 0.6250
2026-06-14 20:02:35,052 [INFO] Saved last model to Data/models/exp-A_videomae_subj1_split0.5/model_last.pth
2026-06-14 20:03:51,096 [INFO] Epoch 9 | Train Loss: 0.6113 | Val Loss: 0.0000 | Acc: 0.5000 | F1: 0.0000 | P: 0.0000 | R: 0.0000
2026-06-14 20:04:18,898 [INFO] Saved last model to Data/models/exp-A_videomae_subj1_split0.5/model_last.pth
2026-06-14 20:05:35,039 [INFO] Epoch 10 | Train Loss: 0.6602 | Val Loss: 0.0000 | Acc: 0.4375 | F1: 0.6087 | P: 0.4667 | R: 0.8750
2026-06-14 20:06:27,884 [INFO] Saved last model to Data/models/exp-A_videomae_subj1_split0.5/model_last.pth
2026-06-14 20:07:43,753 [INFO] Epoch 11 | Train Loss: 0.6773 | Val Loss: 0.0000 | Acc: 0.3125 | F1: 0.0833 | P: 0.1250 | R: 0.0625
2026-06-14 20:08:11,549 [INFO] Saved last model to Data/models/exp-A_videomae_subj1_split0.5/model_last.pth
2026-06-14 20:09:30,822 [INFO] Epoch 12 | Train Loss: 0.4745 | Val Loss: 0.0000 | Acc: 0.3438 | F1: 0.2759 | P: 0.3077 | R: 0.2500
2026-06-14 20:10:08,188 [INFO] Saved last model to Data/models/exp-A_videomae_subj1_split0.5/model_last.pth
2026-06-14 20:11:24,627 [INFO] Epoch 13 | Train Loss: 0.4169 | Val Loss: 0.0000 | Acc: 0.3750 | F1: 0.1667 | P: 0.2500 | R: 0.1250
2026-06-14 20:11:44,394 [INFO] Saved last model to Data/models/exp-A_videomae_subj1_split0.5/model_last.pth
2026-06-14 20:13:02,949 [INFO] Epoch 14 | Train Loss: 0.3894 | Val Loss: 0.0000 | Acc: 0.2812 | F1: 0.3784 | P: 0.3333 | R: 0.4375
2026-06-14 20:13:10,143 [INFO] Saved last model to Data/models/exp-A_videomae_subj1_split0.5/model_last.pth
2026-06-14 20:14:27,750 [INFO] Epoch 15 | Train Loss: 0.3774 | Val Loss: 0.0000 | Acc: 0.3125 | F1: 0.1538 | P: 0.2000 | R: 0.1250
2026-06-14 20:14:38,994 [INFO] Saved last model to Data/models/exp-A_videomae_subj1_split0.5/model_last.pth
2026-06-14 20:16:01,885 [INFO] Epoch 16 | Train Loss: 0.3357 | Val Loss: 0.0000 | Acc: 0.2812 | F1: 0.2581 | P: 0.2667 | R: 0.2500
2026-06-14 20:16:29,774 [INFO] Saved last model to Data/models/exp-A_videomae_subj1_split0.5/model_last.pth
2026-06-14 20:17:43,976 [INFO] Epoch 17 | Train Loss: 0.3082 | Val Loss: 0.0000 | Acc: 0.3125 | F1: 0.3889 | P: 0.3500 | R: 0.4375
2026-06-14 20:18:11,790 [INFO] Saved last model to Data/models/exp-A_videomae_subj1_split0.5/model_last.pth
2026-06-14 20:19:29,970 [INFO] Epoch 18 | Train Loss: 0.4294 | Val Loss: 0.0000 | Acc: 0.4062 | F1: 0.5581 | P: 0.4444 | R: 0.7500
2026-06-14 20:20:23,160 [INFO] Saved last model to Data/models/exp-A_videomae_subj1_split0.5/model_last.pth
2026-06-14 20:21:38,106 [INFO] Epoch 19 | Train Loss: 0.2831 | Val Loss: 0.0000 | Acc: 0.3125 | F1: 0.0000 | P: 0.0000 | R: 0.0000
2026-06-14 20:22:05,968 [INFO] Saved last model to Data/models/exp-A_videomae_subj1_split0.5/model_last.pth
2026-06-14 20:22:05,968 [INFO] Finished Subj 1 with Best F1: 0.7619
2026-06-14 20:22:05,968 [INFO] Initialized Experiment Logger for: exp-A_videomae_subj2_split0.5
2026-06-14 20:22:05,968 [INFO] Hyperparameters saved to Results/exp-A_videomae_subj2_split0.5_2026-06-14_20-22-05/hyperparams.json
2026-06-14 20:22:05,969 [INFO] --- Fold for Test Subject 2 ---
2026-06-14 20:22:06,588 [INFO] Freezing backbone for 5 epochs.
2026-06-14 20:23:42,452 [INFO] Epoch 0 | Train Loss: 0.7014 | Val Loss: 0.0000 | Acc: 0.5625 | F1: 0.4324 | P: 0.6667 | R: 0.3200
2026-06-14 20:23:42,636 [INFO] Saved confusion matrix and qualitative samples to Results/exp-A_videomae_subj2_split0.5_2026-06-14_20-22-05
2026-06-14 20:23:43,777 [INFO] Saved last model to Data/models/exp-A_videomae_subj2_split0.5/model_last.pth
2026-06-14 20:24:06,030 [INFO] Saved new best model to Data/models/exp-A_videomae_subj2_split0.5/model_best.pth
2026-06-14 20:25:36,238 [INFO] Epoch 1 | Train Loss: 0.7000 | Val Loss: 0.0000 | Acc: 0.4583 | F1: 0.0000 | P: 0.0000 | R: 0.0000
2026-06-14 20:25:37,559 [INFO] Saved last model to Data/models/exp-A_videomae_subj2_split0.5/model_last.pth
2026-06-14 20:27:10,252 [INFO] Epoch 2 | Train Loss: 0.7307 | Val Loss: 0.0000 | Acc: 0.4792 | F1: 0.0000 | P: 0.0000 | R: 0.0000
2026-06-14 20:27:11,563 [INFO] Saved last model to Data/models/exp-A_videomae_subj2_split0.5/model_last.pth
2026-06-14 20:28:42,706 [INFO] Epoch 3 | Train Loss: 0.7252 | Val Loss: 0.0000 | Acc: 0.4792 | F1: 0.0000 | P: 0.0000 | R: 0.0000
2026-06-14 20:29:02,357 [INFO] Saved last model to Data/models/exp-A_videomae_subj2_split0.5/model_last.pth
2026-06-14 20:30:35,723 [INFO] Epoch 4 | Train Loss: 0.7385 | Val Loss: 0.0000 | Acc: 0.4792 | F1: 0.0000 | P: 0.0000 | R: 0.0000
2026-06-14 20:30:37,024 [INFO] Saved last model to Data/models/exp-A_videomae_subj2_split0.5/model_last.pth
2026-06-14 20:30:37,025 [INFO] Unfreezing backbone for end-to-end training.
2026-06-14 20:32:10,627 [INFO] Epoch 5 | Train Loss: 0.8378 | Val Loss: 0.0000 | Acc: 0.5833 | F1: 0.4737 | P: 0.6923 | R: 0.3600
2026-06-14 20:32:10,803 [INFO] Saved confusion matrix and qualitative samples to Results/exp-A_videomae_subj2_split0.5_2026-06-14_20-22-05
2026-06-14 20:32:38,343 [INFO] Saved last model to Data/models/exp-A_videomae_subj2_split0.5/model_last.pth
2026-06-14 20:33:13,476 [INFO] Saved new best model to Data/models/exp-A_videomae_subj2_split0.5/model_best.pth
2026-06-14 20:34:46,512 [INFO] Epoch 6 | Train Loss: 0.6894 | Val Loss: 0.0000 | Acc: 0.6042 | F1: 0.4865 | P: 0.7500 | R: 0.3600
2026-06-14 20:34:46,702 [INFO] Saved confusion matrix and qualitative samples to Results/exp-A_videomae_subj2_split0.5_2026-06-14_20-22-05
2026-06-14 20:35:07,909 [INFO] Saved last model to Data/models/exp-A_videomae_subj2_split0.5/model_last.pth
2026-06-14 20:35:26,424 [INFO] Saved new best model to Data/models/exp-A_videomae_subj2_split0.5/model_best.pth
2026-06-14 20:36:59,048 [INFO] Epoch 7 | Train Loss: 0.7062 | Val Loss: 0.0000 | Acc: 0.5833 | F1: 0.3333 | P: 1.0000 | R: 0.2000
2026-06-14 20:37:02,516 [INFO] Saved last model to Data/models/exp-A_videomae_subj2_split0.5/model_last.pth
2026-06-14 20:38:34,578 [INFO] Epoch 8 | Train Loss: 0.6786 | Val Loss: 0.0000 | Acc: 0.6667 | F1: 0.6190 | P: 0.7647 | R: 0.5200
2026-06-14 20:38:34,761 [INFO] Saved confusion matrix and qualitative samples to Results/exp-A_videomae_subj2_split0.5_2026-06-14_20-22-05
2026-06-14 20:39:27,786 [INFO] Saved last model to Data/models/exp-A_videomae_subj2_split0.5/model_last.pth
2026-06-14 20:39:55,363 [INFO] Saved new best model to Data/models/exp-A_videomae_subj2_split0.5/model_best.pth
2026-06-14 20:41:28,040 [INFO] Epoch 9 | Train Loss: 0.7033 | Val Loss: 0.0000 | Acc: 0.4792 | F1: 0.0000 | P: 0.0000 | R: 0.0000
2026-06-14 20:41:55,768 [INFO] Saved last model to Data/models/exp-A_videomae_subj2_split0.5/model_last.pth
2026-06-14 20:43:27,560 [INFO] Epoch 10 | Train Loss: 0.7918 | Val Loss: 0.0000 | Acc: 0.4167 | F1: 0.5758 | P: 0.4634 | R: 0.7600
2026-06-14 20:44:21,348 [INFO] Saved last model to Data/models/exp-A_videomae_subj2_split0.5/model_last.pth
2026-06-14 20:45:54,547 [INFO] Epoch 11 | Train Loss: 0.6635 | Val Loss: 0.0000 | Acc: 0.4792 | F1: 0.0000 | P: 0.0000 | R: 0.0000
2026-06-14 20:46:22,386 [INFO] Saved last model to Data/models/exp-A_videomae_subj2_split0.5/model_last.pth
2026-06-14 20:47:55,885 [INFO] Epoch 12 | Train Loss: 0.7047 | Val Loss: 0.0000 | Acc: 0.6458 | F1: 0.5405 | P: 0.8333 | R: 0.4000
2026-06-14 20:48:48,654 [INFO] Saved last model to Data/models/exp-A_videomae_subj2_split0.5/model_last.pth
2026-06-14 20:50:21,057 [INFO] Epoch 13 | Train Loss: 0.5907 | Val Loss: 0.0000 | Acc: 0.6250 | F1: 0.5263 | P: 0.7692 | R: 0.4000
2026-06-14 20:50:48,906 [INFO] Saved last model to Data/models/exp-A_videomae_subj2_split0.5/model_last.pth
2026-06-14 20:52:23,384 [INFO] Epoch 14 | Train Loss: 0.5415 | Val Loss: 0.0000 | Acc: 0.6458 | F1: 0.5405 | P: 0.8333 | R: 0.4000
2026-06-14 20:52:49,196 [INFO] Saved last model to Data/models/exp-A_videomae_subj2_split0.5/model_last.pth
2026-06-14 20:54:21,756 [INFO] Epoch 15 | Train Loss: 0.5179 | Val Loss: 0.0000 | Acc: 0.6875 | F1: 0.6154 | P: 0.8571 | R: 0.4800
2026-06-14 20:54:34,548 [INFO] Saved last model to Data/models/exp-A_videomae_subj2_split0.5/model_last.pth
2026-06-14 20:56:07,202 [INFO] Epoch 16 | Train Loss: 0.5187 | Val Loss: 0.0000 | Acc: 0.6458 | F1: 0.4848 | P: 1.0000 | R: 0.3200
2026-06-14 20:56:10,697 [INFO] Saved last model to Data/models/exp-A_videomae_subj2_split0.5/model_last.pth
2026-06-14 20:57:41,627 [INFO] Epoch 17 | Train Loss: 0.4692 | Val Loss: 0.0000 | Acc: 0.6458 | F1: 0.5854 | P: 0.7500 | R: 0.4800
2026-06-14 20:58:09,956 [INFO] Saved last model to Data/models/exp-A_videomae_subj2_split0.5/model_last.pth
2026-06-14 20:59:44,391 [INFO] Epoch 18 | Train Loss: 0.4256 | Val Loss: 0.0000 | Acc: 0.4167 | F1: 0.1765 | P: 0.3333 | R: 0.1200
2026-06-14 21:00:12,284 [INFO] Saved last model to Data/models/exp-A_videomae_subj2_split0.5/model_last.pth
2026-06-14 21:01:46,403 [INFO] Epoch 19 | Train Loss: 0.4209 | Val Loss: 0.0000 | Acc: 0.6250 | F1: 0.5500 | P: 0.7333 | R: 0.4400
2026-06-14 21:02:39,647 [INFO] Saved last model to Data/models/exp-A_videomae_subj2_split0.5/model_last.pth
2026-06-14 21:02:39,647 [INFO] Finished Subj 2 with Best F1: 0.6190
2026-06-14 21:02:39,647 [INFO] Initialized Experiment Logger for: exp-A_videomae_subj3_split0.5
2026-06-14 21:02:39,647 [INFO] Hyperparameters saved to Results/exp-A_videomae_subj3_split0.5_2026-06-14_21-02-39/hyperparams.json
2026-06-14 21:02:39,648 [INFO] --- Fold for Test Subject 3 ---
2026-06-14 21:02:40,143 [INFO] Freezing backbone for 5 epochs.
2026-06-14 21:04:05,144 [INFO] Epoch 0 | Train Loss: 0.7708 | Val Loss: 0.0000 | Acc: 0.4884 | F1: 0.6207 | P: 0.4865 | R: 0.8571
2026-06-14 21:04:05,335 [INFO] Saved confusion matrix and qualitative samples to Results/exp-A_videomae_subj3_split0.5_2026-06-14_21-02-39
2026-06-14 21:04:08,192 [INFO] Saved last model to Data/models/exp-A_videomae_subj3_split0.5/model_last.pth
2026-06-14 21:04:31,852 [INFO] Saved new best model to Data/models/exp-A_videomae_subj3_split0.5/model_best.pth
2026-06-14 21:05:58,901 [INFO] Epoch 1 | Train Loss: 0.8174 | Val Loss: 0.0000 | Acc: 0.4884 | F1: 0.6207 | P: 0.4865 | R: 0.8571
2026-06-14 21:05:59,097 [INFO] Saved confusion matrix and qualitative samples to Results/exp-A_videomae_subj3_split0.5_2026-06-14_21-02-39
2026-06-14 21:06:00,287 [INFO] Saved last model to Data/models/exp-A_videomae_subj3_split0.5/model_last.pth
2026-06-14 21:06:01,449 [INFO] Saved new best model to Data/models/exp-A_videomae_subj3_split0.5/model_best.pth
2026-06-14 21:07:23,837 [INFO] Epoch 2 | Train Loss: 0.6605 | Val Loss: 0.0000 | Acc: 0.5116 | F1: 0.6316 | P: 0.5000 | R: 0.8571
2026-06-14 21:07:24,035 [INFO] Saved confusion matrix and qualitative samples to Results/exp-A_videomae_subj3_split0.5_2026-06-14_21-02-39
2026-06-14 21:07:49,510 [INFO] Saved last model to Data/models/exp-A_videomae_subj3_split0.5/model_last.pth
2026-06-14 21:07:50,687 [INFO] Saved new best model to Data/models/exp-A_videomae_subj3_split0.5/model_best.pth
2026-06-14 21:09:15,041 [INFO] Epoch 3 | Train Loss: 0.7459 | Val Loss: 0.0000 | Acc: 0.5116 | F1: 0.6316 | P: 0.5000 | R: 0.8571
2026-06-14 21:09:15,242 [INFO] Saved confusion matrix and qualitative samples to Results/exp-A_videomae_subj3_split0.5_2026-06-14_21-02-39
2026-06-14 21:09:16,421 [INFO] Saved last model to Data/models/exp-A_videomae_subj3_split0.5/model_last.pth
2026-06-14 21:09:52,075 [INFO] Saved new best model to Data/models/exp-A_videomae_subj3_split0.5/model_best.pth
2026-06-14 21:11:14,181 [INFO] Epoch 4 | Train Loss: 0.7569 | Val Loss: 0.0000 | Acc: 0.6047 | F1: 0.6909 | P: 0.5588 | R: 0.9048
2026-06-14 21:11:14,384 [INFO] Saved confusion matrix and qualitative samples to Results/exp-A_videomae_subj3_split0.5_2026-06-14_21-02-39
2026-06-14 21:11:15,585 [INFO] Saved last model to Data/models/exp-A_videomae_subj3_split0.5/model_last.pth
2026-06-14 21:11:16,754 [INFO] Saved new best model to Data/models/exp-A_videomae_subj3_split0.5/model_best.pth
2026-06-14 21:11:16,754 [INFO] Unfreezing backbone for end-to-end training.
2026-06-14 21:12:43,727 [INFO] Epoch 5 | Train Loss: 0.7499 | Val Loss: 0.0000 | Acc: 0.5116 | F1: 0.2222 | P: 0.5000 | R: 0.1429
2026-06-14 21:13:12,166 [INFO] Saved last model to Data/models/exp-A_videomae_subj3_split0.5/model_last.pth
2026-06-14 21:14:39,445 [INFO] Epoch 6 | Train Loss: 0.6267 | Val Loss: 0.0000 | Acc: 0.5116 | F1: 0.2222 | P: 0.5000 | R: 0.1429
2026-06-14 21:15:07,235 [INFO] Saved last model to Data/models/exp-A_videomae_subj3_split0.5/model_last.pth
2026-06-14 21:16:35,301 [INFO] Epoch 7 | Train Loss: 0.5375 | Val Loss: 0.0000 | Acc: 0.5116 | F1: 0.2222 | P: 0.5000 | R: 0.1429
2026-06-14 21:17:03,141 [INFO] Saved last model to Data/models/exp-A_videomae_subj3_split0.5/model_last.pth
2026-06-14 21:18:28,011 [INFO] Epoch 8 | Train Loss: 0.5771 | Val Loss: 0.0000 | Acc: 0.5581 | F1: 0.6667 | P: 0.5278 | R: 0.9048
2026-06-14 21:19:20,796 [INFO] Saved last model to Data/models/exp-A_videomae_subj3_split0.5/model_last.pth
2026-06-14 21:20:46,826 [INFO] Epoch 9 | Train Loss: 0.6171 | Val Loss: 0.0000 | Acc: 0.5349 | F1: 0.2857 | P: 0.5714 | R: 0.1905
2026-06-14 21:21:14,609 [INFO] Saved last model to Data/models/exp-A_videomae_subj3_split0.5/model_last.pth
2026-06-14 21:22:41,981 [INFO] Epoch 10 | Train Loss: 0.5752 | Val Loss: 0.0000 | Acc: 0.6047 | F1: 0.4848 | P: 0.6667 | R: 0.3810
2026-06-14 21:23:09,726 [INFO] Saved last model to Data/models/exp-A_videomae_subj3_split0.5/model_last.pth
2026-06-14 21:24:35,997 [INFO] Epoch 11 | Train Loss: 0.5337 | Val Loss: 0.0000 | Acc: 0.5814 | F1: 0.6786 | P: 0.5429 | R: 0.9048
2026-06-14 21:25:05,298 [INFO] Saved last model to Data/models/exp-A_videomae_subj3_split0.5/model_last.pth
2026-06-14 21:26:31,066 [INFO] Epoch 12 | Train Loss: 0.4396 | Val Loss: 0.0000 | Acc: 0.5349 | F1: 0.2857 | P: 0.5714 | R: 0.1905
2026-06-14 21:26:45,208 [INFO] Saved last model to Data/models/exp-A_videomae_subj3_split0.5/model_last.pth
2026-06-14 21:28:09,574 [INFO] Epoch 13 | Train Loss: 0.4085 | Val Loss: 0.0000 | Acc: 0.6047 | F1: 0.6909 | P: 0.5588 | R: 0.9048
2026-06-14 21:28:09,776 [INFO] Saved confusion matrix and qualitative samples to Results/exp-A_videomae_subj3_split0.5_2026-06-14_21-02-39
2026-06-14 21:28:13,205 [INFO] Saved last model to Data/models/exp-A_videomae_subj3_split0.5/model_last.pth
2026-06-14 21:28:40,281 [INFO] Saved new best model to Data/models/exp-A_videomae_subj3_split0.5/model_best.pth
2026-06-14 21:30:07,595 [INFO] Epoch 14 | Train Loss: 0.4249 | Val Loss: 0.0000 | Acc: 0.5349 | F1: 0.6429 | P: 0.5143 | R: 0.8571
2026-06-14 21:31:00,983 [INFO] Saved last model to Data/models/exp-A_videomae_subj3_split0.5/model_last.pth
2026-06-14 21:32:25,430 [INFO] Epoch 15 | Train Loss: 0.3822 | Val Loss: 0.0000 | Acc: 0.6977 | F1: 0.7234 | P: 0.6538 | R: 0.8095
2026-06-14 21:32:25,624 [INFO] Saved confusion matrix and qualitative samples to Results/exp-A_videomae_subj3_split0.5_2026-06-14_21-02-39
2026-06-14 21:32:53,422 [INFO] Saved last model to Data/models/exp-A_videomae_subj3_split0.5/model_last.pth
2026-06-14 21:33:21,016 [INFO] Saved new best model to Data/models/exp-A_videomae_subj3_split0.5/model_best.pth
2026-06-14 21:34:43,071 [INFO] Epoch 16 | Train Loss: 0.4112 | Val Loss: 0.0000 | Acc: 0.7209 | F1: 0.7391 | P: 0.6800 | R: 0.8095
2026-06-14 21:34:43,272 [INFO] Saved confusion matrix and qualitative samples to Results/exp-A_videomae_subj3_split0.5_2026-06-14_21-02-39
2026-06-14 21:35:36,141 [INFO] Saved last model to Data/models/exp-A_videomae_subj3_split0.5/model_last.pth
2026-06-14 21:36:03,716 [INFO] Saved new best model to Data/models/exp-A_videomae_subj3_split0.5/model_best.pth
2026-06-14 21:37:27,246 [INFO] Epoch 17 | Train Loss: 0.3429 | Val Loss: 0.0000 | Acc: 0.5581 | F1: 0.6667 | P: 0.5278 | R: 0.9048
2026-06-14 21:38:15,660 [INFO] Saved last model to Data/models/exp-A_videomae_subj3_split0.5/model_last.pth
2026-06-14 21:39:40,229 [INFO] Epoch 18 | Train Loss: 0.2891 | Val Loss: 0.0000 | Acc: 0.7442 | F1: 0.7556 | P: 0.7083 | R: 0.8095
2026-06-14 21:39:40,423 [INFO] Saved confusion matrix and qualitative samples to Results/exp-A_videomae_subj3_split0.5_2026-06-14_21-02-39
2026-06-14 21:40:08,124 [INFO] Saved last model to Data/models/exp-A_videomae_subj3_split0.5/model_last.pth
2026-06-14 21:40:27,795 [INFO] Saved new best model to Data/models/exp-A_videomae_subj3_split0.5/model_best.pth
2026-06-14 21:41:54,914 [INFO] Epoch 19 | Train Loss: 0.3298 | Val Loss: 0.0000 | Acc: 0.7674 | F1: 0.7917 | P: 0.7037 | R: 0.9048
2026-06-14 21:41:55,118 [INFO] Saved confusion matrix and qualitative samples to Results/exp-A_videomae_subj3_split0.5_2026-06-14_21-02-39
2026-06-14 21:41:58,536 [INFO] Saved last model to Data/models/exp-A_videomae_subj3_split0.5/model_last.pth
2026-06-14 21:42:51,540 [INFO] Saved new best model to Data/models/exp-A_videomae_subj3_split0.5/model_best.pth
2026-06-14 21:42:51,540 [INFO] Finished Subj 3 with Best F1: 0.7917
2026-06-14 21:42:51,540 [INFO] Initialized Experiment Logger for: exp-A_videomae_subj4_split0.5
2026-06-14 21:42:51,540 [INFO] Hyperparameters saved to Results/exp-A_videomae_subj4_split0.5_2026-06-14_21-42-51/hyperparams.json
2026-06-14 21:42:51,540 [INFO] --- Fold for Test Subject 4 ---
2026-06-14 21:42:52,021 [INFO] Freezing backbone for 5 epochs.
2026-06-14 21:44:16,621 [INFO] Epoch 0 | Train Loss: 0.6986 | Val Loss: 0.0000 | Acc: 0.4595 | F1: 0.6296 | P: 0.4595 | R: 1.0000
2026-06-14 21:44:16,806 [INFO] Saved confusion matrix and qualitative samples to Results/exp-A_videomae_subj4_split0.5_2026-06-14_21-42-51
2026-06-14 21:44:42,231 [INFO] Saved last model to Data/models/exp-A_videomae_subj4_split0.5/model_last.pth
2026-06-14 21:44:43,486 [INFO] Saved new best model to Data/models/exp-A_videomae_subj4_split0.5/model_best.pth
2026-06-14 21:46:05,178 [INFO] Epoch 1 | Train Loss: 0.6810 | Val Loss: 0.0000 | Acc: 0.4595 | F1: 0.6296 | P: 0.4595 | R: 1.0000
2026-06-14 21:46:05,375 [INFO] Saved confusion matrix and qualitative samples to Results/exp-A_videomae_subj4_split0.5_2026-06-14_21-42-51
2026-06-14 21:46:06,567 [INFO] Saved last model to Data/models/exp-A_videomae_subj4_split0.5/model_last.pth
2026-06-14 21:46:31,152 [INFO] Saved new best model to Data/models/exp-A_videomae_subj4_split0.5/model_best.pth
2026-06-14 21:47:53,470 [INFO] Epoch 2 | Train Loss: 0.7895 | Val Loss: 0.0000 | Acc: 0.4595 | F1: 0.6296 | P: 0.4595 | R: 1.0000
2026-06-14 21:47:53,668 [INFO] Saved confusion matrix and qualitative samples to Results/exp-A_videomae_subj4_split0.5_2026-06-14_21-42-51
2026-06-14 21:47:54,850 [INFO] Saved last model to Data/models/exp-A_videomae_subj4_split0.5/model_last.pth
2026-06-14 21:47:56,018 [INFO] Saved new best model to Data/models/exp-A_videomae_subj4_split0.5/model_best.pth
2026-06-14 21:49:18,984 [INFO] Epoch 3 | Train Loss: 0.7112 | Val Loss: 0.0000 | Acc: 0.4865 | F1: 0.6275 | P: 0.4706 | R: 0.9412
2026-06-14 21:49:39,144 [INFO] Saved last model to Data/models/exp-A_videomae_subj4_split0.5/model_last.pth
2026-06-14 21:51:05,691 [INFO] Epoch 4 | Train Loss: 0.6817 | Val Loss: 0.0000 | Acc: 0.4865 | F1: 0.6275 | P: 0.4706 | R: 0.9412
2026-06-14 21:51:07,398 [INFO] Saved last model to Data/models/exp-A_videomae_subj4_split0.5/model_last.pth
2026-06-14 21:51:07,399 [INFO] Unfreezing backbone for end-to-end training.
2026-06-14 21:52:30,594 [INFO] Epoch 5 | Train Loss: 1.0283 | Val Loss: 0.0000 | Acc: 0.4865 | F1: 0.1739 | P: 0.3333 | R: 0.1176
2026-06-14 21:52:58,469 [INFO] Saved last model to Data/models/exp-A_videomae_subj4_split0.5/model_last.pth
2026-06-14 21:54:23,486 [INFO] Epoch 6 | Train Loss: 0.6994 | Val Loss: 0.0000 | Acc: 0.4595 | F1: 0.6296 | P: 0.4595 | R: 1.0000
2026-06-14 21:54:23,671 [INFO] Saved confusion matrix and qualitative samples to Results/exp-A_videomae_subj4_split0.5_2026-06-14_21-42-51
2026-06-14 21:54:51,383 [INFO] Saved last model to Data/models/exp-A_videomae_subj4_split0.5/model_last.pth
2026-06-14 21:55:10,463 [INFO] Saved new best model to Data/models/exp-A_videomae_subj4_split0.5/model_best.pth
2026-06-14 21:56:34,108 [INFO] Epoch 7 | Train Loss: 0.7689 | Val Loss: 0.0000 | Acc: 0.4595 | F1: 0.6296 | P: 0.4595 | R: 1.0000
2026-06-14 21:56:34,301 [INFO] Saved confusion matrix and qualitative samples to Results/exp-A_videomae_subj4_split0.5_2026-06-14_21-42-51
2026-06-14 21:56:44,042 [INFO] Saved last model to Data/models/exp-A_videomae_subj4_split0.5/model_last.pth
2026-06-14 21:57:04,729 [INFO] Saved new best model to Data/models/exp-A_videomae_subj4_split0.5/model_best.pth
2026-06-14 21:58:27,861 [INFO] Epoch 8 | Train Loss: 0.6100 | Val Loss: 0.0000 | Acc: 0.4595 | F1: 0.6296 | P: 0.4595 | R: 1.0000
2026-06-14 21:58:28,052 [INFO] Saved confusion matrix and qualitative samples to Results/exp-A_videomae_subj4_split0.5_2026-06-14_21-42-51
2026-06-14 21:58:55,792 [INFO] Saved last model to Data/models/exp-A_videomae_subj4_split0.5/model_last.pth
2026-06-14 21:59:48,643 [INFO] Saved new best model to Data/models/exp-A_videomae_subj4_split0.5/model_best.pth
2026-06-14 22:01:14,086 [INFO] Epoch 9 | Train Loss: 0.6030 | Val Loss: 0.0000 | Acc: 0.4595 | F1: 0.6296 | P: 0.4595 | R: 1.0000
2026-06-14 22:01:14,281 [INFO] Saved confusion matrix and qualitative samples to Results/exp-A_videomae_subj4_split0.5_2026-06-14_21-42-51
2026-06-14 22:01:42,199 [INFO] Saved last model to Data/models/exp-A_videomae_subj4_split0.5/model_last.pth
2026-06-14 22:02:09,956 [INFO] Saved new best model to Data/models/exp-A_videomae_subj4_split0.5/model_best.pth
2026-06-14 22:03:46,434 [INFO] Epoch 10 | Train Loss: 0.5296 | Val Loss: 0.0000 | Acc: 0.4595 | F1: 0.6296 | P: 0.4595 | R: 1.0000
2026-06-14 22:03:46,632 [INFO] Saved confusion matrix and qualitative samples to Results/exp-A_videomae_subj4_split0.5_2026-06-14_21-42-51
2026-06-14 22:04:39,907 [INFO] Saved last model to Data/models/exp-A_videomae_subj4_split0.5/model_last.pth
2026-06-14 22:05:08,193 [INFO] Saved new best model to Data/models/exp-A_videomae_subj4_split0.5/model_best.pth
2026-06-14 22:06:37,441 [INFO] Epoch 11 | Train Loss: 0.5540 | Val Loss: 0.0000 | Acc: 0.4595 | F1: 0.6296 | P: 0.4595 | R: 1.0000
2026-06-14 22:06:37,631 [INFO] Saved confusion matrix and qualitative samples to Results/exp-A_videomae_subj4_split0.5_2026-06-14_21-42-51
2026-06-14 22:07:05,953 [INFO] Saved last model to Data/models/exp-A_videomae_subj4_split0.5/model_last.pth
2026-06-14 22:07:59,607 [INFO] Saved new best model to Data/models/exp-A_videomae_subj4_split0.5/model_best.pth
2026-06-14 22:09:28,643 [INFO] Epoch 12 | Train Loss: 0.5030 | Val Loss: 0.0000 | Acc: 0.4595 | F1: 0.6296 | P: 0.4595 | R: 1.0000
2026-06-14 22:09:28,840 [INFO] Saved confusion matrix and qualitative samples to Results/exp-A_videomae_subj4_split0.5_2026-06-14_21-42-51
2026-06-14 22:09:56,898 [INFO] Saved last model to Data/models/exp-A_videomae_subj4_split0.5/model_last.pth
2026-06-14 22:10:24,822 [INFO] Saved new best model to Data/models/exp-A_videomae_subj4_split0.5/model_best.pth
2026-06-14 22:11:50,456 [INFO] Epoch 13 | Train Loss: 0.4517 | Val Loss: 0.0000 | Acc: 0.4595 | F1: 0.6296 | P: 0.4595 | R: 1.0000
2026-06-14 22:11:50,644 [INFO] Saved confusion matrix and qualitative samples to Results/exp-A_videomae_subj4_split0.5_2026-06-14_21-42-51
2026-06-14 22:12:19,915 [INFO] Saved last model to Data/models/exp-A_videomae_subj4_split0.5/model_last.pth
2026-06-14 22:12:58,456 [INFO] Saved new best model to Data/models/exp-A_videomae_subj4_split0.5/model_best.pth
2026-06-14 22:14:22,225 [INFO] Epoch 14 | Train Loss: 0.5961 | Val Loss: 0.0000 | Acc: 0.4595 | F1: 0.6296 | P: 0.4595 | R: 1.0000
2026-06-14 22:14:22,433 [INFO] Saved confusion matrix and qualitative samples to Results/exp-A_videomae_subj4_split0.5_2026-06-14_21-42-51
2026-06-14 22:14:25,871 [INFO] Saved last model to Data/models/exp-A_videomae_subj4_split0.5/model_last.pth
2026-06-14 22:15:18,148 [INFO] Saved new best model to Data/models/exp-A_videomae_subj4_split0.5/model_best.pth
2026-06-14 22:16:41,344 [INFO] Epoch 15 | Train Loss: 0.5447 | Val Loss: 0.0000 | Acc: 0.4595 | F1: 0.6296 | P: 0.4595 | R: 1.0000
2026-06-14 22:16:41,535 [INFO] Saved confusion matrix and qualitative samples to Results/exp-A_videomae_subj4_split0.5_2026-06-14_21-42-51
2026-06-14 22:17:09,396 [INFO] Saved last model to Data/models/exp-A_videomae_subj4_split0.5/model_last.pth
2026-06-14 22:18:02,714 [INFO] Saved new best model to Data/models/exp-A_videomae_subj4_split0.5/model_best.pth
2026-06-14 22:19:27,104 [INFO] Epoch 16 | Train Loss: 0.5309 | Val Loss: 0.0000 | Acc: 0.4595 | F1: 0.6296 | P: 0.4595 | R: 1.0000
2026-06-14 22:19:27,296 [INFO] Saved confusion matrix and qualitative samples to Results/exp-A_videomae_subj4_split0.5_2026-06-14_21-42-51
2026-06-14 22:19:55,747 [INFO] Saved last model to Data/models/exp-A_videomae_subj4_split0.5/model_last.pth
2026-06-14 22:20:23,399 [INFO] Saved new best model to Data/models/exp-A_videomae_subj4_split0.5/model_best.pth
2026-06-14 22:21:51,013 [INFO] Epoch 17 | Train Loss: 0.4235 | Val Loss: 0.0000 | Acc: 0.4595 | F1: 0.6296 | P: 0.4595 | R: 1.0000
2026-06-14 22:21:51,204 [INFO] Saved confusion matrix and qualitative samples to Results/exp-A_videomae_subj4_split0.5_2026-06-14_21-42-51
2026-06-14 22:22:57,661 [INFO] Saved last model to Data/models/exp-A_videomae_subj4_split0.5/model_last.pth
2026-06-14 22:25:16,861 [INFO] Saved new best model to Data/models/exp-A_videomae_subj4_split0.5/model_best.pth
2026-06-14 22:26:38,452 [INFO] Epoch 18 | Train Loss: 0.3973 | Val Loss: 0.0000 | Acc: 0.4595 | F1: 0.6296 | P: 0.4595 | R: 1.0000
2026-06-14 22:26:38,641 [INFO] Saved confusion matrix and qualitative samples to Results/exp-A_videomae_subj4_split0.5_2026-06-14_21-42-51
2026-06-14 22:27:13,445 [INFO] Saved last model to Data/models/exp-A_videomae_subj4_split0.5/model_last.pth
2026-06-14 22:27:38,780 [INFO] Saved new best model to Data/models/exp-A_videomae_subj4_split0.5/model_best.pth
2026-06-14 22:29:06,745 [INFO] Epoch 19 | Train Loss: 0.3623 | Val Loss: 0.0000 | Acc: 0.4324 | F1: 0.6038 | P: 0.4444 | R: 0.9412
2026-06-14 22:29:24,434 [INFO] Saved last model to Data/models/exp-A_videomae_subj4_split0.5/model_last.pth
2026-06-14 22:29:24,435 [INFO] Finished Subj 4 with Best F1: 0.6296
