2026-06-13 23:41:28,239 [INFO] Initialized Experiment Logger for: exp-A_videomae_subj1_split0.5
2026-06-13 23:41:28,239 [INFO] Hyperparameters saved to Results/exp-A_videomae_subj1_split0.5_2026-06-13_23-41-28/hyperparams.json
2026-06-13 23:41:28,239 [INFO] --- Fold for Test Subject 1 ---
2026-06-13 23:42:44,292 [INFO] Epoch 0 | Train Loss: 1.9697 | Val Loss: 0.0000 | Acc: 0.5000 | F1: 0.6667 | P: 0.5000 | R: 1.0000
2026-06-13 23:42:44,496 [INFO] Saved confusion matrix and qualitative samples to Results/exp-A_videomae_subj1_split0.5_2026-06-13_23-41-28
2026-06-13 23:42:45,176 [INFO] Saved last model to Data/models/exp-A_videomae_subj1_split0.5/model_last.pth
2026-06-13 23:42:45,852 [INFO] Saved new best model to Data/models/exp-A_videomae_subj1_split0.5/model_best.pth
2026-06-13 23:44:07,113 [INFO] Epoch 1 | Train Loss: 0.7841 | Val Loss: 0.0000 | Acc: 0.5000 | F1: 0.0000 | P: 0.0000 | R: 0.0000
2026-06-13 23:44:36,155 [INFO] Saved last model to Data/models/exp-A_videomae_subj1_split0.5/model_last.pth
2026-06-13 23:45:55,764 [INFO] Epoch 2 | Train Loss: 0.7136 | Val Loss: 0.0000 | Acc: 0.4375 | F1: 0.6087 | P: 0.4667 | R: 0.8750
2026-06-13 23:46:50,097 [INFO] Saved last model to Data/models/exp-A_videomae_subj1_split0.5/model_last.pth
2026-06-13 23:48:10,883 [INFO] Epoch 3 | Train Loss: 0.7230 | Val Loss: 0.0000 | Acc: 0.5000 | F1: 0.6667 | P: 0.5000 | R: 1.0000
2026-06-13 23:48:11,086 [INFO] Saved confusion matrix and qualitative samples to Results/exp-A_videomae_subj1_split0.5_2026-06-13_23-41-28
2026-06-13 23:48:39,620 [INFO] Saved last model to Data/models/exp-A_videomae_subj1_split0.5/model_last.pth
2026-06-13 23:49:07,334 [INFO] Saved new best model to Data/models/exp-A_videomae_subj1_split0.5/model_best.pth
2026-06-13 23:50:29,847 [INFO] Epoch 4 | Train Loss: 0.7423 | Val Loss: 0.0000 | Acc: 0.5000 | F1: 0.0000 | P: 0.0000 | R: 0.0000
2026-06-13 23:50:57,897 [INFO] Saved last model to Data/models/exp-A_videomae_subj1_split0.5/model_last.pth
2026-06-13 23:52:23,113 [INFO] Epoch 5 | Train Loss: 0.7913 | Val Loss: 0.0000 | Acc: 0.5000 | F1: 0.6667 | P: 0.5000 | R: 1.0000
2026-06-13 23:52:23,306 [INFO] Saved confusion matrix and qualitative samples to Results/exp-A_videomae_subj1_split0.5_2026-06-13_23-41-28
2026-06-13 23:52:51,062 [INFO] Saved last model to Data/models/exp-A_videomae_subj1_split0.5/model_last.pth
2026-06-13 23:53:12,620 [INFO] Saved new best model to Data/models/exp-A_videomae_subj1_split0.5/model_best.pth
2026-06-13 23:54:31,943 [INFO] Epoch 6 | Train Loss: 0.7615 | Val Loss: 0.0000 | Acc: 0.5938 | F1: 0.5517 | P: 0.6154 | R: 0.5000
2026-06-13 23:54:40,764 [INFO] Saved last model to Data/models/exp-A_videomae_subj1_split0.5/model_last.pth
2026-06-13 23:55:59,116 [INFO] Epoch 7 | Train Loss: 0.6987 | Val Loss: 0.0000 | Acc: 0.5312 | F1: 0.3478 | P: 0.5714 | R: 0.2500
2026-06-13 23:56:08,908 [INFO] Saved last model to Data/models/exp-A_videomae_subj1_split0.5/model_last.pth
2026-06-13 23:57:27,693 [INFO] Epoch 8 | Train Loss: 0.7605 | Val Loss: 0.0000 | Acc: 0.5000 | F1: 0.6667 | P: 0.5000 | R: 1.0000
2026-06-13 23:57:27,896 [INFO] Saved confusion matrix and qualitative samples to Results/exp-A_videomae_subj1_split0.5_2026-06-13_23-41-28
2026-06-13 23:57:55,602 [INFO] Saved last model to Data/models/exp-A_videomae_subj1_split0.5/model_last.pth
2026-06-13 23:58:23,216 [INFO] Saved new best model to Data/models/exp-A_videomae_subj1_split0.5/model_best.pth
2026-06-13 23:59:43,686 [INFO] Epoch 9 | Train Loss: 0.7119 | Val Loss: 0.0000 | Acc: 0.5312 | F1: 0.3478 | P: 0.5714 | R: 0.2500
2026-06-14 00:00:38,137 [INFO] Saved last model to Data/models/exp-A_videomae_subj1_split0.5/model_last.pth
2026-06-14 00:02:02,331 [INFO] Epoch 10 | Train Loss: 0.6822 | Val Loss: 0.0000 | Acc: 0.5000 | F1: 0.6667 | P: 0.5000 | R: 1.0000
2026-06-14 00:02:02,559 [INFO] Saved confusion matrix and qualitative samples to Results/exp-A_videomae_subj1_split0.5_2026-06-13_23-41-28
2026-06-14 00:02:30,802 [INFO] Saved last model to Data/models/exp-A_videomae_subj1_split0.5/model_last.pth
2026-06-14 00:02:59,037 [INFO] Saved new best model to Data/models/exp-A_videomae_subj1_split0.5/model_best.pth
2026-06-14 00:04:17,710 [INFO] Epoch 11 | Train Loss: 0.6748 | Val Loss: 0.0000 | Acc: 0.5000 | F1: 0.6667 | P: 0.5000 | R: 1.0000
2026-06-14 00:04:17,906 [INFO] Saved confusion matrix and qualitative samples to Results/exp-A_videomae_subj1_split0.5_2026-06-13_23-41-28
2026-06-14 00:04:45,826 [INFO] Saved last model to Data/models/exp-A_videomae_subj1_split0.5/model_last.pth
2026-06-14 00:05:14,006 [INFO] Saved new best model to Data/models/exp-A_videomae_subj1_split0.5/model_best.pth
2026-06-14 00:06:29,048 [INFO] Epoch 12 | Train Loss: 0.6625 | Val Loss: 0.0000 | Acc: 0.4688 | F1: 0.6047 | P: 0.4815 | R: 0.8125
2026-06-14 00:06:54,986 [INFO] Saved last model to Data/models/exp-A_videomae_subj1_split0.5/model_last.pth
2026-06-14 00:08:14,640 [INFO] Epoch 13 | Train Loss: 0.6660 | Val Loss: 0.0000 | Acc: 0.5000 | F1: 0.6667 | P: 0.5000 | R: 1.0000
2026-06-14 00:08:14,843 [INFO] Saved confusion matrix and qualitative samples to Results/exp-A_videomae_subj1_split0.5_2026-06-13_23-41-28
2026-06-14 00:08:26,289 [INFO] Saved last model to Data/models/exp-A_videomae_subj1_split0.5/model_last.pth
2026-06-14 00:08:45,552 [INFO] Saved new best model to Data/models/exp-A_videomae_subj1_split0.5/model_best.pth
2026-06-14 00:10:00,480 [INFO] Epoch 14 | Train Loss: 0.6047 | Val Loss: 0.0000 | Acc: 0.2812 | F1: 0.2069 | P: 0.2308 | R: 0.1875
2026-06-14 00:10:28,210 [INFO] Saved last model to Data/models/exp-A_videomae_subj1_split0.5/model_last.pth
2026-06-14 00:11:44,511 [INFO] Epoch 15 | Train Loss: 0.6261 | Val Loss: 0.0000 | Acc: 0.4375 | F1: 0.5909 | P: 0.4643 | R: 0.8125
2026-06-14 00:12:12,234 [INFO] Saved last model to Data/models/exp-A_videomae_subj1_split0.5/model_last.pth
2026-06-14 00:13:27,652 [INFO] Epoch 16 | Train Loss: 0.5026 | Val Loss: 0.0000 | Acc: 0.2812 | F1: 0.3784 | P: 0.3333 | R: 0.4375
2026-06-14 00:13:55,372 [INFO] Saved last model to Data/models/exp-A_videomae_subj1_split0.5/model_last.pth
2026-06-14 00:15:11,497 [INFO] Epoch 17 | Train Loss: 0.3616 | Val Loss: 0.0000 | Acc: 0.5000 | F1: 0.6667 | P: 0.5000 | R: 1.0000
2026-06-14 00:15:11,830 [INFO] Saved confusion matrix and qualitative samples to Results/exp-A_videomae_subj1_split0.5_2026-06-13_23-41-28
2026-06-14 00:15:39,467 [INFO] Saved last model to Data/models/exp-A_videomae_subj1_split0.5/model_last.pth
2026-06-14 00:16:34,113 [INFO] Saved new best model to Data/models/exp-A_videomae_subj1_split0.5/model_best.pth
2026-06-14 00:17:50,038 [INFO] Epoch 18 | Train Loss: 0.5049 | Val Loss: 0.0000 | Acc: 0.3125 | F1: 0.3889 | P: 0.3500 | R: 0.4375
2026-06-14 00:18:17,871 [INFO] Saved last model to Data/models/exp-A_videomae_subj1_split0.5/model_last.pth
2026-06-14 00:19:36,143 [INFO] Epoch 19 | Train Loss: 0.4987 | Val Loss: 0.0000 | Acc: 0.4688 | F1: 0.1053 | P: 0.3333 | R: 0.0625
2026-06-14 00:20:03,810 [INFO] Saved last model to Data/models/exp-A_videomae_subj1_split0.5/model_last.pth
2026-06-14 00:20:03,810 [INFO] Finished Subj 1 with Best F1: 0.6667
2026-06-14 00:20:03,810 [INFO] Initialized Experiment Logger for: exp-A_videomae_subj2_split0.5
2026-06-14 00:20:03,810 [INFO] Hyperparameters saved to Results/exp-A_videomae_subj2_split0.5_2026-06-14_00-20-03/hyperparams.json
2026-06-14 00:20:03,811 [INFO] --- Fold for Test Subject 2 ---
2026-06-14 00:21:36,783 [INFO] Epoch 0 | Train Loss: 2.3879 | Val Loss: 0.0000 | Acc: 0.4792 | F1: 0.0000 | P: 0.0000 | R: 0.0000
2026-06-14 00:21:36,956 [INFO] Saved confusion matrix and qualitative samples to Results/exp-A_videomae_subj2_split0.5_2026-06-14_00-20-03
2026-06-14 00:21:37,635 [INFO] Saved last model to Data/models/exp-A_videomae_subj2_split0.5/model_last.pth
2026-06-14 00:21:38,311 [INFO] Saved new best model to Data/models/exp-A_videomae_subj2_split0.5/model_best.pth
2026-06-14 00:23:09,397 [INFO] Epoch 1 | Train Loss: 1.0426 | Val Loss: 0.0000 | Acc: 0.5208 | F1: 0.6849 | P: 0.5208 | R: 1.0000
2026-06-14 00:23:09,575 [INFO] Saved confusion matrix and qualitative samples to Results/exp-A_videomae_subj2_split0.5_2026-06-14_00-20-03
2026-06-14 00:23:18,859 [INFO] Saved last model to Data/models/exp-A_videomae_subj2_split0.5/model_last.pth
2026-06-14 00:23:46,534 [INFO] Saved new best model to Data/models/exp-A_videomae_subj2_split0.5/model_best.pth
2026-06-14 00:25:15,007 [INFO] Epoch 2 | Train Loss: 0.7622 | Val Loss: 0.0000 | Acc: 0.4792 | F1: 0.0000 | P: 0.0000 | R: 0.0000
2026-06-14 00:26:09,056 [INFO] Saved last model to Data/models/exp-A_videomae_subj2_split0.5/model_last.pth
2026-06-14 00:27:38,691 [INFO] Epoch 3 | Train Loss: 0.7155 | Val Loss: 0.0000 | Acc: 0.5208 | F1: 0.6849 | P: 0.5208 | R: 1.0000
2026-06-14 00:27:38,871 [INFO] Saved confusion matrix and qualitative samples to Results/exp-A_videomae_subj2_split0.5_2026-06-14_00-20-03
2026-06-14 00:28:07,018 [INFO] Saved last model to Data/models/exp-A_videomae_subj2_split0.5/model_last.pth
2026-06-14 00:28:34,597 [INFO] Saved new best model to Data/models/exp-A_videomae_subj2_split0.5/model_best.pth
2026-06-14 00:30:07,985 [INFO] Epoch 4 | Train Loss: 0.7120 | Val Loss: 0.0000 | Acc: 0.4792 | F1: 0.0000 | P: 0.0000 | R: 0.0000
2026-06-14 00:30:35,850 [INFO] Saved last model to Data/models/exp-A_videomae_subj2_split0.5/model_last.pth
2026-06-14 00:32:08,758 [INFO] Epoch 5 | Train Loss: 0.7014 | Val Loss: 0.0000 | Acc: 0.4792 | F1: 0.0000 | P: 0.0000 | R: 0.0000
2026-06-14 00:32:36,480 [INFO] Saved last model to Data/models/exp-A_videomae_subj2_split0.5/model_last.pth
2026-06-14 00:34:10,068 [INFO] Epoch 6 | Train Loss: 0.7170 | Val Loss: 0.0000 | Acc: 0.4792 | F1: 0.0000 | P: 0.0000 | R: 0.0000
2026-06-14 00:34:31,295 [INFO] Saved last model to Data/models/exp-A_videomae_subj2_split0.5/model_last.pth
2026-06-14 00:36:01,791 [INFO] Epoch 7 | Train Loss: 0.7324 | Val Loss: 0.0000 | Acc: 0.4792 | F1: 0.0000 | P: 0.0000 | R: 0.0000
2026-06-14 00:36:08,935 [INFO] Saved last model to Data/models/exp-A_videomae_subj2_split0.5/model_last.pth
2026-06-14 00:37:38,326 [INFO] Epoch 8 | Train Loss: 0.7103 | Val Loss: 0.0000 | Acc: 0.6250 | F1: 0.4706 | P: 0.8889 | R: 0.3200
2026-06-14 00:37:41,843 [INFO] Saved last model to Data/models/exp-A_videomae_subj2_split0.5/model_last.pth
2026-06-14 00:39:12,896 [INFO] Epoch 9 | Train Loss: 0.7078 | Val Loss: 0.0000 | Acc: 0.5625 | F1: 0.3226 | P: 0.8333 | R: 0.2000
2026-06-14 00:40:06,353 [INFO] Saved last model to Data/models/exp-A_videomae_subj2_split0.5/model_last.pth
2026-06-14 00:41:37,418 [INFO] Epoch 10 | Train Loss: 0.6852 | Val Loss: 0.0000 | Acc: 0.4792 | F1: 0.0000 | P: 0.0000 | R: 0.0000
2026-06-14 00:42:05,162 [INFO] Saved last model to Data/models/exp-A_videomae_subj2_split0.5/model_last.pth
2026-06-14 00:43:36,825 [INFO] Epoch 11 | Train Loss: 0.7037 | Val Loss: 0.0000 | Acc: 0.6667 | F1: 0.5789 | P: 0.8462 | R: 0.4400
2026-06-14 00:44:04,623 [INFO] Saved last model to Data/models/exp-A_videomae_subj2_split0.5/model_last.pth
2026-06-14 00:45:34,142 [INFO] Epoch 12 | Train Loss: 0.7096 | Val Loss: 0.0000 | Acc: 0.5417 | F1: 0.2143 | P: 1.0000 | R: 0.1200
2026-06-14 00:46:02,405 [INFO] Saved last model to Data/models/exp-A_videomae_subj2_split0.5/model_last.pth
2026-06-14 00:47:32,700 [INFO] Epoch 13 | Train Loss: 0.6962 | Val Loss: 0.0000 | Acc: 0.4792 | F1: 0.0000 | P: 0.0000 | R: 0.0000
2026-06-14 00:48:00,506 [INFO] Saved last model to Data/models/exp-A_videomae_subj2_split0.5/model_last.pth
2026-06-14 00:49:36,063 [INFO] Epoch 14 | Train Loss: 0.6779 | Val Loss: 0.0000 | Acc: 0.5833 | F1: 0.3750 | P: 0.8571 | R: 0.2400
2026-06-14 00:50:03,862 [INFO] Saved last model to Data/models/exp-A_videomae_subj2_split0.5/model_last.pth
2026-06-14 00:51:32,407 [INFO] Epoch 15 | Train Loss: 0.6880 | Val Loss: 0.0000 | Acc: 0.6458 | F1: 0.5405 | P: 0.8333 | R: 0.4000
2026-06-14 00:51:59,462 [INFO] Saved last model to Data/models/exp-A_videomae_subj2_split0.5/model_last.pth
2026-06-14 00:53:28,066 [INFO] Epoch 16 | Train Loss: 0.6951 | Val Loss: 0.0000 | Acc: 0.4792 | F1: 0.0000 | P: 0.0000 | R: 0.0000
2026-06-14 00:53:45,430 [INFO] Saved last model to Data/models/exp-A_videomae_subj2_split0.5/model_last.pth
2026-06-14 00:55:15,601 [INFO] Epoch 17 | Train Loss: 0.7527 | Val Loss: 0.0000 | Acc: 0.6042 | F1: 0.5581 | P: 0.6667 | R: 0.4800
2026-06-14 00:55:19,075 [INFO] Saved last model to Data/models/exp-A_videomae_subj2_split0.5/model_last.pth
2026-06-14 00:56:49,684 [INFO] Epoch 18 | Train Loss: 0.6609 | Val Loss: 0.0000 | Acc: 0.4792 | F1: 0.0000 | P: 0.0000 | R: 0.0000
2026-06-14 00:56:53,211 [INFO] Saved last model to Data/models/exp-A_videomae_subj2_split0.5/model_last.pth
2026-06-14 00:58:25,395 [INFO] Epoch 19 | Train Loss: 0.6527 | Val Loss: 0.0000 | Acc: 0.6250 | F1: 0.4375 | P: 1.0000 | R: 0.2800
2026-06-14 00:58:53,176 [INFO] Saved last model to Data/models/exp-A_videomae_subj2_split0.5/model_last.pth
2026-06-14 00:58:53,176 [INFO] Finished Subj 2 with Best F1: 0.6849
2026-06-14 00:58:53,177 [INFO] Initialized Experiment Logger for: exp-A_videomae_subj3_split0.5
2026-06-14 00:58:53,177 [INFO] Hyperparameters saved to Results/exp-A_videomae_subj3_split0.5_2026-06-14_00-58-53/hyperparams.json
2026-06-14 00:58:53,177 [INFO] --- Fold for Test Subject 3 ---
2026-06-14 01:00:15,408 [INFO] Epoch 0 | Train Loss: 1.1152 | Val Loss: 0.0000 | Acc: 0.4651 | F1: 0.3429 | P: 0.4286 | R: 0.2857
2026-06-14 01:00:15,597 [INFO] Saved confusion matrix and qualitative samples to Results/exp-A_videomae_subj3_split0.5_2026-06-14_00-58-53
2026-06-14 01:00:16,277 [INFO] Saved last model to Data/models/exp-A_videomae_subj3_split0.5/model_last.pth
2026-06-14 01:00:16,950 [INFO] Saved new best model to Data/models/exp-A_videomae_subj3_split0.5/model_best.pth
2026-06-14 01:01:39,656 [INFO] Epoch 1 | Train Loss: 0.9729 | Val Loss: 0.0000 | Acc: 0.4884 | F1: 0.1538 | P: 0.4000 | R: 0.0952
2026-06-14 01:02:07,462 [INFO] Saved last model to Data/models/exp-A_videomae_subj3_split0.5/model_last.pth
2026-06-14 01:03:29,696 [INFO] Epoch 2 | Train Loss: 0.8058 | Val Loss: 0.0000 | Acc: 0.5116 | F1: 0.6667 | P: 0.5000 | R: 1.0000
2026-06-14 01:03:29,888 [INFO] Saved confusion matrix and qualitative samples to Results/exp-A_videomae_subj3_split0.5_2026-06-14_00-58-53
2026-06-14 01:04:11,441 [INFO] Saved last model to Data/models/exp-A_videomae_subj3_split0.5/model_last.pth
2026-06-14 01:04:43,093 [INFO] Saved new best model to Data/models/exp-A_videomae_subj3_split0.5/model_best.pth
2026-06-14 01:06:04,850 [INFO] Epoch 3 | Train Loss: 0.7955 | Val Loss: 0.0000 | Acc: 0.5116 | F1: 0.0000 | P: 0.0000 | R: 0.0000
2026-06-14 01:06:17,394 [INFO] Saved last model to Data/models/exp-A_videomae_subj3_split0.5/model_last.pth
2026-06-14 01:07:40,350 [INFO] Epoch 4 | Train Loss: 0.7512 | Val Loss: 0.0000 | Acc: 0.5349 | F1: 0.3333 | P: 0.5556 | R: 0.2381
2026-06-14 01:07:43,837 [INFO] Saved last model to Data/models/exp-A_videomae_subj3_split0.5/model_last.pth
2026-06-14 01:09:04,125 [INFO] Epoch 5 | Train Loss: 0.7010 | Val Loss: 0.0000 | Acc: 0.5116 | F1: 0.2759 | P: 0.5000 | R: 0.1905
2026-06-14 01:09:31,936 [INFO] Saved last model to Data/models/exp-A_videomae_subj3_split0.5/model_last.pth
2026-06-14 01:10:51,837 [INFO] Epoch 6 | Train Loss: 0.6292 | Val Loss: 0.0000 | Acc: 0.4884 | F1: 0.1538 | P: 0.4000 | R: 0.0952
2026-06-14 01:11:19,635 [INFO] Saved last model to Data/models/exp-A_videomae_subj3_split0.5/model_last.pth
2026-06-14 01:12:39,229 [INFO] Epoch 7 | Train Loss: 0.6332 | Val Loss: 0.0000 | Acc: 0.5349 | F1: 0.3333 | P: 0.5556 | R: 0.2381
2026-06-14 01:13:07,532 [INFO] Saved last model to Data/models/exp-A_videomae_subj3_split0.5/model_last.pth
2026-06-14 01:14:27,469 [INFO] Epoch 8 | Train Loss: 0.6002 | Val Loss: 0.0000 | Acc: 0.5349 | F1: 0.2857 | P: 0.5714 | R: 0.1905
2026-06-14 01:14:55,186 [INFO] Saved last model to Data/models/exp-A_videomae_subj3_split0.5/model_last.pth
2026-06-14 01:16:21,630 [INFO] Epoch 9 | Train Loss: 0.6148 | Val Loss: 0.0000 | Acc: 0.5116 | F1: 0.0000 | P: 0.0000 | R: 0.0000
2026-06-14 01:17:14,409 [INFO] Saved last model to Data/models/exp-A_videomae_subj3_split0.5/model_last.pth
2026-06-14 01:18:35,116 [INFO] Epoch 10 | Train Loss: 0.6986 | Val Loss: 0.0000 | Acc: 0.5116 | F1: 0.0000 | P: 0.0000 | R: 0.0000
2026-06-14 01:19:02,816 [INFO] Saved last model to Data/models/exp-A_videomae_subj3_split0.5/model_last.pth
2026-06-14 01:20:23,863 [INFO] Epoch 11 | Train Loss: 0.6977 | Val Loss: 0.0000 | Acc: 0.5116 | F1: 0.2222 | P: 0.5000 | R: 0.1429
2026-06-14 01:20:51,565 [INFO] Saved last model to Data/models/exp-A_videomae_subj3_split0.5/model_last.pth
2026-06-14 01:22:13,807 [INFO] Epoch 12 | Train Loss: 0.6343 | Val Loss: 0.0000 | Acc: 0.6512 | F1: 0.7059 | P: 0.6000 | R: 0.8571
2026-06-14 01:22:13,996 [INFO] Saved confusion matrix and qualitative samples to Results/exp-A_videomae_subj3_split0.5_2026-06-14_00-58-53
2026-06-14 01:22:28,063 [INFO] Saved last model to Data/models/exp-A_videomae_subj3_split0.5/model_last.pth
2026-06-14 01:22:44,708 [INFO] Saved new best model to Data/models/exp-A_videomae_subj3_split0.5/model_best.pth
2026-06-14 01:24:06,105 [INFO] Epoch 13 | Train Loss: 0.6914 | Val Loss: 0.0000 | Acc: 0.4884 | F1: 0.1538 | P: 0.4000 | R: 0.0952
2026-06-14 01:24:33,715 [INFO] Saved last model to Data/models/exp-A_videomae_subj3_split0.5/model_last.pth
2026-06-14 01:25:55,894 [INFO] Epoch 14 | Train Loss: 0.5527 | Val Loss: 0.0000 | Acc: 0.6047 | F1: 0.6792 | P: 0.5625 | R: 0.8571
2026-06-14 01:26:23,670 [INFO] Saved last model to Data/models/exp-A_videomae_subj3_split0.5/model_last.pth
2026-06-14 01:27:43,672 [INFO] Epoch 15 | Train Loss: 0.6090 | Val Loss: 0.0000 | Acc: 0.5116 | F1: 0.2222 | P: 0.5000 | R: 0.1429
2026-06-14 01:28:37,140 [INFO] Saved last model to Data/models/exp-A_videomae_subj3_split0.5/model_last.pth
2026-06-14 01:30:00,166 [INFO] Epoch 16 | Train Loss: 0.4302 | Val Loss: 0.0000 | Acc: 0.5116 | F1: 0.6667 | P: 0.5000 | R: 1.0000
2026-06-14 01:30:28,439 [INFO] Saved last model to Data/models/exp-A_videomae_subj3_split0.5/model_last.pth
2026-06-14 01:31:49,479 [INFO] Epoch 17 | Train Loss: 0.6220 | Val Loss: 0.0000 | Acc: 0.5581 | F1: 0.3448 | P: 0.6250 | R: 0.2381
2026-06-14 01:32:17,297 [INFO] Saved last model to Data/models/exp-A_videomae_subj3_split0.5/model_last.pth
2026-06-14 01:33:40,962 [INFO] Epoch 18 | Train Loss: 0.5929 | Val Loss: 0.0000 | Acc: 0.6047 | F1: 0.6047 | P: 0.5909 | R: 0.6190
2026-06-14 01:34:08,758 [INFO] Saved last model to Data/models/exp-A_videomae_subj3_split0.5/model_last.pth
2026-06-14 01:35:31,490 [INFO] Epoch 19 | Train Loss: 0.5184 | Val Loss: 0.0000 | Acc: 0.6047 | F1: 0.5854 | P: 0.6000 | R: 0.5714
2026-06-14 01:35:59,266 [INFO] Saved last model to Data/models/exp-A_videomae_subj3_split0.5/model_last.pth
2026-06-14 01:35:59,267 [INFO] Finished Subj 3 with Best F1: 0.7059
2026-06-14 01:35:59,267 [INFO] Initialized Experiment Logger for: exp-A_videomae_subj4_split0.5
2026-06-14 01:35:59,267 [INFO] Hyperparameters saved to Results/exp-A_videomae_subj4_split0.5_2026-06-14_01-35-59/hyperparams.json
2026-06-14 01:35:59,267 [INFO] --- Fold for Test Subject 4 ---
2026-06-14 01:37:23,952 [INFO] Epoch 0 | Train Loss: 1.8589 | Val Loss: 0.0000 | Acc: 0.6216 | F1: 0.5333 | P: 0.6154 | R: 0.4706
2026-06-14 01:37:24,130 [INFO] Saved confusion matrix and qualitative samples to Results/exp-A_videomae_subj4_split0.5_2026-06-14_01-35-59
2026-06-14 01:37:24,816 [INFO] Saved last model to Data/models/exp-A_videomae_subj4_split0.5/model_last.pth
2026-06-14 01:37:25,496 [INFO] Saved new best model to Data/models/exp-A_videomae_subj4_split0.5/model_best.pth
2026-06-14 01:38:48,504 [INFO] Epoch 1 | Train Loss: 1.0475 | Val Loss: 0.0000 | Acc: 0.5405 | F1: 0.1053 | P: 0.5000 | R: 0.0588
2026-06-14 01:39:31,181 [INFO] Saved last model to Data/models/exp-A_videomae_subj4_split0.5/model_last.pth
2026-06-14 01:40:58,472 [INFO] Epoch 2 | Train Loss: 0.7181 | Val Loss: 0.0000 | Acc: 0.4595 | F1: 0.6296 | P: 0.4595 | R: 1.0000
2026-06-14 01:40:58,676 [INFO] Saved confusion matrix and qualitative samples to Results/exp-A_videomae_subj4_split0.5_2026-06-14_01-35-59
2026-06-14 01:41:26,233 [INFO] Saved last model to Data/models/exp-A_videomae_subj4_split0.5/model_last.pth
2026-06-14 01:41:54,279 [INFO] Saved new best model to Data/models/exp-A_videomae_subj4_split0.5/model_best.pth
2026-06-14 01:43:16,499 [INFO] Epoch 3 | Train Loss: 0.6933 | Val Loss: 0.0000 | Acc: 0.5135 | F1: 0.5263 | P: 0.4762 | R: 0.5882
2026-06-14 01:43:44,230 [INFO] Saved last model to Data/models/exp-A_videomae_subj4_split0.5/model_last.pth
2026-06-14 01:45:07,507 [INFO] Epoch 4 | Train Loss: 0.6655 | Val Loss: 0.0000 | Acc: 0.4595 | F1: 0.6296 | P: 0.4595 | R: 1.0000
2026-06-14 01:45:07,702 [INFO] Saved confusion matrix and qualitative samples to Results/exp-A_videomae_subj4_split0.5_2026-06-14_01-35-59
2026-06-14 01:46:01,297 [INFO] Saved last model to Data/models/exp-A_videomae_subj4_split0.5/model_last.pth
2026-06-14 01:46:28,814 [INFO] Saved new best model to Data/models/exp-A_videomae_subj4_split0.5/model_best.pth
2026-06-14 01:47:50,130 [INFO] Epoch 5 | Train Loss: 0.6575 | Val Loss: 0.0000 | Acc: 0.4865 | F1: 0.6122 | P: 0.4688 | R: 0.8824
2026-06-14 01:48:29,371 [INFO] Saved last model to Data/models/exp-A_videomae_subj4_split0.5/model_last.pth
2026-06-14 01:49:52,409 [INFO] Epoch 6 | Train Loss: 0.6614 | Val Loss: 0.0000 | Acc: 0.4595 | F1: 0.6296 | P: 0.4595 | R: 1.0000
2026-06-14 01:49:52,600 [INFO] Saved confusion matrix and qualitative samples to Results/exp-A_videomae_subj4_split0.5_2026-06-14_01-35-59
2026-06-14 01:50:15,634 [INFO] Saved last model to Data/models/exp-A_videomae_subj4_split0.5/model_last.pth
2026-06-14 01:50:29,636 [INFO] Saved new best model to Data/models/exp-A_videomae_subj4_split0.5/model_best.pth
2026-06-14 01:51:53,554 [INFO] Epoch 7 | Train Loss: 0.7524 | Val Loss: 0.0000 | Acc: 0.2973 | F1: 0.1333 | P: 0.1538 | R: 0.1176
2026-06-14 01:51:59,801 [INFO] Saved last model to Data/models/exp-A_videomae_subj4_split0.5/model_last.pth
2026-06-14 01:53:22,015 [INFO] Epoch 8 | Train Loss: 0.7122 | Val Loss: 0.0000 | Acc: 0.4595 | F1: 0.6296 | P: 0.4595 | R: 1.0000
2026-06-14 01:53:22,217 [INFO] Saved confusion matrix and qualitative samples to Results/exp-A_videomae_subj4_split0.5_2026-06-14_01-35-59
2026-06-14 01:53:50,480 [INFO] Saved last model to Data/models/exp-A_videomae_subj4_split0.5/model_last.pth
2026-06-14 01:54:18,072 [INFO] Saved new best model to Data/models/exp-A_videomae_subj4_split0.5/model_best.pth
2026-06-14 01:55:40,795 [INFO] Epoch 9 | Train Loss: 0.6985 | Val Loss: 0.0000 | Acc: 0.4595 | F1: 0.6296 | P: 0.4595 | R: 1.0000
2026-06-14 01:55:40,981 [INFO] Saved confusion matrix and qualitative samples to Results/exp-A_videomae_subj4_split0.5_2026-06-14_01-35-59
2026-06-14 01:56:33,672 [INFO] Saved last model to Data/models/exp-A_videomae_subj4_split0.5/model_last.pth
2026-06-14 01:57:01,240 [INFO] Saved new best model to Data/models/exp-A_videomae_subj4_split0.5/model_best.pth
2026-06-14 01:58:25,219 [INFO] Epoch 10 | Train Loss: 0.7029 | Val Loss: 0.0000 | Acc: 0.4595 | F1: 0.6296 | P: 0.4595 | R: 1.0000
2026-06-14 01:58:25,410 [INFO] Saved confusion matrix and qualitative samples to Results/exp-A_videomae_subj4_split0.5_2026-06-14_01-35-59
2026-06-14 01:58:53,045 [INFO] Saved last model to Data/models/exp-A_videomae_subj4_split0.5/model_last.pth
2026-06-14 01:59:36,207 [INFO] Saved new best model to Data/models/exp-A_videomae_subj4_split0.5/model_best.pth
2026-06-14 02:01:01,636 [INFO] Epoch 11 | Train Loss: 0.7699 | Val Loss: 0.0000 | Acc: 0.4595 | F1: 0.6296 | P: 0.4595 | R: 1.0000
2026-06-14 02:01:01,827 [INFO] Saved confusion matrix and qualitative samples to Results/exp-A_videomae_subj4_split0.5_2026-06-14_01-35-59
2026-06-14 02:01:32,232 [INFO] Saved last model to Data/models/exp-A_videomae_subj4_split0.5/model_last.pth
2026-06-14 02:02:10,110 [INFO] Saved new best model to Data/models/exp-A_videomae_subj4_split0.5/model_best.pth
2026-06-14 02:03:31,185 [INFO] Epoch 12 | Train Loss: 0.6560 | Val Loss: 0.0000 | Acc: 0.4595 | F1: 0.6296 | P: 0.4595 | R: 1.0000
2026-06-14 02:03:31,376 [INFO] Saved confusion matrix and qualitative samples to Results/exp-A_videomae_subj4_split0.5_2026-06-14_01-35-59
2026-06-14 02:03:34,760 [INFO] Saved last model to Data/models/exp-A_videomae_subj4_split0.5/model_last.pth
2026-06-14 02:04:02,398 [INFO] Saved new best model to Data/models/exp-A_videomae_subj4_split0.5/model_best.pth
2026-06-14 02:05:27,543 [INFO] Epoch 13 | Train Loss: 0.6549 | Val Loss: 0.0000 | Acc: 0.5135 | F1: 0.6538 | P: 0.4857 | R: 1.0000
2026-06-14 02:05:27,744 [INFO] Saved confusion matrix and qualitative samples to Results/exp-A_videomae_subj4_split0.5_2026-06-14_01-35-59
2026-06-14 02:06:21,042 [INFO] Saved last model to Data/models/exp-A_videomae_subj4_split0.5/model_last.pth
2026-06-14 02:06:48,681 [INFO] Saved new best model to Data/models/exp-A_videomae_subj4_split0.5/model_best.pth
2026-06-14 02:08:13,409 [INFO] Epoch 14 | Train Loss: 0.7174 | Val Loss: 0.0000 | Acc: 0.5405 | F1: 0.0000 | P: 0.0000 | R: 0.0000
2026-06-14 02:08:41,215 [INFO] Saved last model to Data/models/exp-A_videomae_subj4_split0.5/model_last.pth
2026-06-14 02:10:03,539 [INFO] Epoch 15 | Train Loss: 0.7159 | Val Loss: 0.0000 | Acc: 0.4595 | F1: 0.6296 | P: 0.4595 | R: 1.0000
2026-06-14 02:10:31,225 [INFO] Saved last model to Data/models/exp-A_videomae_subj4_split0.5/model_last.pth
2026-06-14 02:11:53,671 [INFO] Epoch 16 | Train Loss: 0.5606 | Val Loss: 0.0000 | Acc: 0.4595 | F1: 0.6296 | P: 0.4595 | R: 1.0000
2026-06-14 02:12:43,038 [INFO] Saved last model to Data/models/exp-A_videomae_subj4_split0.5/model_last.pth
2026-06-14 02:14:05,479 [INFO] Epoch 17 | Train Loss: 0.6302 | Val Loss: 0.0000 | Acc: 0.4595 | F1: 0.6296 | P: 0.4595 | R: 1.0000
2026-06-14 02:14:33,258 [INFO] Saved last model to Data/models/exp-A_videomae_subj4_split0.5/model_last.pth
2026-06-14 02:15:55,335 [INFO] Epoch 18 | Train Loss: 0.6646 | Val Loss: 0.0000 | Acc: 0.5135 | F1: 0.6538 | P: 0.4857 | R: 1.0000
2026-06-14 02:15:55,534 [INFO] Saved confusion matrix and qualitative samples to Results/exp-A_videomae_subj4_split0.5_2026-06-14_01-35-59
2026-06-14 02:16:08,363 [INFO] Saved last model to Data/models/exp-A_videomae_subj4_split0.5/model_last.pth
2026-06-14 02:16:28,780 [INFO] Saved new best model to Data/models/exp-A_videomae_subj4_split0.5/model_best.pth
2026-06-14 02:17:52,224 [INFO] Epoch 19 | Train Loss: 0.4981 | Val Loss: 0.0000 | Acc: 0.4595 | F1: 0.6296 | P: 0.4595 | R: 1.0000
2026-06-14 02:17:55,714 [INFO] Saved last model to Data/models/exp-A_videomae_subj4_split0.5/model_last.pth
2026-06-14 02:17:55,715 [INFO] Finished Subj 4 with Best F1: 0.6538
