2026-06-14 09:53:32,840 [INFO] Initialized Experiment Logger for: exp-A_videomae_subj1_split1.0
2026-06-14 09:53:32,841 [INFO] Hyperparameters saved to Results/exp-A_videomae_subj1_split1.0_2026-06-14_09-53-32/hyperparams.json
2026-06-14 09:53:32,841 [INFO] --- Fold for Test Subject 1 ---
2026-06-14 09:53:33,449 [INFO] Freezing backbone for 5 epochs.
2026-06-14 09:55:46,123 [INFO] Epoch 0 | Train Loss: 0.8239 | Val Loss: 0.0000 | Acc: 0.6875 | F1: 0.7619 | P: 0.6154 | R: 1.0000
2026-06-14 09:55:46,314 [INFO] Saved confusion matrix and qualitative samples to Results/exp-A_videomae_subj1_split1.0_2026-06-14_09-53-32
2026-06-14 09:55:46,562 [INFO] Saved last model to Data/models/exp-A_videomae_subj1_split1.0/model_last.pth
2026-06-14 09:55:46,856 [INFO] Saved new best model to Data/models/exp-A_videomae_subj1_split1.0/model_best.pth
2026-06-14 09:58:01,427 [INFO] Epoch 1 | Train Loss: 0.7175 | Val Loss: 0.0000 | Acc: 0.6562 | F1: 0.7442 | P: 0.5926 | R: 1.0000
2026-06-14 09:58:12,927 [INFO] Saved last model to Data/models/exp-A_videomae_subj1_split1.0/model_last.pth
2026-06-14 10:00:27,786 [INFO] Epoch 2 | Train Loss: 0.7190 | Val Loss: 0.0000 | Acc: 0.6875 | F1: 0.7619 | P: 0.6154 | R: 1.0000
2026-06-14 10:00:27,972 [INFO] Saved confusion matrix and qualitative samples to Results/exp-A_videomae_subj1_split1.0_2026-06-14_09-53-32
2026-06-14 10:00:29,157 [INFO] Saved last model to Data/models/exp-A_videomae_subj1_split1.0/model_last.pth
2026-06-14 10:00:30,330 [INFO] Saved new best model to Data/models/exp-A_videomae_subj1_split1.0/model_best.pth
2026-06-14 10:02:47,947 [INFO] Epoch 3 | Train Loss: 0.7307 | Val Loss: 0.0000 | Acc: 0.6562 | F1: 0.7442 | P: 0.5926 | R: 1.0000
2026-06-14 10:02:54,969 [INFO] Saved last model to Data/models/exp-A_videomae_subj1_split1.0/model_last.pth
2026-06-14 10:05:14,370 [INFO] Epoch 4 | Train Loss: 0.6887 | Val Loss: 0.0000 | Acc: 0.6562 | F1: 0.7442 | P: 0.5926 | R: 1.0000
2026-06-14 10:05:15,651 [INFO] Saved last model to Data/models/exp-A_videomae_subj1_split1.0/model_last.pth
2026-06-14 10:05:15,651 [INFO] Unfreezing backbone for end-to-end training.
2026-06-14 10:07:30,902 [INFO] Epoch 5 | Train Loss: 0.7667 | Val Loss: 0.0000 | Acc: 0.5000 | F1: 0.6667 | P: 0.5000 | R: 1.0000
2026-06-14 10:07:58,588 [INFO] Saved last model to Data/models/exp-A_videomae_subj1_split1.0/model_last.pth
2026-06-14 10:10:19,158 [INFO] Epoch 6 | Train Loss: 0.7248 | Val Loss: 0.0000 | Acc: 0.5000 | F1: 0.6667 | P: 0.5000 | R: 1.0000
2026-06-14 10:10:47,560 [INFO] Saved last model to Data/models/exp-A_videomae_subj1_split1.0/model_last.pth
2026-06-14 10:13:10,633 [INFO] Epoch 7 | Train Loss: 0.7087 | Val Loss: 0.0000 | Acc: 0.4375 | F1: 0.6087 | P: 0.4667 | R: 0.8750
2026-06-14 10:13:23,417 [INFO] Saved last model to Data/models/exp-A_videomae_subj1_split1.0/model_last.pth
2026-06-14 10:15:45,785 [INFO] Epoch 8 | Train Loss: 0.6370 | Val Loss: 0.0000 | Acc: 0.2812 | F1: 0.1481 | P: 0.1818 | R: 0.1250
2026-06-14 10:15:49,260 [INFO] Saved last model to Data/models/exp-A_videomae_subj1_split1.0/model_last.pth
2026-06-14 10:18:08,621 [INFO] Epoch 9 | Train Loss: 0.5351 | Val Loss: 0.0000 | Acc: 0.4375 | F1: 0.6087 | P: 0.4667 | R: 0.8750
2026-06-14 10:18:12,093 [INFO] Saved last model to Data/models/exp-A_videomae_subj1_split1.0/model_last.pth
2026-06-14 10:18:12,093 [INFO] Finished Subj 1 with Best F1: 0.7619
2026-06-14 10:18:12,094 [INFO] Initialized Experiment Logger for: exp-A_videomae_subj2_split1.0
2026-06-14 10:18:12,094 [INFO] Hyperparameters saved to Results/exp-A_videomae_subj2_split1.0_2026-06-14_10-18-12/hyperparams.json
2026-06-14 10:18:12,094 [INFO] --- Fold for Test Subject 2 ---
2026-06-14 10:18:12,527 [INFO] Freezing backbone for 5 epochs.
2026-06-14 10:20:27,995 [INFO] Epoch 0 | Train Loss: 0.7027 | Val Loss: 0.0000 | Acc: 0.5417 | F1: 0.2667 | P: 0.8000 | R: 0.1600
2026-06-14 10:20:28,185 [INFO] Saved confusion matrix and qualitative samples to Results/exp-A_videomae_subj2_split1.0_2026-06-14_10-18-12
2026-06-14 10:20:28,435 [INFO] Saved last model to Data/models/exp-A_videomae_subj2_split1.0/model_last.pth
2026-06-14 10:20:28,694 [INFO] Saved new best model to Data/models/exp-A_videomae_subj2_split1.0/model_best.pth
2026-06-14 10:22:42,611 [INFO] Epoch 1 | Train Loss: 0.7485 | Val Loss: 0.0000 | Acc: 0.4792 | F1: 0.0000 | P: 0.0000 | R: 0.0000
2026-06-14 10:22:43,877 [INFO] Saved last model to Data/models/exp-A_videomae_subj2_split1.0/model_last.pth
2026-06-14 10:24:59,422 [INFO] Epoch 2 | Train Loss: 0.6927 | Val Loss: 0.0000 | Acc: 0.5000 | F1: 0.0769 | P: 1.0000 | R: 0.0400
2026-06-14 10:25:23,371 [INFO] Saved last model to Data/models/exp-A_videomae_subj2_split1.0/model_last.pth
2026-06-14 10:27:41,783 [INFO] Epoch 3 | Train Loss: 0.7006 | Val Loss: 0.0000 | Acc: 0.4792 | F1: 0.0000 | P: 0.0000 | R: 0.0000
2026-06-14 10:27:43,066 [INFO] Saved last model to Data/models/exp-A_videomae_subj2_split1.0/model_last.pth
2026-06-14 10:30:01,111 [INFO] Epoch 4 | Train Loss: 0.6990 | Val Loss: 0.0000 | Acc: 0.4792 | F1: 0.0000 | P: 0.0000 | R: 0.0000
2026-06-14 10:30:02,402 [INFO] Saved last model to Data/models/exp-A_videomae_subj2_split1.0/model_last.pth
2026-06-14 10:30:02,403 [INFO] Unfreezing backbone for end-to-end training.
2026-06-14 10:32:18,647 [INFO] Epoch 5 | Train Loss: 0.9547 | Val Loss: 0.0000 | Acc: 0.3333 | F1: 0.5000 | P: 0.4103 | R: 0.6400
2026-06-14 10:32:18,818 [INFO] Saved confusion matrix and qualitative samples to Results/exp-A_videomae_subj2_split1.0_2026-06-14_10-18-12
2026-06-14 10:33:11,609 [INFO] Saved last model to Data/models/exp-A_videomae_subj2_split1.0/model_last.pth
2026-06-14 10:33:39,190 [INFO] Saved new best model to Data/models/exp-A_videomae_subj2_split1.0/model_best.pth
2026-06-14 10:35:55,818 [INFO] Epoch 6 | Train Loss: 0.8838 | Val Loss: 0.0000 | Acc: 0.5625 | F1: 0.3226 | P: 0.8333 | R: 0.2000
2026-06-14 10:36:23,559 [INFO] Saved last model to Data/models/exp-A_videomae_subj2_split1.0/model_last.pth
2026-06-14 10:38:41,148 [INFO] Epoch 7 | Train Loss: 0.6364 | Val Loss: 0.0000 | Acc: 0.5000 | F1: 0.5200 | P: 0.5200 | R: 0.5200
2026-06-14 10:38:41,340 [INFO] Saved confusion matrix and qualitative samples to Results/exp-A_videomae_subj2_split1.0_2026-06-14_10-18-12
2026-06-14 10:39:44,411 [INFO] Saved last model to Data/models/exp-A_videomae_subj2_split1.0/model_last.pth
2026-06-14 10:42:03,177 [INFO] Saved new best model to Data/models/exp-A_videomae_subj2_split1.0/model_best.pth
2026-06-14 10:44:20,673 [INFO] Epoch 8 | Train Loss: 0.7023 | Val Loss: 0.0000 | Acc: 0.5208 | F1: 0.1481 | P: 1.0000 | R: 0.0800
2026-06-14 10:44:57,038 [INFO] Saved last model to Data/models/exp-A_videomae_subj2_split1.0/model_last.pth
2026-06-14 10:47:22,124 [INFO] Epoch 9 | Train Loss: 0.6903 | Val Loss: 0.0000 | Acc: 0.4792 | F1: 0.0000 | P: 0.0000 | R: 0.0000
2026-06-14 10:47:41,340 [INFO] Saved last model to Data/models/exp-A_videomae_subj2_split1.0/model_last.pth
2026-06-14 10:47:41,341 [INFO] Finished Subj 2 with Best F1: 0.5200
2026-06-14 10:47:41,341 [INFO] Initialized Experiment Logger for: exp-A_videomae_subj3_split1.0
2026-06-14 10:47:41,341 [INFO] Hyperparameters saved to Results/exp-A_videomae_subj3_split1.0_2026-06-14_10-47-41/hyperparams.json
2026-06-14 10:47:41,341 [INFO] --- Fold for Test Subject 3 ---
2026-06-14 10:47:41,789 [INFO] Freezing backbone for 5 epochs.
2026-06-14 10:49:55,595 [INFO] Epoch 0 | Train Loss: 0.7067 | Val Loss: 0.0000 | Acc: 0.5116 | F1: 0.0000 | P: 0.0000 | R: 0.0000
2026-06-14 10:49:55,784 [INFO] Saved confusion matrix and qualitative samples to Results/exp-A_videomae_subj3_split1.0_2026-06-14_10-47-41
2026-06-14 10:49:56,171 [INFO] Saved last model to Data/models/exp-A_videomae_subj3_split1.0/model_last.pth
2026-06-14 10:49:56,442 [INFO] Saved new best model to Data/models/exp-A_videomae_subj3_split1.0/model_best.pth
2026-06-14 10:52:09,931 [INFO] Epoch 1 | Train Loss: 0.6925 | Val Loss: 0.0000 | Acc: 0.5349 | F1: 0.0909 | P: 1.0000 | R: 0.0476
2026-06-14 10:52:10,120 [INFO] Saved confusion matrix and qualitative samples to Results/exp-A_videomae_subj3_split1.0_2026-06-14_10-47-41
2026-06-14 10:52:16,132 [INFO] Saved last model to Data/models/exp-A_videomae_subj3_split1.0/model_last.pth
2026-06-14 10:52:36,508 [INFO] Saved new best model to Data/models/exp-A_videomae_subj3_split1.0/model_best.pth
2026-06-14 10:54:50,230 [INFO] Epoch 2 | Train Loss: 0.6693 | Val Loss: 0.0000 | Acc: 0.5349 | F1: 0.0909 | P: 1.0000 | R: 0.0476
2026-06-14 10:54:50,424 [INFO] Saved confusion matrix and qualitative samples to Results/exp-A_videomae_subj3_split1.0_2026-06-14_10-47-41
2026-06-14 10:54:51,602 [INFO] Saved last model to Data/models/exp-A_videomae_subj3_split1.0/model_last.pth
2026-06-14 10:54:56,018 [INFO] Saved new best model to Data/models/exp-A_videomae_subj3_split1.0/model_best.pth
2026-06-14 10:57:13,203 [INFO] Epoch 3 | Train Loss: 0.7142 | Val Loss: 0.0000 | Acc: 0.5116 | F1: 0.1600 | P: 0.5000 | R: 0.0952
2026-06-14 10:57:13,395 [INFO] Saved confusion matrix and qualitative samples to Results/exp-A_videomae_subj3_split1.0_2026-06-14_10-47-41
2026-06-14 10:57:14,577 [INFO] Saved last model to Data/models/exp-A_videomae_subj3_split1.0/model_last.pth
2026-06-14 10:57:15,736 [INFO] Saved new best model to Data/models/exp-A_videomae_subj3_split1.0/model_best.pth
2026-06-14 10:59:28,254 [INFO] Epoch 4 | Train Loss: 0.7100 | Val Loss: 0.0000 | Acc: 0.4884 | F1: 0.1538 | P: 0.4000 | R: 0.0952
2026-06-14 10:59:29,521 [INFO] Saved last model to Data/models/exp-A_videomae_subj3_split1.0/model_last.pth
2026-06-14 10:59:29,522 [INFO] Unfreezing backbone for end-to-end training.
2026-06-14 11:01:42,197 [INFO] Epoch 5 | Train Loss: 0.8315 | Val Loss: 0.0000 | Acc: 0.4884 | F1: 0.6562 | P: 0.4884 | R: 1.0000
2026-06-14 11:01:42,380 [INFO] Saved confusion matrix and qualitative samples to Results/exp-A_videomae_subj3_split1.0_2026-06-14_10-47-41
2026-06-14 11:01:45,645 [INFO] Saved last model to Data/models/exp-A_videomae_subj3_split1.0/model_last.pth
2026-06-14 11:02:38,504 [INFO] Saved new best model to Data/models/exp-A_videomae_subj3_split1.0/model_best.pth
2026-06-14 11:04:57,438 [INFO] Epoch 6 | Train Loss: 0.7983 | Val Loss: 0.0000 | Acc: 0.6047 | F1: 0.7119 | P: 0.5526 | R: 1.0000
2026-06-14 11:04:57,618 [INFO] Saved confusion matrix and qualitative samples to Results/exp-A_videomae_subj3_split1.0_2026-06-14_10-47-41
2026-06-14 11:05:25,298 [INFO] Saved last model to Data/models/exp-A_videomae_subj3_split1.0/model_last.pth
2026-06-14 11:06:54,696 [INFO] Saved new best model to Data/models/exp-A_videomae_subj3_split1.0/model_best.pth
2026-06-14 11:09:07,555 [INFO] Epoch 7 | Train Loss: 0.6801 | Val Loss: 0.0000 | Acc: 0.6512 | F1: 0.6939 | P: 0.6071 | R: 0.8095
2026-06-14 11:10:46,281 [INFO] Saved last model to Data/models/exp-A_videomae_subj3_split1.0/model_last.pth
2026-06-14 11:13:05,743 [INFO] Epoch 8 | Train Loss: 0.5626 | Val Loss: 0.0000 | Acc: 0.6279 | F1: 0.6667 | P: 0.5926 | R: 0.7619
2026-06-14 11:13:33,554 [INFO] Saved last model to Data/models/exp-A_videomae_subj3_split1.0/model_last.pth
2026-06-14 11:15:53,301 [INFO] Epoch 9 | Train Loss: 0.5221 | Val Loss: 0.0000 | Acc: 0.5349 | F1: 0.6429 | P: 0.5143 | R: 0.8571
2026-06-14 11:16:21,074 [INFO] Saved last model to Data/models/exp-A_videomae_subj3_split1.0/model_last.pth
2026-06-14 11:16:21,074 [INFO] Finished Subj 3 with Best F1: 0.7119
2026-06-14 11:16:21,074 [INFO] Initialized Experiment Logger for: exp-A_videomae_subj4_split1.0
2026-06-14 11:16:21,074 [INFO] Hyperparameters saved to Results/exp-A_videomae_subj4_split1.0_2026-06-14_11-16-21/hyperparams.json
2026-06-14 11:16:21,075 [INFO] --- Fold for Test Subject 4 ---
2026-06-14 11:16:21,526 [INFO] Freezing backbone for 5 epochs.
2026-06-14 11:18:38,134 [INFO] Epoch 0 | Train Loss: 0.8136 | Val Loss: 0.0000 | Acc: 0.5405 | F1: 0.0000 | P: 0.0000 | R: 0.0000
2026-06-14 11:18:38,322 [INFO] Saved confusion matrix and qualitative samples to Results/exp-A_videomae_subj4_split1.0_2026-06-14_11-16-21
2026-06-14 11:18:38,571 [INFO] Saved last model to Data/models/exp-A_videomae_subj4_split1.0/model_last.pth
2026-06-14 11:18:38,815 [INFO] Saved new best model to Data/models/exp-A_videomae_subj4_split1.0/model_best.pth
2026-06-14 11:20:54,801 [INFO] Epoch 1 | Train Loss: 0.7502 | Val Loss: 0.0000 | Acc: 0.6216 | F1: 0.3000 | P: 1.0000 | R: 0.1765
2026-06-14 11:20:55,005 [INFO] Saved confusion matrix and qualitative samples to Results/exp-A_videomae_subj4_split1.0_2026-06-14_11-16-21
2026-06-14 11:20:59,220 [INFO] Saved last model to Data/models/exp-A_videomae_subj4_split1.0/model_last.pth
2026-06-14 11:21:00,388 [INFO] Saved new best model to Data/models/exp-A_videomae_subj4_split1.0/model_best.pth
2026-06-14 11:23:14,515 [INFO] Epoch 2 | Train Loss: 0.7289 | Val Loss: 0.0000 | Acc: 0.5135 | F1: 0.5714 | P: 0.4800 | R: 0.7059
2026-06-14 11:23:14,713 [INFO] Saved confusion matrix and qualitative samples to Results/exp-A_videomae_subj4_split1.0_2026-06-14_11-16-21
2026-06-14 11:23:15,910 [INFO] Saved last model to Data/models/exp-A_videomae_subj4_split1.0/model_last.pth
2026-06-14 11:23:41,332 [INFO] Saved new best model to Data/models/exp-A_videomae_subj4_split1.0/model_best.pth
2026-06-14 11:25:56,941 [INFO] Epoch 3 | Train Loss: 0.7415 | Val Loss: 0.0000 | Acc: 0.5135 | F1: 0.5909 | P: 0.4815 | R: 0.7647
2026-06-14 11:25:57,132 [INFO] Saved confusion matrix and qualitative samples to Results/exp-A_videomae_subj4_split1.0_2026-06-14_11-16-21
2026-06-14 11:25:58,322 [INFO] Saved last model to Data/models/exp-A_videomae_subj4_split1.0/model_last.pth
2026-06-14 11:25:59,475 [INFO] Saved new best model to Data/models/exp-A_videomae_subj4_split1.0/model_best.pth
2026-06-14 11:28:15,885 [INFO] Epoch 4 | Train Loss: 0.6844 | Val Loss: 0.0000 | Acc: 0.4595 | F1: 0.6296 | P: 0.4595 | R: 1.0000
2026-06-14 11:28:16,080 [INFO] Saved confusion matrix and qualitative samples to Results/exp-A_videomae_subj4_split1.0_2026-06-14_11-16-21
2026-06-14 11:28:42,086 [INFO] Saved last model to Data/models/exp-A_videomae_subj4_split1.0/model_last.pth
2026-06-14 11:28:43,262 [INFO] Saved new best model to Data/models/exp-A_videomae_subj4_split1.0/model_best.pth
2026-06-14 11:28:43,262 [INFO] Unfreezing backbone for end-to-end training.
2026-06-14 11:31:02,710 [INFO] Epoch 5 | Train Loss: 0.8085 | Val Loss: 0.0000 | Acc: 0.2973 | F1: 0.4091 | P: 0.3333 | R: 0.5294
2026-06-14 11:31:30,564 [INFO] Saved last model to Data/models/exp-A_videomae_subj4_split1.0/model_last.pth
2026-06-14 11:33:44,127 [INFO] Epoch 6 | Train Loss: 0.6719 | Val Loss: 0.0000 | Acc: 0.4595 | F1: 0.6296 | P: 0.4595 | R: 1.0000
2026-06-14 11:33:44,325 [INFO] Saved confusion matrix and qualitative samples to Results/exp-A_videomae_subj4_split1.0_2026-06-14_11-16-21
2026-06-14 11:34:37,462 [INFO] Saved last model to Data/models/exp-A_videomae_subj4_split1.0/model_last.pth
2026-06-14 11:35:05,123 [INFO] Saved new best model to Data/models/exp-A_videomae_subj4_split1.0/model_best.pth
2026-06-14 11:37:19,537 [INFO] Epoch 7 | Train Loss: 0.5887 | Val Loss: 0.0000 | Acc: 0.4595 | F1: 0.6296 | P: 0.4595 | R: 1.0000
2026-06-14 11:37:19,732 [INFO] Saved confusion matrix and qualitative samples to Results/exp-A_videomae_subj4_split1.0_2026-06-14_11-16-21
2026-06-14 11:37:47,318 [INFO] Saved last model to Data/models/exp-A_videomae_subj4_split1.0/model_last.pth
2026-06-14 11:38:00,424 [INFO] Saved new best model to Data/models/exp-A_videomae_subj4_split1.0/model_best.pth
2026-06-14 11:40:15,628 [INFO] Epoch 8 | Train Loss: 0.5284 | Val Loss: 0.0000 | Acc: 0.3784 | F1: 0.4390 | P: 0.3750 | R: 0.5294
2026-06-14 11:40:19,132 [INFO] Saved last model to Data/models/exp-A_videomae_subj4_split1.0/model_last.pth
2026-06-14 11:42:40,544 [INFO] Epoch 9 | Train Loss: 0.5716 | Val Loss: 0.0000 | Acc: 0.4595 | F1: 0.6296 | P: 0.4595 | R: 1.0000
2026-06-14 11:42:40,740 [INFO] Saved confusion matrix and qualitative samples to Results/exp-A_videomae_subj4_split1.0_2026-06-14_11-16-21
2026-06-14 11:42:44,166 [INFO] Saved last model to Data/models/exp-A_videomae_subj4_split1.0/model_last.pth
2026-06-14 11:43:11,873 [INFO] Saved new best model to Data/models/exp-A_videomae_subj4_split1.0/model_best.pth
2026-06-14 11:43:11,874 [INFO] Finished Subj 4 with Best F1: 0.6296
