2026-06-01 22:55:23,368 [INFO] Initialized Experiment Logger for: exp-A_videomae_subj1_split1.0
2026-06-01 22:55:23,368 [INFO] Hyperparameters saved to Results/exp-A_videomae_subj1_split1.0_2026-06-01_22-55-23/hyperparams.json
2026-06-01 22:55:23,368 [INFO] --- Fold for Test Subject 1 ---
2026-06-01 22:55:26,149 [INFO] Loaded pretrained weights from Data/models/exp-A-rgb-baseline_videomae/model_last.pth
2026-06-01 22:55:26,375 [INFO] Freezing backbone for 5 epochs.
2026-06-01 22:57:41,028 [INFO] Epoch 0 | Train Loss: 0.7589 | Val Loss: 0.0000 | Acc: 0.5000 | F1: 0.6667 | P: 0.5000 | R: 1.0000
2026-06-01 22:57:41,232 [INFO] Saved confusion matrix and qualitative samples to Results/exp-A_videomae_subj1_split1.0_2026-06-01_22-55-23
2026-06-01 22:57:52,878 [INFO] Saved last model to Data/models/exp-A_videomae_subj1_split1.0/model_last.pth
2026-06-01 22:58:33,270 [INFO] Saved new best model to Data/models/exp-A_videomae_subj1_split1.0/model_best.pth
2026-06-01 23:00:46,173 [INFO] Epoch 1 | Train Loss: 0.7130 | Val Loss: 0.0000 | Acc: 0.5000 | F1: 0.0000 | P: 0.0000 | R: 0.0000
2026-06-01 23:00:47,486 [INFO] Saved last model to Data/models/exp-A_videomae_subj1_split1.0/model_last.pth
2026-06-01 23:03:04,965 [INFO] Epoch 2 | Train Loss: 0.6967 | Val Loss: 0.0000 | Acc: 0.5000 | F1: 0.0000 | P: 0.0000 | R: 0.0000
2026-06-01 23:03:19,923 [INFO] Saved last model to Data/models/exp-A_videomae_subj1_split1.0/model_last.pth
2026-06-01 23:05:34,146 [INFO] Epoch 3 | Train Loss: 0.6935 | Val Loss: 0.0000 | Acc: 0.5000 | F1: 0.0000 | P: 0.0000 | R: 0.0000
2026-06-01 23:05:35,511 [INFO] Saved last model to Data/models/exp-A_videomae_subj1_split1.0/model_last.pth
2026-06-01 23:07:48,197 [INFO] Epoch 4 | Train Loss: 0.6964 | Val Loss: 0.0000 | Acc: 0.5000 | F1: 0.0000 | P: 0.0000 | R: 0.0000
2026-06-01 23:07:49,504 [INFO] Saved last model to Data/models/exp-A_videomae_subj1_split1.0/model_last.pth
2026-06-01 23:07:49,504 [INFO] Unfreezing backbone for end-to-end training.
2026-06-01 23:10:05,816 [INFO] Epoch 5 | Train Loss: 0.7016 | Val Loss: 0.0000 | Acc: 0.5000 | F1: 0.0000 | P: 0.0000 | R: 0.0000
2026-06-01 23:10:33,713 [INFO] Saved last model to Data/models/exp-A_videomae_subj1_split1.0/model_last.pth
2026-06-01 23:12:54,834 [INFO] Epoch 6 | Train Loss: 0.6808 | Val Loss: 0.0000 | Acc: 0.5000 | F1: 0.0000 | P: 0.0000 | R: 0.0000
2026-06-01 23:13:47,843 [INFO] Saved last model to Data/models/exp-A_videomae_subj1_split1.0/model_last.pth
2026-06-01 23:16:08,740 [INFO] Epoch 7 | Train Loss: 0.6722 | Val Loss: 0.0000 | Acc: 0.5312 | F1: 0.1176 | P: 1.0000 | R: 0.0625
2026-06-01 23:16:37,275 [INFO] Saved last model to Data/models/exp-A_videomae_subj1_split1.0/model_last.pth
2026-06-01 23:18:59,258 [INFO] Epoch 8 | Train Loss: 0.6673 | Val Loss: 0.0000 | Acc: 0.5312 | F1: 0.1176 | P: 1.0000 | R: 0.0625
2026-06-01 23:19:52,134 [INFO] Saved last model to Data/models/exp-A_videomae_subj1_split1.0/model_last.pth
2026-06-01 23:22:14,350 [INFO] Epoch 9 | Train Loss: 0.6661 | Val Loss: 0.0000 | Acc: 0.5312 | F1: 0.1176 | P: 1.0000 | R: 0.0625
2026-06-01 23:23:07,795 [INFO] Saved last model to Data/models/exp-A_videomae_subj1_split1.0/model_last.pth
2026-06-01 23:25:30,765 [INFO] Epoch 10 | Train Loss: 0.6569 | Val Loss: 0.0000 | Acc: 0.5312 | F1: 0.1176 | P: 1.0000 | R: 0.0625
2026-06-01 23:25:58,818 [INFO] Saved last model to Data/models/exp-A_videomae_subj1_split1.0/model_last.pth
2026-06-01 23:28:21,621 [INFO] Epoch 11 | Train Loss: 0.6435 | Val Loss: 0.0000 | Acc: 0.5312 | F1: 0.1176 | P: 1.0000 | R: 0.0625
2026-06-01 23:28:49,846 [INFO] Saved last model to Data/models/exp-A_videomae_subj1_split1.0/model_last.pth
2026-06-01 23:31:08,986 [INFO] Epoch 12 | Train Loss: 0.6350 | Val Loss: 0.0000 | Acc: 0.5312 | F1: 0.1176 | P: 1.0000 | R: 0.0625
2026-06-01 23:31:18,699 [INFO] Saved last model to Data/models/exp-A_videomae_subj1_split1.0/model_last.pth
2026-06-01 23:33:37,780 [INFO] Epoch 13 | Train Loss: 0.6227 | Val Loss: 0.0000 | Acc: 0.5312 | F1: 0.1176 | P: 1.0000 | R: 0.0625
2026-06-01 23:33:41,408 [INFO] Saved last model to Data/models/exp-A_videomae_subj1_split1.0/model_last.pth
2026-06-01 23:36:15,227 [INFO] Epoch 14 | Train Loss: 0.6037 | Val Loss: 0.0000 | Acc: 0.5625 | F1: 0.2222 | P: 1.0000 | R: 0.1250
2026-06-01 23:36:18,911 [INFO] Saved last model to Data/models/exp-A_videomae_subj1_split1.0/model_last.pth
2026-06-01 23:38:41,437 [INFO] Epoch 15 | Train Loss: 0.5949 | Val Loss: 0.0000 | Acc: 0.5625 | F1: 0.2222 | P: 1.0000 | R: 0.1250
2026-06-01 23:39:34,922 [INFO] Saved last model to Data/models/exp-A_videomae_subj1_split1.0/model_last.pth
2026-06-01 23:41:59,353 [INFO] Epoch 16 | Train Loss: 0.5832 | Val Loss: 0.0000 | Acc: 0.5625 | F1: 0.2222 | P: 1.0000 | R: 0.1250
2026-06-01 23:42:53,176 [INFO] Saved last model to Data/models/exp-A_videomae_subj1_split1.0/model_last.pth
2026-06-01 23:45:12,395 [INFO] Epoch 17 | Train Loss: 0.5667 | Val Loss: 0.0000 | Acc: 0.5625 | F1: 0.2222 | P: 1.0000 | R: 0.1250
2026-06-01 23:46:05,554 [INFO] Saved last model to Data/models/exp-A_videomae_subj1_split1.0/model_last.pth
2026-06-01 23:48:29,757 [INFO] Epoch 18 | Train Loss: 0.5368 | Val Loss: 0.0000 | Acc: 0.5625 | F1: 0.2222 | P: 1.0000 | R: 0.1250
2026-06-01 23:48:57,709 [INFO] Saved last model to Data/models/exp-A_videomae_subj1_split1.0/model_last.pth
2026-06-01 23:51:23,601 [INFO] Epoch 19 | Train Loss: 0.5187 | Val Loss: 0.0000 | Acc: 0.5625 | F1: 0.2222 | P: 1.0000 | R: 0.1250
2026-06-01 23:52:16,723 [INFO] Saved last model to Data/models/exp-A_videomae_subj1_split1.0/model_last.pth
2026-06-01 23:52:16,723 [INFO] Finished Subj 1 with Best F1: 0.6667
2026-06-01 23:52:16,723 [INFO] Initialized Experiment Logger for: exp-A_videomae_subj2_split1.0
2026-06-01 23:52:16,724 [INFO] Hyperparameters saved to Results/exp-A_videomae_subj2_split1.0_2026-06-01_23-52-16/hyperparams.json
2026-06-01 23:52:16,724 [INFO] --- Fold for Test Subject 2 ---
2026-06-01 23:52:17,677 [INFO] Loaded pretrained weights from Data/models/exp-A-rgb-baseline_videomae/model_last.pth
2026-06-01 23:52:17,763 [INFO] Freezing backbone for 5 epochs.
2026-06-01 23:54:26,830 [INFO] Epoch 0 | Train Loss: 0.7047 | Val Loss: 0.0000 | Acc: 0.4792 | F1: 0.0000 | P: 0.0000 | R: 0.0000
2026-06-01 23:54:27,147 [INFO] Saved confusion matrix and qualitative samples to Results/exp-A_videomae_subj2_split1.0_2026-06-01_23-52-16
2026-06-01 23:54:28,400 [INFO] Saved last model to Data/models/exp-A_videomae_subj2_split1.0/model_last.pth
2026-06-01 23:54:51,272 [INFO] Saved new best model to Data/models/exp-A_videomae_subj2_split1.0/model_best.pth
2026-06-01 23:56:58,050 [INFO] Epoch 1 | Train Loss: 0.7072 | Val Loss: 0.0000 | Acc: 0.5208 | F1: 0.3030 | P: 0.6250 | R: 0.2000
2026-06-01 23:56:58,245 [INFO] Saved confusion matrix and qualitative samples to Results/exp-A_videomae_subj2_split1.0_2026-06-01_23-52-16
2026-06-01 23:56:59,463 [INFO] Saved last model to Data/models/exp-A_videomae_subj2_split1.0/model_last.pth
2026-06-01 23:57:00,676 [INFO] Saved new best model to Data/models/exp-A_videomae_subj2_split1.0/model_best.pth
2026-06-01 23:59:08,765 [INFO] Epoch 2 | Train Loss: 0.6938 | Val Loss: 0.0000 | Acc: 0.5833 | F1: 0.5833 | P: 0.6087 | R: 0.5600
2026-06-01 23:59:08,961 [INFO] Saved confusion matrix and qualitative samples to Results/exp-A_videomae_subj2_split1.0_2026-06-01_23-52-16
2026-06-01 23:59:26,363 [INFO] Saved last model to Data/models/exp-A_videomae_subj2_split1.0/model_last.pth
2026-06-02 00:00:01,240 [INFO] Saved new best model to Data/models/exp-A_videomae_subj2_split1.0/model_best.pth
2026-06-02 00:02:09,633 [INFO] Epoch 3 | Train Loss: 0.6798 | Val Loss: 0.0000 | Acc: 0.4792 | F1: 0.0000 | P: 0.0000 | R: 0.0000
2026-06-02 00:02:10,988 [INFO] Saved last model to Data/models/exp-A_videomae_subj2_split1.0/model_last.pth
2026-06-02 00:04:20,573 [INFO] Epoch 4 | Train Loss: 0.7053 | Val Loss: 0.0000 | Acc: 0.4792 | F1: 0.0000 | P: 0.0000 | R: 0.0000
2026-06-02 00:04:36,025 [INFO] Saved last model to Data/models/exp-A_videomae_subj2_split1.0/model_last.pth
2026-06-02 00:04:36,026 [INFO] Unfreezing backbone for end-to-end training.
2026-06-02 00:06:42,841 [INFO] Epoch 5 | Train Loss: 0.7013 | Val Loss: 0.0000 | Acc: 0.4792 | F1: 0.0000 | P: 0.0000 | R: 0.0000
2026-06-02 00:06:52,019 [INFO] Saved last model to Data/models/exp-A_videomae_subj2_split1.0/model_last.pth
2026-06-02 00:09:04,725 [INFO] Epoch 6 | Train Loss: 0.7040 | Val Loss: 0.0000 | Acc: 0.4792 | F1: 0.0000 | P: 0.0000 | R: 0.0000
2026-06-02 00:09:08,283 [INFO] Saved last model to Data/models/exp-A_videomae_subj2_split1.0/model_last.pth
2026-06-02 00:11:15,905 [INFO] Epoch 7 | Train Loss: 0.7006 | Val Loss: 0.0000 | Acc: 0.4792 | F1: 0.0000 | P: 0.0000 | R: 0.0000
2026-06-02 00:12:09,360 [INFO] Saved last model to Data/models/exp-A_videomae_subj2_split1.0/model_last.pth
2026-06-02 00:14:16,290 [INFO] Epoch 8 | Train Loss: 0.6876 | Val Loss: 0.0000 | Acc: 0.4792 | F1: 0.0000 | P: 0.0000 | R: 0.0000
2026-06-02 00:14:44,229 [INFO] Saved last model to Data/models/exp-A_videomae_subj2_split1.0/model_last.pth
2026-06-02 00:16:51,484 [INFO] Epoch 9 | Train Loss: 0.6930 | Val Loss: 0.0000 | Acc: 0.4792 | F1: 0.0000 | P: 0.0000 | R: 0.0000
2026-06-02 00:17:44,806 [INFO] Saved last model to Data/models/exp-A_videomae_subj2_split1.0/model_last.pth
2026-06-02 00:19:50,751 [INFO] Epoch 10 | Train Loss: 0.6864 | Val Loss: 0.0000 | Acc: 0.5417 | F1: 0.2143 | P: 1.0000 | R: 0.1200
2026-06-02 00:20:44,075 [INFO] Saved last model to Data/models/exp-A_videomae_subj2_split1.0/model_last.pth
2026-06-02 00:22:51,785 [INFO] Epoch 11 | Train Loss: 0.6776 | Val Loss: 0.0000 | Acc: 0.5208 | F1: 0.1481 | P: 1.0000 | R: 0.0800
2026-06-02 00:23:45,747 [INFO] Saved last model to Data/models/exp-A_videomae_subj2_split1.0/model_last.pth
2026-06-02 00:25:56,216 [INFO] Epoch 12 | Train Loss: 0.6651 | Val Loss: 0.0000 | Acc: 0.4792 | F1: 0.0000 | P: 0.0000 | R: 0.0000
2026-06-02 00:26:24,237 [INFO] Saved last model to Data/models/exp-A_videomae_subj2_split1.0/model_last.pth
2026-06-02 00:28:29,662 [INFO] Epoch 13 | Train Loss: 0.6806 | Val Loss: 0.0000 | Acc: 0.4792 | F1: 0.0000 | P: 0.0000 | R: 0.0000
2026-06-02 00:29:19,591 [INFO] Saved last model to Data/models/exp-A_videomae_subj2_split1.0/model_last.pth
2026-06-02 00:31:25,250 [INFO] Epoch 14 | Train Loss: 0.6742 | Val Loss: 0.0000 | Acc: 0.4792 | F1: 0.0000 | P: 0.0000 | R: 0.0000
2026-06-02 00:32:05,383 [INFO] Saved last model to Data/models/exp-A_videomae_subj2_split1.0/model_last.pth
2026-06-02 00:34:17,441 [INFO] Epoch 15 | Train Loss: 0.6657 | Val Loss: 0.0000 | Acc: 0.4792 | F1: 0.0000 | P: 0.0000 | R: 0.0000
2026-06-02 00:34:42,824 [INFO] Saved last model to Data/models/exp-A_videomae_subj2_split1.0/model_last.pth
2026-06-02 00:36:49,429 [INFO] Epoch 16 | Train Loss: 0.6694 | Val Loss: 0.0000 | Acc: 0.6042 | F1: 0.3871 | P: 1.0000 | R: 0.2400
2026-06-02 00:37:07,624 [INFO] Saved last model to Data/models/exp-A_videomae_subj2_split1.0/model_last.pth
2026-06-02 00:39:12,204 [INFO] Epoch 17 | Train Loss: 0.6663 | Val Loss: 0.0000 | Acc: 0.6042 | F1: 0.3871 | P: 1.0000 | R: 0.2400
2026-06-02 00:39:17,159 [INFO] Saved last model to Data/models/exp-A_videomae_subj2_split1.0/model_last.pth
2026-06-02 00:41:24,095 [INFO] Epoch 18 | Train Loss: 0.6741 | Val Loss: 0.0000 | Acc: 0.6042 | F1: 0.3871 | P: 1.0000 | R: 0.2400
2026-06-02 00:41:27,710 [INFO] Saved last model to Data/models/exp-A_videomae_subj2_split1.0/model_last.pth
2026-06-02 00:43:35,350 [INFO] Epoch 19 | Train Loss: 0.6581 | Val Loss: 0.0000 | Acc: 0.6042 | F1: 0.3871 | P: 1.0000 | R: 0.2400
2026-06-02 00:44:03,216 [INFO] Saved last model to Data/models/exp-A_videomae_subj2_split1.0/model_last.pth
2026-06-02 00:44:03,217 [INFO] Finished Subj 2 with Best F1: 0.5833
2026-06-02 00:44:03,217 [INFO] Initialized Experiment Logger for: exp-A_videomae_subj3_split1.0
2026-06-02 00:44:03,217 [INFO] Hyperparameters saved to Results/exp-A_videomae_subj3_split1.0_2026-06-02_00-44-03/hyperparams.json
2026-06-02 00:44:03,217 [INFO] --- Fold for Test Subject 3 ---
2026-06-02 00:44:04,074 [INFO] Loaded pretrained weights from Data/models/exp-A-rgb-baseline_videomae/model_last.pth
2026-06-02 00:44:04,156 [INFO] Freezing backbone for 5 epochs.
2026-06-02 00:46:16,845 [INFO] Epoch 0 | Train Loss: 0.6963 | Val Loss: 0.0000 | Acc: 0.4651 | F1: 0.4390 | P: 0.4500 | R: 0.4286
2026-06-02 00:46:17,033 [INFO] Saved confusion matrix and qualitative samples to Results/exp-A_videomae_subj3_split1.0_2026-06-02_00-44-03
2026-06-02 00:46:34,968 [INFO] Saved last model to Data/models/exp-A_videomae_subj3_split1.0/model_last.pth
2026-06-02 00:47:09,139 [INFO] Saved new best model to Data/models/exp-A_videomae_subj3_split1.0/model_best.pth
2026-06-02 00:49:25,416 [INFO] Epoch 1 | Train Loss: 0.7031 | Val Loss: 0.0000 | Acc: 0.4884 | F1: 0.6562 | P: 0.4884 | R: 1.0000
2026-06-02 00:49:25,616 [INFO] Saved confusion matrix and qualitative samples to Results/exp-A_videomae_subj3_split1.0_2026-06-02_00-44-03
2026-06-02 00:49:26,836 [INFO] Saved last model to Data/models/exp-A_videomae_subj3_split1.0/model_last.pth
2026-06-02 00:49:44,512 [INFO] Saved new best model to Data/models/exp-A_videomae_subj3_split1.0/model_best.pth
2026-06-02 00:51:57,075 [INFO] Epoch 2 | Train Loss: 0.6968 | Val Loss: 0.0000 | Acc: 0.6279 | F1: 0.7241 | P: 0.5676 | R: 1.0000
2026-06-02 00:51:57,279 [INFO] Saved confusion matrix and qualitative samples to Results/exp-A_videomae_subj3_split1.0_2026-06-02_00-44-03
2026-06-02 00:51:58,495 [INFO] Saved last model to Data/models/exp-A_videomae_subj3_split1.0/model_last.pth
2026-06-02 00:51:59,764 [INFO] Saved new best model to Data/models/exp-A_videomae_subj3_split1.0/model_best.pth
2026-06-02 00:54:10,510 [INFO] Epoch 3 | Train Loss: 0.6910 | Val Loss: 0.0000 | Acc: 0.5116 | F1: 0.6667 | P: 0.5000 | R: 1.0000
2026-06-02 00:54:25,915 [INFO] Saved last model to Data/models/exp-A_videomae_subj3_split1.0/model_last.pth
2026-06-02 00:56:37,072 [INFO] Epoch 4 | Train Loss: 0.6911 | Val Loss: 0.0000 | Acc: 0.6512 | F1: 0.7368 | P: 0.5833 | R: 1.0000
2026-06-02 00:56:37,280 [INFO] Saved confusion matrix and qualitative samples to Results/exp-A_videomae_subj3_split1.0_2026-06-02_00-44-03
2026-06-02 00:56:38,522 [INFO] Saved last model to Data/models/exp-A_videomae_subj3_split1.0/model_last.pth
2026-06-02 00:56:39,725 [INFO] Saved new best model to Data/models/exp-A_videomae_subj3_split1.0/model_best.pth
2026-06-02 00:56:39,726 [INFO] Unfreezing backbone for end-to-end training.
2026-06-02 00:58:54,182 [INFO] Epoch 5 | Train Loss: 0.6800 | Val Loss: 0.0000 | Acc: 0.5814 | F1: 0.6538 | P: 0.5484 | R: 0.8095
2026-06-02 00:59:46,829 [INFO] Saved last model to Data/models/exp-A_videomae_subj3_split1.0/model_last.pth
2026-06-02 01:01:58,496 [INFO] Epoch 6 | Train Loss: 0.6844 | Val Loss: 0.0000 | Acc: 0.5814 | F1: 0.6250 | P: 0.5556 | R: 0.7143
2026-06-02 01:02:51,233 [INFO] Saved last model to Data/models/exp-A_videomae_subj3_split1.0/model_last.pth
2026-06-02 01:05:04,228 [INFO] Epoch 7 | Train Loss: 0.6863 | Val Loss: 0.0000 | Acc: 0.6744 | F1: 0.7500 | P: 0.6000 | R: 1.0000
2026-06-02 01:05:04,444 [INFO] Saved confusion matrix and qualitative samples to Results/exp-A_videomae_subj3_split1.0_2026-06-02_00-44-03
2026-06-02 01:05:57,012 [INFO] Saved last model to Data/models/exp-A_videomae_subj3_split1.0/model_last.pth
2026-06-02 01:06:49,707 [INFO] Saved new best model to Data/models/exp-A_videomae_subj3_split1.0/model_best.pth
2026-06-02 01:09:05,217 [INFO] Epoch 8 | Train Loss: 0.6687 | Val Loss: 0.0000 | Acc: 0.6744 | F1: 0.7500 | P: 0.6000 | R: 1.0000
2026-06-02 01:09:05,418 [INFO] Saved confusion matrix and qualitative samples to Results/exp-A_videomae_subj3_split1.0_2026-06-02_00-44-03
2026-06-02 01:09:59,268 [INFO] Saved last model to Data/models/exp-A_videomae_subj3_split1.0/model_last.pth
2026-06-02 01:10:52,055 [INFO] Saved new best model to Data/models/exp-A_videomae_subj3_split1.0/model_best.pth
2026-06-02 01:13:04,583 [INFO] Epoch 9 | Train Loss: 0.6574 | Val Loss: 0.0000 | Acc: 0.7209 | F1: 0.7778 | P: 0.6364 | R: 1.0000
2026-06-02 01:13:04,783 [INFO] Saved confusion matrix and qualitative samples to Results/exp-A_videomae_subj3_split1.0_2026-06-02_00-44-03
2026-06-02 01:13:32,662 [INFO] Saved last model to Data/models/exp-A_videomae_subj3_split1.0/model_last.pth
2026-06-02 01:13:55,237 [INFO] Saved new best model to Data/models/exp-A_videomae_subj3_split1.0/model_best.pth
2026-06-02 01:16:09,029 [INFO] Epoch 10 | Train Loss: 0.6574 | Val Loss: 0.0000 | Acc: 0.7209 | F1: 0.7778 | P: 0.6364 | R: 1.0000
2026-06-02 01:16:09,223 [INFO] Saved confusion matrix and qualitative samples to Results/exp-A_videomae_subj3_split1.0_2026-06-02_00-44-03
2026-06-02 01:16:25,289 [INFO] Saved last model to Data/models/exp-A_videomae_subj3_split1.0/model_last.pth
2026-06-02 01:16:40,390 [INFO] Saved new best model to Data/models/exp-A_videomae_subj3_split1.0/model_best.pth
2026-06-02 01:18:53,089 [INFO] Epoch 11 | Train Loss: 0.6678 | Val Loss: 0.0000 | Acc: 0.6279 | F1: 0.7241 | P: 0.5676 | R: 1.0000
2026-06-02 01:19:08,807 [INFO] Saved last model to Data/models/exp-A_videomae_subj3_split1.0/model_last.pth
2026-06-02 01:21:18,680 [INFO] Epoch 12 | Train Loss: 0.6553 | Val Loss: 0.0000 | Acc: 0.7442 | F1: 0.7925 | P: 0.6562 | R: 1.0000
2026-06-02 01:21:18,884 [INFO] Saved confusion matrix and qualitative samples to Results/exp-A_videomae_subj3_split1.0_2026-06-02_00-44-03
2026-06-02 01:21:46,900 [INFO] Saved last model to Data/models/exp-A_videomae_subj3_split1.0/model_last.pth
2026-06-02 01:22:39,943 [INFO] Saved new best model to Data/models/exp-A_videomae_subj3_split1.0/model_best.pth
2026-06-02 01:24:55,900 [INFO] Epoch 13 | Train Loss: 0.6405 | Val Loss: 0.0000 | Acc: 0.7209 | F1: 0.7778 | P: 0.6364 | R: 1.0000
2026-06-02 01:25:23,906 [INFO] Saved last model to Data/models/exp-A_videomae_subj3_split1.0/model_last.pth
2026-06-02 01:27:34,880 [INFO] Epoch 14 | Train Loss: 0.6459 | Val Loss: 0.0000 | Acc: 0.6512 | F1: 0.7368 | P: 0.5833 | R: 1.0000
2026-06-02 01:28:27,955 [INFO] Saved last model to Data/models/exp-A_videomae_subj3_split1.0/model_last.pth
2026-06-02 01:30:37,502 [INFO] Epoch 15 | Train Loss: 0.6363 | Val Loss: 0.0000 | Acc: 0.5814 | F1: 0.7000 | P: 0.5385 | R: 1.0000
2026-06-02 01:31:05,988 [INFO] Saved last model to Data/models/exp-A_videomae_subj3_split1.0/model_last.pth
2026-06-02 01:33:16,347 [INFO] Epoch 16 | Train Loss: 0.6102 | Val Loss: 0.0000 | Acc: 0.6279 | F1: 0.7143 | P: 0.5714 | R: 0.9524
2026-06-02 01:34:09,174 [INFO] Saved last model to Data/models/exp-A_videomae_subj3_split1.0/model_last.pth
2026-06-02 01:36:19,537 [INFO] Epoch 17 | Train Loss: 0.6067 | Val Loss: 0.0000 | Acc: 0.6279 | F1: 0.7143 | P: 0.5714 | R: 0.9524
2026-06-02 01:37:06,841 [INFO] Saved last model to Data/models/exp-A_videomae_subj3_split1.0/model_last.pth
2026-06-02 01:39:17,807 [INFO] Epoch 18 | Train Loss: 0.5961 | Val Loss: 0.0000 | Acc: 0.6279 | F1: 0.7241 | P: 0.5676 | R: 1.0000
2026-06-02 01:39:48,350 [INFO] Saved last model to Data/models/exp-A_videomae_subj3_split1.0/model_last.pth
2026-06-02 01:42:01,299 [INFO] Epoch 19 | Train Loss: 0.5698 | Val Loss: 0.0000 | Acc: 0.6047 | F1: 0.7018 | P: 0.5556 | R: 0.9524
2026-06-02 01:42:22,522 [INFO] Saved last model to Data/models/exp-A_videomae_subj3_split1.0/model_last.pth
2026-06-02 01:42:22,522 [INFO] Finished Subj 3 with Best F1: 0.7925
2026-06-02 01:42:22,523 [INFO] Initialized Experiment Logger for: exp-A_videomae_subj4_split1.0
2026-06-02 01:42:22,523 [INFO] Hyperparameters saved to Results/exp-A_videomae_subj4_split1.0_2026-06-02_01-42-22/hyperparams.json
2026-06-02 01:42:22,523 [INFO] --- Fold for Test Subject 4 ---
2026-06-02 01:42:27,157 [INFO] Loaded pretrained weights from Data/models/exp-A-rgb-baseline_videomae/model_last.pth
2026-06-02 01:42:27,238 [INFO] Freezing backbone for 5 epochs.
2026-06-02 01:44:40,716 [INFO] Epoch 0 | Train Loss: 0.7083 | Val Loss: 0.0000 | Acc: 0.5135 | F1: 0.6250 | P: 0.4839 | R: 0.8824
2026-06-02 01:44:40,905 [INFO] Saved confusion matrix and qualitative samples to Results/exp-A_videomae_subj4_split1.0_2026-06-02_01-42-22
2026-06-02 01:44:42,042 [INFO] Saved last model to Data/models/exp-A_videomae_subj4_split1.0/model_last.pth
2026-06-02 01:44:43,239 [INFO] Saved new best model to Data/models/exp-A_videomae_subj4_split1.0/model_best.pth
2026-06-02 01:46:57,941 [INFO] Epoch 1 | Train Loss: 0.7000 | Val Loss: 0.0000 | Acc: 0.5946 | F1: 0.6512 | P: 0.5385 | R: 0.8235
2026-06-02 01:46:58,136 [INFO] Saved confusion matrix and qualitative samples to Results/exp-A_videomae_subj4_split1.0_2026-06-02_01-42-22
2026-06-02 01:47:16,452 [INFO] Saved last model to Data/models/exp-A_videomae_subj4_split1.0/model_last.pth
2026-06-02 01:47:50,184 [INFO] Saved new best model to Data/models/exp-A_videomae_subj4_split1.0/model_best.pth
2026-06-02 01:50:03,408 [INFO] Epoch 2 | Train Loss: 0.6938 | Val Loss: 0.0000 | Acc: 0.5676 | F1: 0.6364 | P: 0.5185 | R: 0.8235
2026-06-02 01:50:04,747 [INFO] Saved last model to Data/models/exp-A_videomae_subj4_split1.0/model_last.pth
2026-06-02 01:52:18,140 [INFO] Epoch 3 | Train Loss: 0.6895 | Val Loss: 0.0000 | Acc: 0.4595 | F1: 0.6000 | P: 0.4545 | R: 0.8824
2026-06-02 01:52:31,097 [INFO] Saved last model to Data/models/exp-A_videomae_subj4_split1.0/model_last.pth
2026-06-02 01:54:47,471 [INFO] Epoch 4 | Train Loss: 0.6977 | Val Loss: 0.0000 | Acc: 0.5405 | F1: 0.5641 | P: 0.5000 | R: 0.6471
2026-06-02 01:54:48,799 [INFO] Saved last model to Data/models/exp-A_videomae_subj4_split1.0/model_last.pth
2026-06-02 01:54:48,799 [INFO] Unfreezing backbone for end-to-end training.
2026-06-02 01:57:00,909 [INFO] Epoch 5 | Train Loss: 0.7050 | Val Loss: 0.0000 | Acc: 0.5676 | F1: 0.5000 | P: 0.5333 | R: 0.4706
2026-06-02 01:57:53,845 [INFO] Saved last model to Data/models/exp-A_videomae_subj4_split1.0/model_last.pth
2026-06-02 02:00:06,051 [INFO] Epoch 6 | Train Loss: 0.6767 | Val Loss: 0.0000 | Acc: 0.5135 | F1: 0.6087 | P: 0.4828 | R: 0.8235
2026-06-02 02:00:44,628 [INFO] Saved last model to Data/models/exp-A_videomae_subj4_split1.0/model_last.pth
2026-06-02 02:02:56,578 [INFO] Epoch 7 | Train Loss: 0.6810 | Val Loss: 0.0000 | Acc: 0.4595 | F1: 0.5833 | P: 0.4516 | R: 0.8235
2026-06-02 02:03:25,101 [INFO] Saved last model to Data/models/exp-A_videomae_subj4_split1.0/model_last.pth
2026-06-02 02:05:39,078 [INFO] Epoch 8 | Train Loss: 0.6784 | Val Loss: 0.0000 | Acc: 0.4324 | F1: 0.5882 | P: 0.4412 | R: 0.8824
2026-06-02 02:05:55,506 [INFO] Saved last model to Data/models/exp-A_videomae_subj4_split1.0/model_last.pth
2026-06-02 02:08:07,307 [INFO] Epoch 9 | Train Loss: 0.6698 | Val Loss: 0.0000 | Acc: 0.4324 | F1: 0.5882 | P: 0.4412 | R: 0.8824
2026-06-02 02:08:10,825 [INFO] Saved last model to Data/models/exp-A_videomae_subj4_split1.0/model_last.pth
2026-06-02 02:10:23,319 [INFO] Epoch 10 | Train Loss: 0.6642 | Val Loss: 0.0000 | Acc: 0.4595 | F1: 0.6154 | P: 0.4571 | R: 0.9412
2026-06-02 02:10:26,875 [INFO] Saved last model to Data/models/exp-A_videomae_subj4_split1.0/model_last.pth
2026-06-02 02:12:43,527 [INFO] Epoch 11 | Train Loss: 0.6522 | Val Loss: 0.0000 | Acc: 0.4595 | F1: 0.6154 | P: 0.4571 | R: 0.9412
2026-06-02 02:13:37,896 [INFO] Saved last model to Data/models/exp-A_videomae_subj4_split1.0/model_last.pth
2026-06-02 02:15:49,352 [INFO] Epoch 12 | Train Loss: 0.6331 | Val Loss: 0.0000 | Acc: 0.4595 | F1: 0.6154 | P: 0.4571 | R: 0.9412
2026-06-02 02:16:17,389 [INFO] Saved last model to Data/models/exp-A_videomae_subj4_split1.0/model_last.pth
2026-06-02 02:18:32,019 [INFO] Epoch 13 | Train Loss: 0.6251 | Val Loss: 0.0000 | Acc: 0.4324 | F1: 0.6038 | P: 0.4444 | R: 0.9412
2026-06-02 02:19:25,204 [INFO] Saved last model to Data/models/exp-A_videomae_subj4_split1.0/model_last.pth
2026-06-02 02:21:37,555 [INFO] Epoch 14 | Train Loss: 0.6105 | Val Loss: 0.0000 | Acc: 0.4595 | F1: 0.6154 | P: 0.4571 | R: 0.9412
2026-06-02 02:22:05,466 [INFO] Saved last model to Data/models/exp-A_videomae_subj4_split1.0/model_last.pth
2026-06-02 02:24:21,994 [INFO] Epoch 15 | Train Loss: 0.6013 | Val Loss: 0.0000 | Acc: 0.4595 | F1: 0.6154 | P: 0.4571 | R: 0.9412
2026-06-02 02:25:15,114 [INFO] Saved last model to Data/models/exp-A_videomae_subj4_split1.0/model_last.pth
2026-06-02 02:27:31,068 [INFO] Epoch 16 | Train Loss: 0.5815 | Val Loss: 0.0000 | Acc: 0.4595 | F1: 0.6154 | P: 0.4571 | R: 0.9412
2026-06-02 02:28:24,298 [INFO] Saved last model to Data/models/exp-A_videomae_subj4_split1.0/model_last.pth
2026-06-02 02:30:38,657 [INFO] Epoch 17 | Train Loss: 0.5711 | Val Loss: 0.0000 | Acc: 0.4324 | F1: 0.5882 | P: 0.4412 | R: 0.8824
2026-06-02 02:31:07,197 [INFO] Saved last model to Data/models/exp-A_videomae_subj4_split1.0/model_last.pth
2026-06-02 02:33:20,807 [INFO] Epoch 18 | Train Loss: 0.5492 | Val Loss: 0.0000 | Acc: 0.4324 | F1: 0.6038 | P: 0.4444 | R: 0.9412
2026-06-02 02:33:57,734 [INFO] Saved last model to Data/models/exp-A_videomae_subj4_split1.0/model_last.pth
2026-06-02 02:36:12,687 [INFO] Epoch 19 | Train Loss: 0.5089 | Val Loss: 0.0000 | Acc: 0.4595 | F1: 0.6154 | P: 0.4571 | R: 0.9412
2026-06-02 02:36:37,582 [INFO] Saved last model to Data/models/exp-A_videomae_subj4_split1.0/model_last.pth
2026-06-02 02:36:37,582 [INFO] Finished Subj 4 with Best F1: 0.6512
