2026-05-31 19:40:40,598 [INFO] Initialized Experiment Logger for: exp-A_videomae_subj1_split1.0
2026-05-31 19:40:40,598 [INFO] Hyperparameters saved to Results/exp-A_videomae_subj1_split1.0_2026-05-31_19-40-40/hyperparams.json
2026-05-31 19:40:40,598 [INFO] --- Fold for Test Subject 1 ---
2026-05-31 19:40:41,536 [INFO] Loaded pretrained weights from Data/models/exp-A-rgb-baseline_videomae/model_last.pth
2026-05-31 19:40:41,762 [INFO] Freezing backbone for 5 epochs.
2026-05-31 19:42:54,538 [INFO] Epoch 0 | Train Loss: 0.6940 | Val Loss: 0.0000 | Acc: 0.5000 | F1: 0.0000 | P: 0.0000 | R: 0.0000
2026-05-31 19:42:54,767 [INFO] Saved confusion matrix and qualitative samples to Results/exp-A_videomae_subj1_split1.0_2026-05-31_19-40-40
2026-05-31 19:42:55,021 [INFO] Saved last model to Data/models/exp-A_videomae_subj1_split1.0/model_last.pth
2026-05-31 19:42:55,272 [INFO] Saved new best model to Data/models/exp-A_videomae_subj1_split1.0/model_best.pth
2026-05-31 19:45:14,367 [INFO] Epoch 1 | Train Loss: 0.6970 | Val Loss: 0.0000 | Acc: 0.5000 | F1: 0.6667 | P: 0.5000 | R: 1.0000
2026-05-31 19:45:14,561 [INFO] Saved confusion matrix and qualitative samples to Results/exp-A_videomae_subj1_split1.0_2026-05-31_19-40-40
2026-05-31 19:45:15,769 [INFO] Saved last model to Data/models/exp-A_videomae_subj1_split1.0/model_last.pth
2026-05-31 19:45:22,749 [INFO] Saved new best model to Data/models/exp-A_videomae_subj1_split1.0/model_best.pth
2026-05-31 19:47:39,209 [INFO] Epoch 2 | Train Loss: 0.6848 | Val Loss: 0.0000 | Acc: 0.5000 | F1: 0.0000 | P: 0.0000 | R: 0.0000
2026-05-31 19:47:40,551 [INFO] Saved last model to Data/models/exp-A_videomae_subj1_split1.0/model_last.pth
2026-05-31 19:49:58,850 [INFO] Epoch 3 | Train Loss: 0.6893 | Val Loss: 0.0000 | Acc: 0.5000 | F1: 0.0000 | P: 0.0000 | R: 0.0000
2026-05-31 19:50:00,149 [INFO] Saved last model to Data/models/exp-A_videomae_subj1_split1.0/model_last.pth
2026-05-31 19:52:15,551 [INFO] Epoch 4 | Train Loss: 0.6934 | Val Loss: 0.0000 | Acc: 0.5000 | F1: 0.0000 | P: 0.0000 | R: 0.0000
2026-05-31 19:52:22,262 [INFO] Saved last model to Data/models/exp-A_videomae_subj1_split1.0/model_last.pth
2026-05-31 19:52:22,262 [INFO] Unfreezing backbone for end-to-end training.
2026-05-31 19:54:36,054 [INFO] Epoch 5 | Train Loss: 0.6754 | Val Loss: 0.0000 | Acc: 0.5312 | F1: 0.1176 | P: 1.0000 | R: 0.0625
2026-05-31 19:54:39,551 [INFO] Saved last model to Data/models/exp-A_videomae_subj1_split1.0/model_last.pth
2026-05-31 19:56:58,197 [INFO] Epoch 6 | Train Loss: 0.6827 | Val Loss: 0.0000 | Acc: 0.5312 | F1: 0.1176 | P: 1.0000 | R: 0.0625
2026-05-31 19:57:01,685 [INFO] Saved last model to Data/models/exp-A_videomae_subj1_split1.0/model_last.pth
2026-05-31 19:59:20,268 [INFO] Epoch 7 | Train Loss: 0.6663 | Val Loss: 0.0000 | Acc: 0.5312 | F1: 0.1176 | P: 1.0000 | R: 0.0625
2026-05-31 19:59:48,330 [INFO] Saved last model to Data/models/exp-A_videomae_subj1_split1.0/model_last.pth
2026-05-31 20:02:07,647 [INFO] Epoch 8 | Train Loss: 0.6769 | Val Loss: 0.0000 | Acc: 0.5312 | F1: 0.1176 | P: 1.0000 | R: 0.0625
2026-05-31 20:02:35,525 [INFO] Saved last model to Data/models/exp-A_videomae_subj1_split1.0/model_last.pth
2026-05-31 20:04:56,217 [INFO] Epoch 9 | Train Loss: 0.6678 | Val Loss: 0.0000 | Acc: 0.5312 | F1: 0.1176 | P: 1.0000 | R: 0.0625
2026-05-31 20:05:50,511 [INFO] Saved last model to Data/models/exp-A_videomae_subj1_split1.0/model_last.pth
2026-05-31 20:08:17,477 [INFO] Epoch 10 | Train Loss: 0.6535 | Val Loss: 0.0000 | Acc: 0.5625 | F1: 0.2222 | P: 1.0000 | R: 0.1250
2026-05-31 20:08:45,396 [INFO] Saved last model to Data/models/exp-A_videomae_subj1_split1.0/model_last.pth
2026-05-31 20:11:16,593 [INFO] Epoch 11 | Train Loss: 0.6529 | Val Loss: 0.0000 | Acc: 0.5625 | F1: 0.2222 | P: 1.0000 | R: 0.1250
2026-05-31 20:11:44,671 [INFO] Saved last model to Data/models/exp-A_videomae_subj1_split1.0/model_last.pth
2026-05-31 20:14:06,072 [INFO] Epoch 12 | Train Loss: 0.6335 | Val Loss: 0.0000 | Acc: 0.5312 | F1: 0.1176 | P: 1.0000 | R: 0.0625
2026-05-31 20:14:34,083 [INFO] Saved last model to Data/models/exp-A_videomae_subj1_split1.0/model_last.pth
2026-05-31 20:17:01,370 [INFO] Epoch 13 | Train Loss: 0.6344 | Val Loss: 0.0000 | Acc: 0.5625 | F1: 0.2222 | P: 1.0000 | R: 0.1250
2026-05-31 20:17:29,243 [INFO] Saved last model to Data/models/exp-A_videomae_subj1_split1.0/model_last.pth
2026-05-31 20:20:03,139 [INFO] Epoch 14 | Train Loss: 0.6260 | Val Loss: 0.0000 | Acc: 0.5625 | F1: 0.2222 | P: 1.0000 | R: 0.1250
2026-05-31 20:20:45,411 [INFO] Saved last model to Data/models/exp-A_videomae_subj1_split1.0/model_last.pth
2026-05-31 20:23:13,907 [INFO] Epoch 15 | Train Loss: 0.6041 | Val Loss: 0.0000 | Acc: 0.5625 | F1: 0.2222 | P: 1.0000 | R: 0.1250
2026-05-31 20:23:38,049 [INFO] Saved last model to Data/models/exp-A_videomae_subj1_split1.0/model_last.pth
2026-05-31 20:26:05,070 [INFO] Epoch 16 | Train Loss: 0.5927 | Val Loss: 0.0000 | Acc: 0.5625 | F1: 0.2222 | P: 1.0000 | R: 0.1250
2026-05-31 20:26:18,737 [INFO] Saved last model to Data/models/exp-A_videomae_subj1_split1.0/model_last.pth
2026-05-31 20:28:47,926 [INFO] Epoch 17 | Train Loss: 0.5764 | Val Loss: 0.0000 | Acc: 0.5312 | F1: 0.2105 | P: 0.6667 | R: 0.1250
2026-05-31 20:28:52,918 [INFO] Saved last model to Data/models/exp-A_videomae_subj1_split1.0/model_last.pth
2026-05-31 20:31:20,098 [INFO] Epoch 18 | Train Loss: 0.5671 | Val Loss: 0.0000 | Acc: 0.5625 | F1: 0.2222 | P: 1.0000 | R: 0.1250
2026-05-31 20:31:23,750 [INFO] Saved last model to Data/models/exp-A_videomae_subj1_split1.0/model_last.pth
2026-05-31 20:33:50,873 [INFO] Epoch 19 | Train Loss: 0.5532 | Val Loss: 0.0000 | Acc: 0.5625 | F1: 0.2222 | P: 1.0000 | R: 0.1250
2026-05-31 20:34:18,773 [INFO] Saved last model to Data/models/exp-A_videomae_subj1_split1.0/model_last.pth
2026-05-31 20:34:18,773 [INFO] Finished Subj 1 with Best F1: 0.6667
2026-05-31 20:34:18,774 [INFO] Initialized Experiment Logger for: exp-A_videomae_subj2_split1.0
2026-05-31 20:34:18,776 [INFO] Hyperparameters saved to Results/exp-A_videomae_subj2_split1.0_2026-05-31_20-34-18/hyperparams.json
2026-05-31 20:34:18,776 [INFO] --- Fold for Test Subject 2 ---
2026-05-31 20:34:19,774 [INFO] Loaded pretrained weights from Data/models/exp-A-rgb-baseline_videomae/model_last.pth
2026-05-31 20:34:19,854 [INFO] Freezing backbone for 5 epochs.
2026-05-31 20:36:35,152 [INFO] Epoch 0 | Train Loss: 0.7110 | Val Loss: 0.0000 | Acc: 0.4375 | F1: 0.2286 | P: 0.4000 | R: 0.1600
2026-05-31 20:36:35,480 [INFO] Saved confusion matrix and qualitative samples to Results/exp-A_videomae_subj2_split1.0_2026-05-31_20-34-18
2026-05-31 20:36:35,736 [INFO] Saved last model to Data/models/exp-A_videomae_subj2_split1.0/model_last.pth
2026-05-31 20:36:35,988 [INFO] Saved new best model to Data/models/exp-A_videomae_subj2_split1.0/model_best.pth
2026-05-31 20:38:44,014 [INFO] Epoch 1 | Train Loss: 0.6975 | Val Loss: 0.0000 | Acc: 0.4792 | F1: 0.0000 | P: 0.0000 | R: 0.0000
2026-05-31 20:38:45,303 [INFO] Saved last model to Data/models/exp-A_videomae_subj2_split1.0/model_last.pth
2026-05-31 20:40:57,800 [INFO] Epoch 2 | Train Loss: 0.6995 | Val Loss: 0.0000 | Acc: 0.4792 | F1: 0.0000 | P: 0.0000 | R: 0.0000
2026-05-31 20:41:24,973 [INFO] Saved last model to Data/models/exp-A_videomae_subj2_split1.0/model_last.pth
2026-05-31 20:43:39,452 [INFO] Epoch 3 | Train Loss: 0.6929 | Val Loss: 0.0000 | Acc: 0.4583 | F1: 0.0000 | P: 0.0000 | R: 0.0000
2026-05-31 20:43:40,784 [INFO] Saved last model to Data/models/exp-A_videomae_subj2_split1.0/model_last.pth
2026-05-31 20:45:52,654 [INFO] Epoch 4 | Train Loss: 0.6995 | Val Loss: 0.0000 | Acc: 0.4792 | F1: 0.0000 | P: 0.0000 | R: 0.0000
2026-05-31 20:45:53,983 [INFO] Saved last model to Data/models/exp-A_videomae_subj2_split1.0/model_last.pth
2026-05-31 20:45:53,983 [INFO] Unfreezing backbone for end-to-end training.
2026-05-31 20:48:03,054 [INFO] Epoch 5 | Train Loss: 0.6933 | Val Loss: 0.0000 | Acc: 0.4792 | F1: 0.0000 | P: 0.0000 | R: 0.0000
2026-05-31 20:48:32,041 [INFO] Saved last model to Data/models/exp-A_videomae_subj2_split1.0/model_last.pth
2026-05-31 20:50:50,600 [INFO] Epoch 6 | Train Loss: 0.6941 | Val Loss: 0.0000 | Acc: 0.4792 | F1: 0.0000 | P: 0.0000 | R: 0.0000
2026-05-31 20:51:19,860 [INFO] Saved last model to Data/models/exp-A_videomae_subj2_split1.0/model_last.pth
2026-05-31 20:53:34,365 [INFO] Epoch 7 | Train Loss: 0.6890 | Val Loss: 0.0000 | Acc: 0.5417 | F1: 0.2667 | P: 0.8000 | R: 0.1600
2026-05-31 20:53:34,564 [INFO] Saved confusion matrix and qualitative samples to Results/exp-A_videomae_subj2_split1.0_2026-05-31_20-34-18
2026-05-31 20:54:02,607 [INFO] Saved last model to Data/models/exp-A_videomae_subj2_split1.0/model_last.pth
2026-05-31 20:54:30,338 [INFO] Saved new best model to Data/models/exp-A_videomae_subj2_split1.0/model_best.pth
2026-05-31 20:56:38,259 [INFO] Epoch 8 | Train Loss: 0.6822 | Val Loss: 0.0000 | Acc: 0.4792 | F1: 0.0000 | P: 0.0000 | R: 0.0000
2026-05-31 20:57:32,360 [INFO] Saved last model to Data/models/exp-A_videomae_subj2_split1.0/model_last.pth
2026-05-31 20:59:38,357 [INFO] Epoch 9 | Train Loss: 0.6857 | Val Loss: 0.0000 | Acc: 0.5833 | F1: 0.3333 | P: 1.0000 | R: 0.2000
2026-05-31 20:59:38,539 [INFO] Saved confusion matrix and qualitative samples to Results/exp-A_videomae_subj2_split1.0_2026-05-31_20-34-18
2026-05-31 21:00:06,436 [INFO] Saved last model to Data/models/exp-A_videomae_subj2_split1.0/model_last.pth
2026-05-31 21:00:34,606 [INFO] Saved new best model to Data/models/exp-A_videomae_subj2_split1.0/model_best.pth
2026-05-31 21:02:43,648 [INFO] Epoch 10 | Train Loss: 0.6712 | Val Loss: 0.0000 | Acc: 0.4792 | F1: 0.0000 | P: 0.0000 | R: 0.0000
2026-05-31 21:03:11,521 [INFO] Saved last model to Data/models/exp-A_videomae_subj2_split1.0/model_last.pth
2026-05-31 21:05:18,656 [INFO] Epoch 11 | Train Loss: 0.6872 | Val Loss: 0.0000 | Acc: 0.4792 | F1: 0.0000 | P: 0.0000 | R: 0.0000
2026-05-31 21:05:46,511 [INFO] Saved last model to Data/models/exp-A_videomae_subj2_split1.0/model_last.pth
2026-05-31 21:07:52,507 [INFO] Epoch 12 | Train Loss: 0.6831 | Val Loss: 0.0000 | Acc: 0.4792 | F1: 0.0000 | P: 0.0000 | R: 0.0000
2026-05-31 21:08:24,650 [INFO] Saved last model to Data/models/exp-A_videomae_subj2_split1.0/model_last.pth
2026-05-31 21:10:32,094 [INFO] Epoch 13 | Train Loss: 0.6783 | Val Loss: 0.0000 | Acc: 0.5417 | F1: 0.2143 | P: 1.0000 | R: 0.1200
2026-05-31 21:10:50,696 [INFO] Saved last model to Data/models/exp-A_videomae_subj2_split1.0/model_last.pth
2026-05-31 21:13:04,120 [INFO] Epoch 14 | Train Loss: 0.6773 | Val Loss: 0.0000 | Acc: 0.5833 | F1: 0.3333 | P: 1.0000 | R: 0.2000
2026-05-31 21:13:04,307 [INFO] Saved confusion matrix and qualitative samples to Results/exp-A_videomae_subj2_split1.0_2026-05-31_20-34-18
2026-05-31 21:13:12,614 [INFO] Saved last model to Data/models/exp-A_videomae_subj2_split1.0/model_last.pth
2026-05-31 21:13:34,887 [INFO] Saved new best model to Data/models/exp-A_videomae_subj2_split1.0/model_best.pth
2026-05-31 21:15:45,383 [INFO] Epoch 15 | Train Loss: 0.6669 | Val Loss: 0.0000 | Acc: 0.5208 | F1: 0.1481 | P: 1.0000 | R: 0.0800
2026-05-31 21:16:39,568 [INFO] Saved last model to Data/models/exp-A_videomae_subj2_split1.0/model_last.pth
2026-05-31 21:18:50,849 [INFO] Epoch 16 | Train Loss: 0.6702 | Val Loss: 0.0000 | Acc: 0.5833 | F1: 0.3333 | P: 1.0000 | R: 0.2000
2026-05-31 21:18:51,045 [INFO] Saved confusion matrix and qualitative samples to Results/exp-A_videomae_subj2_split1.0_2026-05-31_20-34-18
2026-05-31 21:19:18,804 [INFO] Saved last model to Data/models/exp-A_videomae_subj2_split1.0/model_last.pth
2026-05-31 21:19:46,509 [INFO] Saved new best model to Data/models/exp-A_videomae_subj2_split1.0/model_best.pth
2026-05-31 21:21:54,080 [INFO] Epoch 17 | Train Loss: 0.6703 | Val Loss: 0.0000 | Acc: 0.6042 | F1: 0.3871 | P: 1.0000 | R: 0.2400
2026-05-31 21:21:54,269 [INFO] Saved confusion matrix and qualitative samples to Results/exp-A_videomae_subj2_split1.0_2026-05-31_20-34-18
2026-05-31 21:22:22,065 [INFO] Saved last model to Data/models/exp-A_videomae_subj2_split1.0/model_last.pth
2026-05-31 21:23:15,383 [INFO] Saved new best model to Data/models/exp-A_videomae_subj2_split1.0/model_best.pth
2026-05-31 21:25:22,753 [INFO] Epoch 18 | Train Loss: 0.6669 | Val Loss: 0.0000 | Acc: 0.5833 | F1: 0.3333 | P: 1.0000 | R: 0.2000
2026-05-31 21:25:50,673 [INFO] Saved last model to Data/models/exp-A_videomae_subj2_split1.0/model_last.pth
2026-05-31 21:27:58,065 [INFO] Epoch 19 | Train Loss: 0.6597 | Val Loss: 0.0000 | Acc: 0.6042 | F1: 0.3871 | P: 1.0000 | R: 0.2400
2026-05-31 21:27:58,261 [INFO] Saved confusion matrix and qualitative samples to Results/exp-A_videomae_subj2_split1.0_2026-05-31_20-34-18
2026-05-31 21:28:26,033 [INFO] Saved last model to Data/models/exp-A_videomae_subj2_split1.0/model_last.pth
2026-05-31 21:28:54,347 [INFO] Saved new best model to Data/models/exp-A_videomae_subj2_split1.0/model_best.pth
2026-05-31 21:28:54,348 [INFO] Finished Subj 2 with Best F1: 0.3871
2026-05-31 21:28:54,348 [INFO] Initialized Experiment Logger for: exp-A_videomae_subj3_split1.0
2026-05-31 21:28:54,348 [INFO] Hyperparameters saved to Results/exp-A_videomae_subj3_split1.0_2026-05-31_21-28-54/hyperparams.json
2026-05-31 21:28:54,348 [INFO] --- Fold for Test Subject 3 ---
2026-05-31 21:28:55,166 [INFO] Loaded pretrained weights from Data/models/exp-A-rgb-baseline_videomae/model_last.pth
2026-05-31 21:28:55,242 [INFO] Freezing backbone for 5 epochs.
2026-05-31 21:31:12,671 [INFO] Epoch 0 | Train Loss: 0.7152 | Val Loss: 0.0000 | Acc: 0.4884 | F1: 0.6562 | P: 0.4884 | R: 1.0000
2026-05-31 21:31:12,861 [INFO] Saved confusion matrix and qualitative samples to Results/exp-A_videomae_subj3_split1.0_2026-05-31_21-28-54
2026-05-31 21:31:13,114 [INFO] Saved last model to Data/models/exp-A_videomae_subj3_split1.0/model_last.pth
2026-05-31 21:31:13,364 [INFO] Saved new best model to Data/models/exp-A_videomae_subj3_split1.0/model_best.pth
2026-05-31 21:33:27,361 [INFO] Epoch 1 | Train Loss: 0.6932 | Val Loss: 0.0000 | Acc: 0.5116 | F1: 0.0000 | P: 0.0000 | R: 0.0000
2026-05-31 21:33:53,267 [INFO] Saved last model to Data/models/exp-A_videomae_subj3_split1.0/model_last.pth
2026-05-31 21:36:05,386 [INFO] Epoch 2 | Train Loss: 0.6838 | Val Loss: 0.0000 | Acc: 0.4884 | F1: 0.0000 | P: 0.0000 | R: 0.0000
2026-05-31 21:36:06,702 [INFO] Saved last model to Data/models/exp-A_videomae_subj3_split1.0/model_last.pth
2026-05-31 21:38:21,306 [INFO] Epoch 3 | Train Loss: 0.7007 | Val Loss: 0.0000 | Acc: 0.4884 | F1: 0.0000 | P: 0.0000 | R: 0.0000
2026-05-31 21:38:22,615 [INFO] Saved last model to Data/models/exp-A_videomae_subj3_split1.0/model_last.pth
2026-05-31 21:40:33,597 [INFO] Epoch 4 | Train Loss: 0.6861 | Val Loss: 0.0000 | Acc: 0.4884 | F1: 0.6333 | P: 0.4872 | R: 0.9048
2026-05-31 21:41:06,585 [INFO] Saved last model to Data/models/exp-A_videomae_subj3_split1.0/model_last.pth
2026-05-31 21:41:06,585 [INFO] Unfreezing backbone for end-to-end training.
2026-05-31 21:43:19,591 [INFO] Epoch 5 | Train Loss: 0.6910 | Val Loss: 0.0000 | Acc: 0.5814 | F1: 0.6087 | P: 0.5600 | R: 0.6667
2026-05-31 21:43:38,209 [INFO] Saved last model to Data/models/exp-A_videomae_subj3_split1.0/model_last.pth
2026-05-31 21:45:52,615 [INFO] Epoch 6 | Train Loss: 0.6829 | Val Loss: 0.0000 | Acc: 0.5349 | F1: 0.6667 | P: 0.5128 | R: 0.9524
2026-05-31 21:45:52,814 [INFO] Saved confusion matrix and qualitative samples to Results/exp-A_videomae_subj3_split1.0_2026-05-31_21-28-54
2026-05-31 21:46:07,141 [INFO] Saved last model to Data/models/exp-A_videomae_subj3_split1.0/model_last.pth
2026-05-31 21:46:23,371 [INFO] Saved new best model to Data/models/exp-A_videomae_subj3_split1.0/model_best.pth
2026-05-31 21:48:34,014 [INFO] Epoch 7 | Train Loss: 0.6909 | Val Loss: 0.0000 | Acc: 0.6744 | F1: 0.6818 | P: 0.6522 | R: 0.7143
2026-05-31 21:48:34,213 [INFO] Saved confusion matrix and qualitative samples to Results/exp-A_videomae_subj3_split1.0_2026-05-31_21-28-54
2026-05-31 21:48:38,307 [INFO] Saved last model to Data/models/exp-A_videomae_subj3_split1.0/model_last.pth
2026-05-31 21:49:31,579 [INFO] Saved new best model to Data/models/exp-A_videomae_subj3_split1.0/model_best.pth
2026-05-31 21:51:43,965 [INFO] Epoch 8 | Train Loss: 0.6879 | Val Loss: 0.0000 | Acc: 0.6744 | F1: 0.7083 | P: 0.6296 | R: 0.8095
2026-05-31 21:51:44,166 [INFO] Saved confusion matrix and qualitative samples to Results/exp-A_videomae_subj3_split1.0_2026-05-31_21-28-54
2026-05-31 21:52:12,053 [INFO] Saved last model to Data/models/exp-A_videomae_subj3_split1.0/model_last.pth
2026-05-31 21:52:39,762 [INFO] Saved new best model to Data/models/exp-A_videomae_subj3_split1.0/model_best.pth
2026-05-31 21:54:48,640 [INFO] Epoch 9 | Train Loss: 0.6886 | Val Loss: 0.0000 | Acc: 0.6047 | F1: 0.6792 | P: 0.5625 | R: 0.8571
2026-05-31 21:55:16,478 [INFO] Saved last model to Data/models/exp-A_videomae_subj3_split1.0/model_last.pth
2026-05-31 21:57:27,896 [INFO] Epoch 10 | Train Loss: 0.6859 | Val Loss: 0.0000 | Acc: 0.6512 | F1: 0.7170 | P: 0.5938 | R: 0.9048
2026-05-31 21:57:28,087 [INFO] Saved confusion matrix and qualitative samples to Results/exp-A_videomae_subj3_split1.0_2026-05-31_21-28-54
2026-05-31 21:58:21,711 [INFO] Saved last model to Data/models/exp-A_videomae_subj3_split1.0/model_last.pth
2026-05-31 21:58:49,390 [INFO] Saved new best model to Data/models/exp-A_videomae_subj3_split1.0/model_best.pth
2026-05-31 22:01:05,303 [INFO] Epoch 11 | Train Loss: 0.6833 | Val Loss: 0.0000 | Acc: 0.6512 | F1: 0.7170 | P: 0.5938 | R: 0.9048
2026-05-31 22:01:05,504 [INFO] Saved confusion matrix and qualitative samples to Results/exp-A_videomae_subj3_split1.0_2026-05-31_21-28-54
2026-05-31 22:01:33,850 [INFO] Saved last model to Data/models/exp-A_videomae_subj3_split1.0/model_last.pth
2026-05-31 22:02:00,076 [INFO] Saved new best model to Data/models/exp-A_videomae_subj3_split1.0/model_best.pth
2026-05-31 22:04:11,885 [INFO] Epoch 12 | Train Loss: 0.6504 | Val Loss: 0.0000 | Acc: 0.6279 | F1: 0.6923 | P: 0.5806 | R: 0.8571
2026-05-31 22:04:26,576 [INFO] Saved last model to Data/models/exp-A_videomae_subj3_split1.0/model_last.pth
2026-05-31 22:06:42,876 [INFO] Epoch 13 | Train Loss: 0.6567 | Val Loss: 0.0000 | Acc: 0.6744 | F1: 0.7083 | P: 0.6296 | R: 0.8095
2026-05-31 22:06:54,067 [INFO] Saved last model to Data/models/exp-A_videomae_subj3_split1.0/model_last.pth
2026-05-31 22:09:15,737 [INFO] Epoch 14 | Train Loss: 0.6535 | Val Loss: 0.0000 | Acc: 0.6279 | F1: 0.7037 | P: 0.5758 | R: 0.9048
2026-05-31 22:09:20,051 [INFO] Saved last model to Data/models/exp-A_videomae_subj3_split1.0/model_last.pth
2026-05-31 22:11:36,077 [INFO] Epoch 15 | Train Loss: 0.6421 | Val Loss: 0.0000 | Acc: 0.6512 | F1: 0.7170 | P: 0.5938 | R: 0.9048
2026-05-31 22:11:36,284 [INFO] Saved confusion matrix and qualitative samples to Results/exp-A_videomae_subj3_split1.0_2026-05-31_21-28-54
2026-05-31 22:11:39,822 [INFO] Saved last model to Data/models/exp-A_videomae_subj3_split1.0/model_last.pth
2026-05-31 22:12:33,960 [INFO] Saved new best model to Data/models/exp-A_videomae_subj3_split1.0/model_best.pth
2026-05-31 22:14:47,348 [INFO] Epoch 16 | Train Loss: 0.6367 | Val Loss: 0.0000 | Acc: 0.7442 | F1: 0.7442 | P: 0.7273 | R: 0.7619
2026-05-31 22:14:47,540 [INFO] Saved confusion matrix and qualitative samples to Results/exp-A_videomae_subj3_split1.0_2026-05-31_21-28-54
2026-05-31 22:15:15,644 [INFO] Saved last model to Data/models/exp-A_videomae_subj3_split1.0/model_last.pth
2026-05-31 22:15:43,324 [INFO] Saved new best model to Data/models/exp-A_videomae_subj3_split1.0/model_best.pth
2026-05-31 22:17:58,655 [INFO] Epoch 17 | Train Loss: 0.6071 | Val Loss: 0.0000 | Acc: 0.6977 | F1: 0.7234 | P: 0.6538 | R: 0.8095
2026-05-31 22:18:51,971 [INFO] Saved last model to Data/models/exp-A_videomae_subj3_split1.0/model_last.pth
2026-05-31 22:21:02,756 [INFO] Epoch 18 | Train Loss: 0.6045 | Val Loss: 0.0000 | Acc: 0.5814 | F1: 0.6786 | P: 0.5429 | R: 0.9048
2026-05-31 22:21:30,649 [INFO] Saved last model to Data/models/exp-A_videomae_subj3_split1.0/model_last.pth
2026-05-31 22:23:39,407 [INFO] Epoch 19 | Train Loss: 0.5874 | Val Loss: 0.0000 | Acc: 0.6279 | F1: 0.7037 | P: 0.5758 | R: 0.9048
2026-05-31 22:24:07,844 [INFO] Saved last model to Data/models/exp-A_videomae_subj3_split1.0/model_last.pth
2026-05-31 22:24:07,844 [INFO] Finished Subj 3 with Best F1: 0.7442
2026-05-31 22:24:07,844 [INFO] Initialized Experiment Logger for: exp-A_videomae_subj4_split1.0
2026-05-31 22:24:07,845 [INFO] Hyperparameters saved to Results/exp-A_videomae_subj4_split1.0_2026-05-31_22-24-07/hyperparams.json
2026-05-31 22:24:07,845 [INFO] --- Fold for Test Subject 4 ---
2026-05-31 22:24:08,690 [INFO] Loaded pretrained weights from Data/models/exp-A-rgb-baseline_videomae/model_last.pth
2026-05-31 22:24:08,766 [INFO] Freezing backbone for 5 epochs.
2026-05-31 22:26:21,959 [INFO] Epoch 0 | Train Loss: 0.7003 | Val Loss: 0.0000 | Acc: 0.4865 | F1: 0.6415 | P: 0.4722 | R: 1.0000
2026-05-31 22:26:22,151 [INFO] Saved confusion matrix and qualitative samples to Results/exp-A_videomae_subj4_split1.0_2026-05-31_22-24-07
2026-05-31 22:26:22,403 [INFO] Saved last model to Data/models/exp-A_videomae_subj4_split1.0/model_last.pth
2026-05-31 22:26:22,651 [INFO] Saved new best model to Data/models/exp-A_videomae_subj4_split1.0/model_best.pth
2026-05-31 22:28:38,427 [INFO] Epoch 1 | Train Loss: 0.7052 | Val Loss: 0.0000 | Acc: 0.6486 | F1: 0.3810 | P: 1.0000 | R: 0.2353
2026-05-31 22:28:47,303 [INFO] Saved last model to Data/models/exp-A_videomae_subj4_split1.0/model_last.pth
2026-05-31 22:31:01,762 [INFO] Epoch 2 | Train Loss: 0.6933 | Val Loss: 0.0000 | Acc: 0.5405 | F1: 0.0000 | P: 0.0000 | R: 0.0000
2026-05-31 22:31:03,057 [INFO] Saved last model to Data/models/exp-A_videomae_subj4_split1.0/model_last.pth
2026-05-31 22:33:20,428 [INFO] Epoch 3 | Train Loss: 0.6938 | Val Loss: 0.0000 | Acc: 0.7027 | F1: 0.7027 | P: 0.6500 | R: 0.7647
2026-05-31 22:33:20,627 [INFO] Saved confusion matrix and qualitative samples to Results/exp-A_videomae_subj4_split1.0_2026-05-31_22-24-07
2026-05-31 22:33:30,585 [INFO] Saved last model to Data/models/exp-A_videomae_subj4_split1.0/model_last.pth
2026-05-31 22:33:46,995 [INFO] Saved new best model to Data/models/exp-A_videomae_subj4_split1.0/model_best.pth
2026-05-31 22:36:03,481 [INFO] Epoch 4 | Train Loss: 0.6960 | Val Loss: 0.0000 | Acc: 0.5676 | F1: 0.6667 | P: 0.5161 | R: 0.9412
2026-05-31 22:36:04,813 [INFO] Saved last model to Data/models/exp-A_videomae_subj4_split1.0/model_last.pth
2026-05-31 22:36:04,813 [INFO] Unfreezing backbone for end-to-end training.
2026-05-31 22:38:16,267 [INFO] Epoch 5 | Train Loss: 0.6936 | Val Loss: 0.0000 | Acc: 0.6216 | F1: 0.6316 | P: 0.5714 | R: 0.7059
2026-05-31 22:39:10,452 [INFO] Saved last model to Data/models/exp-A_videomae_subj4_split1.0/model_last.pth
2026-05-31 22:41:25,307 [INFO] Epoch 6 | Train Loss: 0.6907 | Val Loss: 0.0000 | Acc: 0.4324 | F1: 0.6038 | P: 0.4444 | R: 0.9412
2026-05-31 22:41:53,375 [INFO] Saved last model to Data/models/exp-A_videomae_subj4_split1.0/model_last.pth
2026-05-31 22:44:09,544 [INFO] Epoch 7 | Train Loss: 0.6850 | Val Loss: 0.0000 | Acc: 0.4324 | F1: 0.5714 | P: 0.4375 | R: 0.8235
2026-05-31 22:44:37,578 [INFO] Saved last model to Data/models/exp-A_videomae_subj4_split1.0/model_last.pth
2026-05-31 22:46:51,498 [INFO] Epoch 8 | Train Loss: 0.6751 | Val Loss: 0.0000 | Acc: 0.4595 | F1: 0.6296 | P: 0.4595 | R: 1.0000
2026-05-31 22:47:44,307 [INFO] Saved last model to Data/models/exp-A_videomae_subj4_split1.0/model_last.pth
2026-05-31 22:49:57,265 [INFO] Epoch 9 | Train Loss: 0.6815 | Val Loss: 0.0000 | Acc: 0.4324 | F1: 0.5882 | P: 0.4412 | R: 0.8824
2026-05-31 22:50:25,164 [INFO] Saved last model to Data/models/exp-A_videomae_subj4_split1.0/model_last.pth
2026-05-31 22:52:39,890 [INFO] Epoch 10 | Train Loss: 0.6705 | Val Loss: 0.0000 | Acc: 0.4865 | F1: 0.5366 | P: 0.4583 | R: 0.6471
2026-05-31 22:53:24,709 [INFO] Saved last model to Data/models/exp-A_videomae_subj4_split1.0/model_last.pth
2026-05-31 22:55:39,398 [INFO] Epoch 11 | Train Loss: 0.6714 | Val Loss: 0.0000 | Acc: 0.4324 | F1: 0.5882 | P: 0.4412 | R: 0.8824
2026-05-31 22:56:07,865 [INFO] Saved last model to Data/models/exp-A_videomae_subj4_split1.0/model_last.pth
2026-05-31 22:58:23,291 [INFO] Epoch 12 | Train Loss: 0.6665 | Val Loss: 0.0000 | Acc: 0.4054 | F1: 0.5417 | P: 0.4194 | R: 0.7647
2026-05-31 22:58:46,066 [INFO] Saved last model to Data/models/exp-A_videomae_subj4_split1.0/model_last.pth
2026-05-31 23:01:07,186 [INFO] Epoch 13 | Train Loss: 0.6667 | Val Loss: 0.0000 | Acc: 0.4054 | F1: 0.5600 | P: 0.4242 | R: 0.8235
2026-05-31 23:01:18,444 [INFO] Saved last model to Data/models/exp-A_videomae_subj4_split1.0/model_last.pth
2026-05-31 23:03:33,049 [INFO] Epoch 14 | Train Loss: 0.6524 | Val Loss: 0.0000 | Acc: 0.4054 | F1: 0.5769 | P: 0.4286 | R: 0.8824
2026-05-31 23:03:36,591 [INFO] Saved last model to Data/models/exp-A_videomae_subj4_split1.0/model_last.pth
2026-05-31 23:05:47,956 [INFO] Epoch 15 | Train Loss: 0.6398 | Val Loss: 0.0000 | Acc: 0.4054 | F1: 0.5600 | P: 0.4242 | R: 0.8235
2026-05-31 23:06:41,333 [INFO] Saved last model to Data/models/exp-A_videomae_subj4_split1.0/model_last.pth
2026-05-31 23:08:57,858 [INFO] Epoch 16 | Train Loss: 0.6274 | Val Loss: 0.0000 | Acc: 0.4054 | F1: 0.5600 | P: 0.4242 | R: 0.8235
2026-05-31 23:09:25,811 [INFO] Saved last model to Data/models/exp-A_videomae_subj4_split1.0/model_last.pth
2026-05-31 23:11:43,370 [INFO] Epoch 17 | Train Loss: 0.6179 | Val Loss: 0.0000 | Acc: 0.4054 | F1: 0.5600 | P: 0.4242 | R: 0.8235
2026-05-31 23:12:11,945 [INFO] Saved last model to Data/models/exp-A_videomae_subj4_split1.0/model_last.pth
2026-05-31 23:14:26,006 [INFO] Epoch 18 | Train Loss: 0.6145 | Val Loss: 0.0000 | Acc: 0.4054 | F1: 0.5600 | P: 0.4242 | R: 0.8235
2026-05-31 23:15:19,344 [INFO] Saved last model to Data/models/exp-A_videomae_subj4_split1.0/model_last.pth
2026-05-31 23:17:31,912 [INFO] Epoch 19 | Train Loss: 0.6008 | Val Loss: 0.0000 | Acc: 0.4054 | F1: 0.5600 | P: 0.4242 | R: 0.8235
2026-05-31 23:17:59,885 [INFO] Saved last model to Data/models/exp-A_videomae_subj4_split1.0/model_last.pth
2026-05-31 23:17:59,885 [INFO] Finished Subj 4 with Best F1: 0.7027
