2026-06-15 05:02:19,629 [INFO] Initialized Experiment Logger for: sth_mae_pretrain_0.5
2026-06-15 05:02:19,629 [INFO] Hyperparameters saved to Results/sth_mae_pretrain_0.5_2026-06-15_05-02-19/hyperparams.json
2026-06-15 05:02:20,888 [INFO] Starting training loop...
2026-06-15 05:39:04,959 [INFO] Epoch 0 | Train Loss: 0.0840
2026-06-15 05:39:05,852 [INFO] Saved last model to Data/models/sth_mae_pretrain_0.5/model_last.pth
2026-06-15 05:39:06,752 [INFO] Saved new best model to Data/models/sth_mae_pretrain_0.5/model_best.pth
2026-06-15 06:15:09,985 [INFO] Epoch 1 | Train Loss: 0.0820
2026-06-15 06:15:38,806 [INFO] Saved last model to Data/models/sth_mae_pretrain_0.5/model_last.pth
2026-06-15 06:16:32,807 [INFO] Saved new best model to Data/models/sth_mae_pretrain_0.5/model_best.pth
2026-06-15 06:52:40,168 [INFO] Epoch 2 | Train Loss: 0.0819
2026-06-15 06:53:08,771 [INFO] Saved last model to Data/models/sth_mae_pretrain_0.5/model_last.pth
2026-06-15 06:53:46,551 [INFO] Saved new best model to Data/models/sth_mae_pretrain_0.5/model_best.pth
2026-06-15 07:29:55,951 [INFO] Epoch 3 | Train Loss: 0.0818
2026-06-15 07:30:24,564 [INFO] Saved last model to Data/models/sth_mae_pretrain_0.5/model_last.pth
2026-06-15 07:31:18,833 [INFO] Saved new best model to Data/models/sth_mae_pretrain_0.5/model_best.pth
2026-06-15 08:07:27,887 [INFO] Epoch 4 | Train Loss: 0.0818
2026-06-15 08:07:56,495 [INFO] Saved last model to Data/models/sth_mae_pretrain_0.5/model_last.pth
2026-06-15 08:08:25,065 [INFO] Saved new best model to Data/models/sth_mae_pretrain_0.5/model_best.pth
2026-06-15 08:44:40,565 [INFO] Epoch 5 | Train Loss: 0.0818
2026-06-15 08:45:09,229 [INFO] Saved last model to Data/models/sth_mae_pretrain_0.5/model_last.pth
2026-06-15 08:46:07,423 [INFO] Saved new best model to Data/models/sth_mae_pretrain_0.5/model_best.pth
2026-06-15 09:22:33,042 [INFO] Epoch 6 | Train Loss: 0.0818
2026-06-15 09:23:02,377 [INFO] Saved last model to Data/models/sth_mae_pretrain_0.5/model_last.pth
2026-06-15 09:23:56,479 [INFO] Saved new best model to Data/models/sth_mae_pretrain_0.5/model_best.pth
2026-06-15 10:00:20,649 [INFO] Epoch 7 | Train Loss: 0.0817
2026-06-15 10:00:49,341 [INFO] Saved last model to Data/models/sth_mae_pretrain_0.5/model_last.pth
2026-06-15 10:01:18,030 [INFO] Saved new best model to Data/models/sth_mae_pretrain_0.5/model_best.pth
2026-06-15 10:37:43,319 [INFO] Epoch 8 | Train Loss: 0.0817
2026-06-15 10:38:12,029 [INFO] Saved last model to Data/models/sth_mae_pretrain_0.5/model_last.pth
2026-06-15 10:39:12,219 [INFO] Saved new best model to Data/models/sth_mae_pretrain_0.5/model_best.pth
2026-06-15 11:15:36,808 [INFO] Epoch 9 | Train Loss: 0.0817
2026-06-15 11:16:05,972 [INFO] Saved last model to Data/models/sth_mae_pretrain_0.5/model_last.pth
2026-06-15 11:16:59,868 [INFO] Saved new best model to Data/models/sth_mae_pretrain_0.5/model_best.pth
2026-06-15 11:53:25,446 [INFO] Epoch 10 | Train Loss: 0.0817
2026-06-15 11:53:54,162 [INFO] Saved last model to Data/models/sth_mae_pretrain_0.5/model_last.pth
2026-06-15 11:54:22,765 [INFO] Saved new best model to Data/models/sth_mae_pretrain_0.5/model_best.pth
2026-06-15 12:30:52,581 [INFO] Epoch 11 | Train Loss: 0.0817
2026-06-15 12:31:21,369 [INFO] Saved last model to Data/models/sth_mae_pretrain_0.5/model_last.pth
2026-06-15 13:07:49,738 [INFO] Epoch 12 | Train Loss: 0.0817
2026-06-15 13:08:49,266 [INFO] Saved last model to Data/models/sth_mae_pretrain_0.5/model_last.pth
2026-06-15 13:45:18,155 [INFO] Epoch 13 | Train Loss: 0.0817
2026-06-15 13:45:46,843 [INFO] Saved last model to Data/models/sth_mae_pretrain_0.5/model_last.pth
2026-06-15 14:22:19,475 [INFO] Epoch 14 | Train Loss: 0.0817
2026-06-15 14:23:14,188 [INFO] Saved last model to Data/models/sth_mae_pretrain_0.5/model_last.pth
2026-06-15 14:23:42,758 [INFO] Saved new best model to Data/models/sth_mae_pretrain_0.5/model_best.pth
2026-06-15 15:00:14,697 [INFO] Epoch 15 | Train Loss: 0.0817
2026-06-15 15:00:43,402 [INFO] Saved last model to Data/models/sth_mae_pretrain_0.5/model_last.pth
2026-06-15 15:01:37,704 [INFO] Saved new best model to Data/models/sth_mae_pretrain_0.5/model_best.pth
2026-06-15 15:37:56,177 [INFO] Epoch 16 | Train Loss: 0.0817
2026-06-15 15:38:24,917 [INFO] Saved last model to Data/models/sth_mae_pretrain_0.5/model_last.pth
2026-06-15 16:14:49,123 [INFO] Epoch 17 | Train Loss: 0.0817
2026-06-15 16:15:16,674 [INFO] Saved last model to Data/models/sth_mae_pretrain_0.5/model_last.pth
2026-06-15 16:51:43,631 [INFO] Epoch 18 | Train Loss: 0.0817
2026-06-15 16:52:12,338 [INFO] Saved last model to Data/models/sth_mae_pretrain_0.5/model_last.pth
2026-06-15 17:28:39,994 [INFO] Epoch 19 | Train Loss: 0.0817
2026-06-15 17:29:08,565 [INFO] Saved last model to Data/models/sth_mae_pretrain_0.5/model_last.pth
2026-06-15 18:05:34,088 [INFO] Epoch 20 | Train Loss: 0.0817
2026-06-15 18:06:02,790 [INFO] Saved last model to Data/models/sth_mae_pretrain_0.5/model_last.pth
2026-06-15 18:42:30,188 [INFO] Epoch 21 | Train Loss: 0.0817
2026-06-15 18:42:58,855 [INFO] Saved last model to Data/models/sth_mae_pretrain_0.5/model_last.pth
